/usr/local/lib/python3.10/dist-packages/torch/cuda/__init__.py:61: FutureWarning: The pynvml package is deprecated. Please install nvidia-ml-py instead. If you did not install pynvml directly, please report this to the maintainers of the package that installed pynvml for you.
  import pynvml  # type: ignore[import]
2026-03-21 08:09:09,170 INFO compress_full_ablation: Loading model on GPU 0...
Sliding Window Attention is enabled but not implemented for `sdpa`; unexpected results may be encountered.
Loading checkpoint shards:   0%|          | 0/17 [00:00<?, ?it/s]Loading checkpoint shards:   6%|▌         | 1/17 [00:01<00:28,  1.78s/it]Loading checkpoint shards:  12%|█▏        | 2/17 [00:02<00:16,  1.12s/it]Loading checkpoint shards:  18%|█▊        | 3/17 [00:03<00:12,  1.12it/s]Loading checkpoint shards:  24%|██▎       | 4/17 [00:03<00:10,  1.27it/s]Loading checkpoint shards:  29%|██▉       | 5/17 [00:04<00:08,  1.37it/s]Loading checkpoint shards:  35%|███▌      | 6/17 [00:04<00:07,  1.46it/s]Loading checkpoint shards:  41%|████      | 7/17 [00:05<00:06,  1.54it/s]Loading checkpoint shards:  47%|████▋     | 8/17 [00:06<00:06,  1.46it/s]Loading checkpoint shards:  53%|█████▎    | 9/17 [00:06<00:05,  1.45it/s]Loading checkpoint shards:  59%|█████▉    | 10/17 [00:07<00:04,  1.40it/s]Loading checkpoint shards:  65%|██████▍   | 11/17 [00:08<00:04,  1.40it/s]Loading checkpoint shards:  71%|███████   | 12/17 [00:09<00:03,  1.38it/s]Loading checkpoint shards:  76%|███████▋  | 13/17 [00:09<00:02,  1.37it/s]Loading checkpoint shards:  82%|████████▏ | 14/17 [00:10<00:02,  1.39it/s]Loading checkpoint shards:  88%|████████▊ | 15/17 [00:11<00:01,  1.40it/s]Loading checkpoint shards:  94%|█████████▍| 16/17 [00:12<00:00,  1.26it/s]Loading checkpoint shards: 100%|██████████| 17/17 [00:12<00:00,  1.39it/s]Loading checkpoint shards: 100%|██████████| 17/17 [00:12<00:00,  1.32it/s]
2026-03-21 08:09:25,041 INFO compress_full_ablation: Model loaded. hidden_dim=5120
2026-03-21 08:09:25,042 INFO compress_full_ablation: ============================================================
2026-03-21 08:09:25,042 INFO compress_full_ablation: Dataset: alpaca
2026-03-21 08:09:25,917 INFO compress_full_ablation: Warmup: 2 requests...
2026-03-21 08:09:26,660 INFO compress_full_ablation: Warmup done. Table: 133 bi
2026-03-21 08:09:26,660 INFO compress_full_ablation: Test: 2 requests...
2026-03-21 08:09:32,508 INFO compress_full_ablation: Saved 82 request records

==============================================================================================================
FULL COMPRESSION RERUN WITH ABLATIONS
==============================================================================================================

Strategy                        Ratio       Cos      RawE   AffineE    ReconE   ResGain   ResLoss
--------------------------------------------------------------------------------------------------------------
ablate_prev_raw_ref          143.699x  0.202520 -2.685343  0.054824 -2.600281 -2.729687  3.600281
ablate_prev_affine_only      132.902x  0.204123 -2.685343  0.054824  0.081769  0.010471  0.918231
prev_int2_k4                   5.126x  0.919179 -2.685343  0.054824  0.853192  0.795741  0.146808
prev_int2_k8                   4.158x  0.931073 -2.685343  0.054824  0.883058  0.826140  0.116942
ablate_prev_affine_int4_k0     3.693x  0.978827 -2.685343  0.054824  0.992500  0.937539  0.007500
prev_gs256_k2                  3.642x  0.978847 -2.685343  0.054824  0.992539  0.937579  0.007461
prev_int4_k1                   3.544x  0.979153 -2.685343  0.054824  0.993158  0.938209  0.006842
ablate_prev_affine_int4_k1     3.544x  0.979153 -2.685343  0.054824  0.993158  0.938209  0.006842
sparse_prev                    3.544x  0.979153 -2.685343  0.054824  0.993158  0.938209  0.006842
prev_int4_k2                   3.407x  0.979402 -2.685343  0.054824  0.993659  0.938719  0.006341
mean_pool                      3.407x  0.979421 -2.581101  0.044612  0.993698  0.948971  0.006302
hybrid_sparse_prev             3.407x  0.979402 -2.685343  0.054824  0.993659  0.938719  0.006341
ema_prev4_int4_k2              3.407x  0.979422 -2.200943  0.050351  0.993702  0.943236  0.006298
ablate_prev_affine_int4_k2     3.407x  0.979402 -2.685343  0.054824  0.993659  0.938719  0.006341
best_combined                  3.407x  0.979402 -2.685343  0.054824  0.993659  0.938719  0.006341
prev2_blend_int4_k2            3.357x  0.971910 -1.334142  0.064210  0.993858  0.929420  0.006142
unigram_int4_k4                3.205x  0.471488  0.126076  0.126433 -24.656421  0.366481 25.656421
prev_int4_k4                   3.162x  0.979783 -2.685343  0.054824  0.994430  0.939504  0.005570
unigram_int4_k8                2.791x  0.804036  0.126076  0.126433  0.445552  0.366481  0.554448
ablate_delta_raw_ref           1.923x  0.465630  0.126076  0.126433  0.989573 -0.000357  0.010427
ablate_delta_affine_only       1.923x  0.465632  0.126076  0.126433  0.989583  0.000000  0.010417
delta_top8_groups              1.920x  0.469484  0.126076  0.126433  0.994525  0.177893  0.005475
delta_sparse_thr_20            1.919x  0.469979  0.126076  0.126433  0.995315  0.206342  0.004685
delta_top16_groups             1.917x  0.470629  0.126076  0.126433  0.996405  0.245591  0.003595
int2_topk4                     1.914x  0.471659  0.126076  0.126433  0.997869  0.298287  0.002131
delta_top512_ch                1.913x  0.471899  0.126076  0.126433  0.998714  0.328699  0.001286
delta_int2_top8                1.911x  0.472142  0.126076  0.126433  0.999122  0.343394  0.000878
int2_topk8                     1.911x  0.472142  0.126076  0.126433  0.999122  0.343394  0.000878
sparse_010                     1.911x  0.472127  0.126076  0.126433  0.999150  0.344403  0.000850
combined                       1.911x  0.472127  0.126076  0.126433  0.999150  0.344403  0.000850
delta_sparse_thr_10            1.911x  0.472127  0.126076  0.126433  0.999150  0.344403  0.000850
ablate_delta_affine_int4_k0    1.909x  0.472313  0.126076  0.126433  0.999495  0.356814  0.000505
ablate_delta_affine_int4_k1    1.909x  0.472440  0.126076  0.126433  0.999763  0.366481  0.000237
adaptive_bw                    1.909x  0.472440  0.126076  0.126433  0.999763  0.366481  0.000237
baseline                       1.909x  0.472440  0.126076  0.126433  0.999763  0.366481  0.000237
linear_pred                    1.909x  0.472440  0.126076  0.126433  0.999763  0.366481  0.000237
delta_sparse_thr_05            1.909x  0.472440  0.126076  0.126433  0.999763  0.366481  0.000237
best_sparse                    1.909x  0.472440  0.126076  0.126433  0.999763  0.366481  0.000237
sparse_005                     1.909x  0.472440  0.126076  0.126433  0.999763  0.366481  0.000237
delta_struct2of8               1.904x  0.472161  0.126076  0.126433  0.999218  0.346863  0.000782
delta_top1024_ch               1.903x  0.472192  0.126076  0.126433  0.999279  0.349042  0.000721
