/usr/local/lib/python3.10/dist-packages/torch/cuda/__init__.py:61: FutureWarning: The pynvml package is deprecated. Please install nvidia-ml-py instead. If you did not install pynvml directly, please report this to the maintainers of the package that installed pynvml for you.
  import pynvml  # type: ignore[import]
Sliding Window Attention is enabled but not implemented for `sdpa`; unexpected results may be encountered.
Loading checkpoint shards:   0%|          | 0/8 [00:00<?, ?it/s]Loading checkpoint shards:  12%|█▎        | 1/8 [00:01<00:07,  1.10s/it]Loading checkpoint shards:  25%|██▌       | 2/8 [00:01<00:05,  1.07it/s]Loading checkpoint shards:  38%|███▊      | 3/8 [00:02<00:04,  1.14it/s]Loading checkpoint shards:  50%|█████     | 4/8 [00:03<00:03,  1.17it/s]Loading checkpoint shards:  62%|██████▎   | 5/8 [00:04<00:02,  1.22it/s]Loading checkpoint shards:  75%|███████▌  | 6/8 [00:05<00:01,  1.25it/s]Loading checkpoint shards:  88%|████████▊ | 7/8 [00:05<00:00,  1.26it/s]Loading checkpoint shards: 100%|██████████| 8/8 [00:06<00:00,  1.33it/s]Loading checkpoint shards: 100%|██████████| 8/8 [00:06<00:00,  1.23it/s]
2026-03-24 06:28:13,604 INFO ntp_loss_benchmark: Warmup 30 sequences for config=pure_int4
2026-03-24 06:28:15,500 INFO ntp_loss_benchmark: Warmup 10/30 table_trigrams=4667 table_bigrams=3862
2026-03-24 06:28:16,451 INFO ntp_loss_benchmark: Warmup 20/30 table_trigrams=9030 table_bigrams=7182
2026-03-24 06:28:17,560 INFO ntp_loss_benchmark: Warmup 30/30 table_trigrams=13416 table_bigrams=10398
2026-03-24 06:28:17,561 INFO ntp_loss_benchmark: Test 100 sequences for config=pure_int4 dataset=wikitext2
2026-03-24 06:29:07,811 INFO ntp_loss_benchmark: Config=pure_int4 progress=10/100 running_mean_ntp_loss=2.087283
2026-03-24 06:29:58,226 INFO ntp_loss_benchmark: Config=pure_int4 progress=20/100 running_mean_ntp_loss=2.220530
2026-03-24 06:30:48,596 INFO ntp_loss_benchmark: Config=pure_int4 progress=30/100 running_mean_ntp_loss=2.222634
2026-03-24 06:31:38,903 INFO ntp_loss_benchmark: Config=pure_int4 progress=40/100 running_mean_ntp_loss=2.185212
2026-03-24 06:32:28,190 INFO ntp_loss_benchmark: Config=pure_int4 progress=50/100 running_mean_ntp_loss=2.166498
2026-03-24 06:33:16,351 INFO ntp_loss_benchmark: Config=pure_int4 progress=60/100 running_mean_ntp_loss=2.156181
2026-03-24 06:34:04,277 INFO ntp_loss_benchmark: Config=pure_int4 progress=70/100 running_mean_ntp_loss=2.180238
2026-03-24 06:34:52,437 INFO ntp_loss_benchmark: Config=pure_int4 progress=80/100 running_mean_ntp_loss=2.133866
2026-03-24 06:35:39,925 INFO ntp_loss_benchmark: Config=pure_int4 progress=90/100 running_mean_ntp_loss=2.098847
2026-03-24 06:36:27,195 INFO ntp_loss_benchmark: Config=pure_int4 progress=100/100 running_mean_ntp_loss=2.115093
2026-03-24 06:36:27,197 INFO ntp_loss_benchmark: Saved NTP loss summary to /root/ActivationPerturbationAnalysis/results_ntp_loss_qwen14b_splitproof/pure_int4.json
