/usr/local/lib/python3.10/dist-packages/torch/cuda/__init__.py:61: FutureWarning: The pynvml package is deprecated. Please install nvidia-ml-py instead. If you did not install pynvml directly, please report this to the maintainers of the package that installed pynvml for you.
  import pynvml  # type: ignore[import]
Sliding Window Attention is enabled but not implemented for `sdpa`; unexpected results may be encountered.
Loading checkpoint shards:   0%|          | 0/8 [00:00<?, ?it/s]Loading checkpoint shards:  12%|█▎        | 1/8 [00:01<00:07,  1.03s/it]Loading checkpoint shards:  25%|██▌       | 2/8 [00:01<00:05,  1.13it/s]Loading checkpoint shards:  38%|███▊      | 3/8 [00:02<00:04,  1.20it/s]Loading checkpoint shards:  50%|█████     | 4/8 [00:03<00:03,  1.24it/s]Loading checkpoint shards:  62%|██████▎   | 5/8 [00:04<00:02,  1.29it/s]Loading checkpoint shards:  75%|███████▌  | 6/8 [00:04<00:01,  1.32it/s]Loading checkpoint shards:  88%|████████▊ | 7/8 [00:05<00:00,  1.35it/s]Loading checkpoint shards: 100%|██████████| 8/8 [00:05<00:00,  1.66it/s]Loading checkpoint shards: 100%|██████████| 8/8 [00:05<00:00,  1.38it/s]
2026-03-24 06:41:17,156 INFO ntp_loss_benchmark: Warmup 30 sequences for config=pure_int2
2026-03-24 06:41:19,554 INFO ntp_loss_benchmark: Warmup 10/30 table_trigrams=4667 table_bigrams=3862
2026-03-24 06:41:20,501 INFO ntp_loss_benchmark: Warmup 20/30 table_trigrams=9030 table_bigrams=7182
2026-03-24 06:41:21,568 INFO ntp_loss_benchmark: Warmup 30/30 table_trigrams=13416 table_bigrams=10398
2026-03-24 06:41:21,569 INFO ntp_loss_benchmark: Test 100 sequences for config=pure_int2 dataset=wikitext2
2026-03-24 06:42:08,940 INFO ntp_loss_benchmark: Config=pure_int2 progress=10/100 running_mean_ntp_loss=2.095530
2026-03-24 06:42:56,208 INFO ntp_loss_benchmark: Config=pure_int2 progress=20/100 running_mean_ntp_loss=2.232899
2026-03-24 06:43:43,814 INFO ntp_loss_benchmark: Config=pure_int2 progress=30/100 running_mean_ntp_loss=2.237567
2026-03-24 06:44:31,069 INFO ntp_loss_benchmark: Config=pure_int2 progress=40/100 running_mean_ntp_loss=2.200834
2026-03-24 06:45:18,715 INFO ntp_loss_benchmark: Config=pure_int2 progress=50/100 running_mean_ntp_loss=2.180345
2026-03-24 06:46:06,349 INFO ntp_loss_benchmark: Config=pure_int2 progress=60/100 running_mean_ntp_loss=2.168702
2026-03-24 06:46:54,452 INFO ntp_loss_benchmark: Config=pure_int2 progress=70/100 running_mean_ntp_loss=2.192912
2026-03-24 06:47:41,828 INFO ntp_loss_benchmark: Config=pure_int2 progress=80/100 running_mean_ntp_loss=2.146634
2026-03-24 06:48:28,981 INFO ntp_loss_benchmark: Config=pure_int2 progress=90/100 running_mean_ntp_loss=2.110611
2026-03-24 06:49:16,249 INFO ntp_loss_benchmark: Config=pure_int2 progress=100/100 running_mean_ntp_loss=2.128270
2026-03-24 06:49:16,251 INFO ntp_loss_benchmark: Saved NTP loss summary to /root/ActivationPerturbationAnalysis/results_ntp_loss_qwen14b_splitproof/pure_int2.json
