/usr/local/lib/python3.10/dist-packages/torch/cuda/__init__.py:61: FutureWarning: The pynvml package is deprecated. Please install nvidia-ml-py instead. If you did not install pynvml directly, please report this to the maintainers of the package that installed pynvml for you.
  import pynvml  # type: ignore[import]
Sliding Window Attention is enabled but not implemented for `sdpa`; unexpected results may be encountered.
Loading checkpoint shards:   0%|          | 0/8 [00:00<?, ?it/s]Loading checkpoint shards:  12%|█▎        | 1/8 [00:01<00:11,  1.66s/it]Loading checkpoint shards:  25%|██▌       | 2/8 [00:02<00:06,  1.15s/it]Loading checkpoint shards:  38%|███▊      | 3/8 [00:03<00:04,  1.03it/s]Loading checkpoint shards:  50%|█████     | 4/8 [00:03<00:03,  1.12it/s]Loading checkpoint shards:  62%|██████▎   | 5/8 [00:04<00:02,  1.19it/s]Loading checkpoint shards:  75%|███████▌  | 6/8 [00:05<00:01,  1.25it/s]Loading checkpoint shards:  88%|████████▊ | 7/8 [00:06<00:00,  1.30it/s]Loading checkpoint shards: 100%|██████████| 8/8 [00:06<00:00,  1.61it/s]Loading checkpoint shards: 100%|██████████| 8/8 [00:06<00:00,  1.24it/s]
2026-03-24 06:10:00,966 INFO ntp_loss_benchmark: Warmup 30 sequences for config=delta_int2_k4_unigram_int4
2026-03-24 06:10:02,457 INFO ntp_loss_benchmark: Warmup 10/30 table_trigrams=4667 table_bigrams=3862
2026-03-24 06:10:03,402 INFO ntp_loss_benchmark: Warmup 20/30 table_trigrams=9030 table_bigrams=7182
2026-03-24 06:10:04,544 INFO ntp_loss_benchmark: Warmup 30/30 table_trigrams=13416 table_bigrams=10398
2026-03-24 06:10:04,545 INFO ntp_loss_benchmark: Test 100 sequences for config=delta_int2_k4_unigram_int4 dataset=wikitext2
2026-03-24 06:10:52,707 INFO ntp_loss_benchmark: Config=delta_int2_k4_unigram_int4 progress=10/100 running_mean_ntp_loss=2.090512
2026-03-24 06:11:41,102 INFO ntp_loss_benchmark: Config=delta_int2_k4_unigram_int4 progress=20/100 running_mean_ntp_loss=2.222199
2026-03-24 06:12:30,124 INFO ntp_loss_benchmark: Config=delta_int2_k4_unigram_int4 progress=30/100 running_mean_ntp_loss=2.223508
2026-03-24 06:13:19,253 INFO ntp_loss_benchmark: Config=delta_int2_k4_unigram_int4 progress=40/100 running_mean_ntp_loss=2.185543
2026-03-24 06:14:09,448 INFO ntp_loss_benchmark: Config=delta_int2_k4_unigram_int4 progress=50/100 running_mean_ntp_loss=2.167696
2026-03-24 06:14:58,406 INFO ntp_loss_benchmark: Config=delta_int2_k4_unigram_int4 progress=60/100 running_mean_ntp_loss=2.156587
2026-03-24 06:15:47,284 INFO ntp_loss_benchmark: Config=delta_int2_k4_unigram_int4 progress=70/100 running_mean_ntp_loss=2.180795
2026-03-24 06:16:36,246 INFO ntp_loss_benchmark: Config=delta_int2_k4_unigram_int4 progress=80/100 running_mean_ntp_loss=2.134480
2026-03-24 06:17:24,927 INFO ntp_loss_benchmark: Config=delta_int2_k4_unigram_int4 progress=90/100 running_mean_ntp_loss=2.099693
2026-03-24 06:18:13,586 INFO ntp_loss_benchmark: Config=delta_int2_k4_unigram_int4 progress=100/100 running_mean_ntp_loss=2.116578
2026-03-24 06:18:13,588 INFO ntp_loss_benchmark: Saved NTP loss summary to results_ntp_loss_qwen14b/delta_int2_k4_unigram_int4.json
