/usr/local/lib/python3.10/dist-packages/torch/cuda/__init__.py:61: FutureWarning: The pynvml package is deprecated. Please install nvidia-ml-py instead. If you did not install pynvml directly, please report this to the maintainers of the package that installed pynvml for you.
  import pynvml  # type: ignore[import]
Sliding Window Attention is enabled but not implemented for `sdpa`; unexpected results may be encountered.
Loading checkpoint shards:   0%|          | 0/8 [00:00<?, ?it/s]Loading checkpoint shards:  12%|█▎        | 1/8 [00:01<00:07,  1.13s/it]Loading checkpoint shards:  25%|██▌       | 2/8 [00:01<00:05,  1.17it/s]Loading checkpoint shards:  38%|███▊      | 3/8 [00:02<00:03,  1.26it/s]Loading checkpoint shards:  50%|█████     | 4/8 [00:03<00:03,  1.23it/s]Loading checkpoint shards:  62%|██████▎   | 5/8 [00:04<00:02,  1.27it/s]Loading checkpoint shards:  75%|███████▌  | 6/8 [00:04<00:01,  1.33it/s]Loading checkpoint shards:  88%|████████▊ | 7/8 [00:05<00:00,  1.40it/s]Loading checkpoint shards: 100%|██████████| 8/8 [00:05<00:00,  1.57it/s]Loading checkpoint shards: 100%|██████████| 8/8 [00:05<00:00,  1.36it/s]
2026-03-26 17:09:55,576 INFO longbench_official_benchmark: config=delta_int2_k4_entropy_unigram_int4 task=narrativeqa progress=10/200
2026-03-26 17:11:49,509 INFO longbench_official_benchmark: config=delta_int2_k4_entropy_unigram_int4 task=narrativeqa progress=20/200
2026-03-26 17:14:42,580 INFO longbench_official_benchmark: config=delta_int2_k4_entropy_unigram_int4 task=narrativeqa progress=30/200
2026-03-26 17:17:05,484 INFO longbench_official_benchmark: config=delta_int2_k4_entropy_unigram_int4 task=narrativeqa progress=40/200
2026-03-26 17:19:45,102 INFO longbench_official_benchmark: config=delta_int2_k4_entropy_unigram_int4 task=narrativeqa progress=50/200
2026-03-26 17:22:53,145 INFO longbench_official_benchmark: config=delta_int2_k4_entropy_unigram_int4 task=narrativeqa progress=60/200
2026-03-26 17:24:57,228 INFO longbench_official_benchmark: config=delta_int2_k4_entropy_unigram_int4 task=narrativeqa progress=70/200
2026-03-26 17:27:22,168 INFO longbench_official_benchmark: config=delta_int2_k4_entropy_unigram_int4 task=narrativeqa progress=80/200
2026-03-26 17:29:50,117 INFO longbench_official_benchmark: config=delta_int2_k4_entropy_unigram_int4 task=narrativeqa progress=90/200
2026-03-26 17:32:00,055 INFO longbench_official_benchmark: config=delta_int2_k4_entropy_unigram_int4 task=narrativeqa progress=100/200
2026-03-26 17:34:54,927 INFO longbench_official_benchmark: config=delta_int2_k4_entropy_unigram_int4 task=narrativeqa progress=110/200
2026-03-26 17:37:50,302 INFO longbench_official_benchmark: config=delta_int2_k4_entropy_unigram_int4 task=narrativeqa progress=120/200
2026-03-26 17:40:35,866 INFO longbench_official_benchmark: config=delta_int2_k4_entropy_unigram_int4 task=narrativeqa progress=130/200
2026-03-26 17:42:37,604 INFO longbench_official_benchmark: config=delta_int2_k4_entropy_unigram_int4 task=narrativeqa progress=140/200
2026-03-26 17:44:47,106 INFO longbench_official_benchmark: config=delta_int2_k4_entropy_unigram_int4 task=narrativeqa progress=150/200
2026-03-26 17:47:13,102 INFO longbench_official_benchmark: config=delta_int2_k4_entropy_unigram_int4 task=narrativeqa progress=160/200
2026-03-26 17:49:21,748 INFO longbench_official_benchmark: config=delta_int2_k4_entropy_unigram_int4 task=narrativeqa progress=170/200
2026-03-26 17:51:42,054 INFO longbench_official_benchmark: config=delta_int2_k4_entropy_unigram_int4 task=narrativeqa progress=180/200
2026-03-26 17:53:47,592 INFO longbench_official_benchmark: config=delta_int2_k4_entropy_unigram_int4 task=narrativeqa progress=190/200
2026-03-26 17:56:29,013 INFO longbench_official_benchmark: config=delta_int2_k4_entropy_unigram_int4 task=narrativeqa progress=200/200
/usr/local/lib/python3.10/dist-packages/fuzzywuzzy/fuzz.py:11: UserWarning: Using slow pure-python SequenceMatcher. Install python-Levenshtein to remove this warning
  warnings.warn('Using slow pure-python SequenceMatcher. Install python-Levenshtein to remove this warning')
Evaluating on: ['narrativeqa.jsonl']
2026-03-26 17:56:29,244 INFO longbench_official_benchmark: task completed config=delta_int2_k4_entropy_unigram_int4 task=narrativeqa score=16.18 samples=200 summary=/root/ActivationPerturbationAnalysis/official_longbench/LongBench/pred/qwen14b_cpuonly_delta_int2_k4_entropy_unigram_int4/task_results.json
2026-03-26 17:56:58,414 INFO longbench_official_benchmark: config=delta_int2_k4_entropy_unigram_int4 task=qasper progress=10/200
2026-03-26 17:57:42,857 INFO longbench_official_benchmark: config=delta_int2_k4_entropy_unigram_int4 task=qasper progress=20/200
2026-03-26 17:58:10,619 INFO longbench_official_benchmark: config=delta_int2_k4_entropy_unigram_int4 task=qasper progress=30/200
2026-03-26 17:58:39,947 INFO longbench_official_benchmark: config=delta_int2_k4_entropy_unigram_int4 task=qasper progress=40/200
2026-03-26 17:59:05,401 INFO longbench_official_benchmark: config=delta_int2_k4_entropy_unigram_int4 task=qasper progress=50/200
2026-03-26 17:59:43,657 INFO longbench_official_benchmark: config=delta_int2_k4_entropy_unigram_int4 task=qasper progress=60/200
2026-03-26 18:00:12,241 INFO longbench_official_benchmark: config=delta_int2_k4_entropy_unigram_int4 task=qasper progress=70/200
2026-03-26 18:00:39,623 INFO longbench_official_benchmark: config=delta_int2_k4_entropy_unigram_int4 task=qasper progress=80/200
2026-03-26 18:01:05,114 INFO longbench_official_benchmark: config=delta_int2_k4_entropy_unigram_int4 task=qasper progress=90/200
2026-03-26 18:01:28,245 INFO longbench_official_benchmark: config=delta_int2_k4_entropy_unigram_int4 task=qasper progress=100/200
2026-03-26 18:01:56,219 INFO longbench_official_benchmark: config=delta_int2_k4_entropy_unigram_int4 task=qasper progress=110/200
2026-03-26 18:02:22,695 INFO longbench_official_benchmark: config=delta_int2_k4_entropy_unigram_int4 task=qasper progress=120/200
2026-03-26 18:02:52,339 INFO longbench_official_benchmark: config=delta_int2_k4_entropy_unigram_int4 task=qasper progress=130/200
2026-03-26 18:03:23,808 INFO longbench_official_benchmark: config=delta_int2_k4_entropy_unigram_int4 task=qasper progress=140/200
2026-03-26 18:03:49,580 INFO longbench_official_benchmark: config=delta_int2_k4_entropy_unigram_int4 task=qasper progress=150/200
2026-03-26 18:04:16,199 INFO longbench_official_benchmark: config=delta_int2_k4_entropy_unigram_int4 task=qasper progress=160/200
2026-03-26 18:04:42,829 INFO longbench_official_benchmark: config=delta_int2_k4_entropy_unigram_int4 task=qasper progress=170/200
2026-03-26 18:05:12,444 INFO longbench_official_benchmark: config=delta_int2_k4_entropy_unigram_int4 task=qasper progress=180/200
2026-03-26 18:05:35,827 INFO longbench_official_benchmark: config=delta_int2_k4_entropy_unigram_int4 task=qasper progress=190/200
2026-03-26 18:06:02,584 INFO longbench_official_benchmark: config=delta_int2_k4_entropy_unigram_int4 task=qasper progress=200/200
/usr/local/lib/python3.10/dist-packages/fuzzywuzzy/fuzz.py:11: UserWarning: Using slow pure-python SequenceMatcher. Install python-Levenshtein to remove this warning
  warnings.warn('Using slow pure-python SequenceMatcher. Install python-Levenshtein to remove this warning')
Evaluating on: ['qasper.jsonl', 'result.json', 'narrativeqa.jsonl', 'task_results.json']
2026-03-26 18:06:02,869 INFO longbench_official_benchmark: task completed config=delta_int2_k4_entropy_unigram_int4 task=qasper score=44.77 samples=200 summary=/root/ActivationPerturbationAnalysis/official_longbench/LongBench/pred/qwen14b_cpuonly_delta_int2_k4_entropy_unigram_int4/task_results.json
2026-03-26 18:06:46,027 INFO longbench_official_benchmark: config=delta_int2_k4_entropy_unigram_int4 task=multifieldqa_en progress=10/150
2026-03-26 18:07:35,094 INFO longbench_official_benchmark: config=delta_int2_k4_entropy_unigram_int4 task=multifieldqa_en progress=20/150
2026-03-26 18:08:16,078 INFO longbench_official_benchmark: config=delta_int2_k4_entropy_unigram_int4 task=multifieldqa_en progress=30/150
2026-03-26 18:08:53,449 INFO longbench_official_benchmark: config=delta_int2_k4_entropy_unigram_int4 task=multifieldqa_en progress=40/150
2026-03-26 18:09:28,537 INFO longbench_official_benchmark: config=delta_int2_k4_entropy_unigram_int4 task=multifieldqa_en progress=50/150
2026-03-26 18:09:56,113 INFO longbench_official_benchmark: config=delta_int2_k4_entropy_unigram_int4 task=multifieldqa_en progress=60/150
2026-03-26 18:10:38,193 INFO longbench_official_benchmark: config=delta_int2_k4_entropy_unigram_int4 task=multifieldqa_en progress=70/150
2026-03-26 18:11:20,381 INFO longbench_official_benchmark: config=delta_int2_k4_entropy_unigram_int4 task=multifieldqa_en progress=80/150
2026-03-26 18:11:57,538 INFO longbench_official_benchmark: config=delta_int2_k4_entropy_unigram_int4 task=multifieldqa_en progress=90/150
2026-03-26 18:12:52,398 INFO longbench_official_benchmark: config=delta_int2_k4_entropy_unigram_int4 task=multifieldqa_en progress=100/150
2026-03-26 18:13:43,133 INFO longbench_official_benchmark: config=delta_int2_k4_entropy_unigram_int4 task=multifieldqa_en progress=110/150
2026-03-26 18:14:33,716 INFO longbench_official_benchmark: config=delta_int2_k4_entropy_unigram_int4 task=multifieldqa_en progress=120/150
2026-03-26 18:15:09,553 INFO longbench_official_benchmark: config=delta_int2_k4_entropy_unigram_int4 task=multifieldqa_en progress=130/150
2026-03-26 18:15:56,389 INFO longbench_official_benchmark: config=delta_int2_k4_entropy_unigram_int4 task=multifieldqa_en progress=140/150
2026-03-26 18:16:37,565 INFO longbench_official_benchmark: config=delta_int2_k4_entropy_unigram_int4 task=multifieldqa_en progress=150/150
/usr/local/lib/python3.10/dist-packages/fuzzywuzzy/fuzz.py:11: UserWarning: Using slow pure-python SequenceMatcher. Install python-Levenshtein to remove this warning
  warnings.warn('Using slow pure-python SequenceMatcher. Install python-Levenshtein to remove this warning')
Evaluating on: ['qasper.jsonl', 'result.json', 'narrativeqa.jsonl', 'task_results.json', 'multifieldqa_en.jsonl']
2026-03-26 18:16:37,814 INFO longbench_official_benchmark: task completed config=delta_int2_k4_entropy_unigram_int4 task=multifieldqa_en score=54.78 samples=150 summary=/root/ActivationPerturbationAnalysis/official_longbench/LongBench/pred/qwen14b_cpuonly_delta_int2_k4_entropy_unigram_int4/task_results.json
2026-03-26 18:16:59,438 INFO longbench_official_benchmark: config=delta_int2_k4_entropy_unigram_int4 task=multifieldqa_zh progress=10/200
2026-03-26 18:17:23,860 INFO longbench_official_benchmark: config=delta_int2_k4_entropy_unigram_int4 task=multifieldqa_zh progress=20/200
2026-03-26 18:17:49,628 INFO longbench_official_benchmark: config=delta_int2_k4_entropy_unigram_int4 task=multifieldqa_zh progress=30/200
2026-03-26 18:18:15,814 INFO longbench_official_benchmark: config=delta_int2_k4_entropy_unigram_int4 task=multifieldqa_zh progress=40/200
2026-03-26 18:18:41,578 INFO longbench_official_benchmark: config=delta_int2_k4_entropy_unigram_int4 task=multifieldqa_zh progress=50/200
2026-03-26 18:19:05,661 INFO longbench_official_benchmark: config=delta_int2_k4_entropy_unigram_int4 task=multifieldqa_zh progress=60/200
2026-03-26 18:19:34,312 INFO longbench_official_benchmark: config=delta_int2_k4_entropy_unigram_int4 task=multifieldqa_zh progress=70/200
2026-03-26 18:19:53,766 INFO longbench_official_benchmark: config=delta_int2_k4_entropy_unigram_int4 task=multifieldqa_zh progress=80/200
2026-03-26 18:20:23,972 INFO longbench_official_benchmark: config=delta_int2_k4_entropy_unigram_int4 task=multifieldqa_zh progress=90/200
2026-03-26 18:20:43,785 INFO longbench_official_benchmark: config=delta_int2_k4_entropy_unigram_int4 task=multifieldqa_zh progress=100/200
2026-03-26 18:21:04,964 INFO longbench_official_benchmark: config=delta_int2_k4_entropy_unigram_int4 task=multifieldqa_zh progress=110/200
2026-03-26 18:21:26,558 INFO longbench_official_benchmark: config=delta_int2_k4_entropy_unigram_int4 task=multifieldqa_zh progress=120/200
2026-03-26 18:21:52,705 INFO longbench_official_benchmark: config=delta_int2_k4_entropy_unigram_int4 task=multifieldqa_zh progress=130/200
2026-03-26 18:22:25,760 INFO longbench_official_benchmark: config=delta_int2_k4_entropy_unigram_int4 task=multifieldqa_zh progress=140/200
2026-03-26 18:22:57,486 INFO longbench_official_benchmark: config=delta_int2_k4_entropy_unigram_int4 task=multifieldqa_zh progress=150/200
2026-03-26 18:23:25,433 INFO longbench_official_benchmark: config=delta_int2_k4_entropy_unigram_int4 task=multifieldqa_zh progress=160/200
2026-03-26 18:23:56,913 INFO longbench_official_benchmark: config=delta_int2_k4_entropy_unigram_int4 task=multifieldqa_zh progress=170/200
2026-03-26 18:24:24,718 INFO longbench_official_benchmark: config=delta_int2_k4_entropy_unigram_int4 task=multifieldqa_zh progress=180/200
2026-03-26 18:24:52,930 INFO longbench_official_benchmark: config=delta_int2_k4_entropy_unigram_int4 task=multifieldqa_zh progress=190/200
2026-03-26 18:25:18,995 INFO longbench_official_benchmark: config=delta_int2_k4_entropy_unigram_int4 task=multifieldqa_zh progress=200/200
/usr/local/lib/python3.10/dist-packages/fuzzywuzzy/fuzz.py:11: UserWarning: Using slow pure-python SequenceMatcher. Install python-Levenshtein to remove this warning
  warnings.warn('Using slow pure-python SequenceMatcher. Install python-Levenshtein to remove this warning')
Building prefix dict from the default dictionary ...
Loading model from cache /tmp/jieba.cache
Loading model cost 0.571 seconds.
Prefix dict has been built successfully.
Evaluating on: ['qasper.jsonl', 'result.json', 'narrativeqa.jsonl', 'task_results.json', 'multifieldqa_zh.jsonl', 'multifieldqa_en.jsonl']
2026-03-26 18:25:19,885 INFO longbench_official_benchmark: task completed config=delta_int2_k4_entropy_unigram_int4 task=multifieldqa_zh score=63.08 samples=200 summary=/root/ActivationPerturbationAnalysis/official_longbench/LongBench/pred/qwen14b_cpuonly_delta_int2_k4_entropy_unigram_int4/task_results.json
2026-03-26 18:26:19,891 INFO longbench_official_benchmark: config=delta_int2_k4_entropy_unigram_int4 task=hotpotqa progress=10/200
2026-03-26 18:27:22,690 INFO longbench_official_benchmark: config=delta_int2_k4_entropy_unigram_int4 task=hotpotqa progress=20/200
2026-03-26 18:28:15,757 INFO longbench_official_benchmark: config=delta_int2_k4_entropy_unigram_int4 task=hotpotqa progress=30/200
2026-03-26 18:29:29,573 INFO longbench_official_benchmark: config=delta_int2_k4_entropy_unigram_int4 task=hotpotqa progress=40/200
2026-03-26 18:30:33,206 INFO longbench_official_benchmark: config=delta_int2_k4_entropy_unigram_int4 task=hotpotqa progress=50/200
2026-03-26 18:31:34,323 INFO longbench_official_benchmark: config=delta_int2_k4_entropy_unigram_int4 task=hotpotqa progress=60/200
2026-03-26 18:32:36,977 INFO longbench_official_benchmark: config=delta_int2_k4_entropy_unigram_int4 task=hotpotqa progress=70/200
2026-03-26 18:33:31,251 INFO longbench_official_benchmark: config=delta_int2_k4_entropy_unigram_int4 task=hotpotqa progress=80/200
2026-03-26 18:34:31,265 INFO longbench_official_benchmark: config=delta_int2_k4_entropy_unigram_int4 task=hotpotqa progress=90/200
2026-03-26 18:35:38,680 INFO longbench_official_benchmark: config=delta_int2_k4_entropy_unigram_int4 task=hotpotqa progress=100/200
2026-03-26 18:36:45,603 INFO longbench_official_benchmark: config=delta_int2_k4_entropy_unigram_int4 task=hotpotqa progress=110/200
2026-03-26 18:37:49,039 INFO longbench_official_benchmark: config=delta_int2_k4_entropy_unigram_int4 task=hotpotqa progress=120/200
2026-03-26 18:38:37,674 INFO longbench_official_benchmark: config=delta_int2_k4_entropy_unigram_int4 task=hotpotqa progress=130/200
2026-03-26 18:39:34,569 INFO longbench_official_benchmark: config=delta_int2_k4_entropy_unigram_int4 task=hotpotqa progress=140/200
2026-03-26 18:40:44,638 INFO longbench_official_benchmark: config=delta_int2_k4_entropy_unigram_int4 task=hotpotqa progress=150/200
2026-03-26 18:41:43,639 INFO longbench_official_benchmark: config=delta_int2_k4_entropy_unigram_int4 task=hotpotqa progress=160/200
2026-03-26 18:42:40,891 INFO longbench_official_benchmark: config=delta_int2_k4_entropy_unigram_int4 task=hotpotqa progress=170/200
2026-03-26 18:43:45,533 INFO longbench_official_benchmark: config=delta_int2_k4_entropy_unigram_int4 task=hotpotqa progress=180/200
2026-03-26 18:44:41,960 INFO longbench_official_benchmark: config=delta_int2_k4_entropy_unigram_int4 task=hotpotqa progress=190/200
2026-03-26 18:45:32,651 INFO longbench_official_benchmark: config=delta_int2_k4_entropy_unigram_int4 task=hotpotqa progress=200/200
/usr/local/lib/python3.10/dist-packages/fuzzywuzzy/fuzz.py:11: UserWarning: Using slow pure-python SequenceMatcher. Install python-Levenshtein to remove this warning
  warnings.warn('Using slow pure-python SequenceMatcher. Install python-Levenshtein to remove this warning')
Building prefix dict from the default dictionary ...
Loading model from cache /tmp/jieba.cache
Loading model cost 0.562 seconds.
Prefix dict has been built successfully.
Evaluating on: ['qasper.jsonl', 'result.json', 'narrativeqa.jsonl', 'task_results.json', 'multifieldqa_zh.jsonl', 'multifieldqa_en.jsonl', 'hotpotqa.jsonl']
2026-03-26 18:45:33,530 INFO longbench_official_benchmark: task completed config=delta_int2_k4_entropy_unigram_int4 task=hotpotqa score=62.41 samples=200 summary=/root/ActivationPerturbationAnalysis/official_longbench/LongBench/pred/qwen14b_cpuonly_delta_int2_k4_entropy_unigram_int4/task_results.json
2026-03-26 18:46:08,222 INFO longbench_official_benchmark: config=delta_int2_k4_entropy_unigram_int4 task=2wikimqa progress=10/200
2026-03-26 18:46:39,553 INFO longbench_official_benchmark: config=delta_int2_k4_entropy_unigram_int4 task=2wikimqa progress=20/200
2026-03-26 18:47:12,687 INFO longbench_official_benchmark: config=delta_int2_k4_entropy_unigram_int4 task=2wikimqa progress=30/200
2026-03-26 18:47:48,199 INFO longbench_official_benchmark: config=delta_int2_k4_entropy_unigram_int4 task=2wikimqa progress=40/200
2026-03-26 18:48:20,056 INFO longbench_official_benchmark: config=delta_int2_k4_entropy_unigram_int4 task=2wikimqa progress=50/200
2026-03-26 18:48:51,793 INFO longbench_official_benchmark: config=delta_int2_k4_entropy_unigram_int4 task=2wikimqa progress=60/200
2026-03-26 18:49:17,905 INFO longbench_official_benchmark: config=delta_int2_k4_entropy_unigram_int4 task=2wikimqa progress=70/200
2026-03-26 18:49:51,541 INFO longbench_official_benchmark: config=delta_int2_k4_entropy_unigram_int4 task=2wikimqa progress=80/200
2026-03-26 18:50:28,541 INFO longbench_official_benchmark: config=delta_int2_k4_entropy_unigram_int4 task=2wikimqa progress=90/200
2026-03-26 18:51:09,289 INFO longbench_official_benchmark: config=delta_int2_k4_entropy_unigram_int4 task=2wikimqa progress=100/200
2026-03-26 18:51:37,585 INFO longbench_official_benchmark: config=delta_int2_k4_entropy_unigram_int4 task=2wikimqa progress=110/200
2026-03-26 18:52:05,789 INFO longbench_official_benchmark: config=delta_int2_k4_entropy_unigram_int4 task=2wikimqa progress=120/200
2026-03-26 18:52:37,237 INFO longbench_official_benchmark: config=delta_int2_k4_entropy_unigram_int4 task=2wikimqa progress=130/200
2026-03-26 18:53:09,092 INFO longbench_official_benchmark: config=delta_int2_k4_entropy_unigram_int4 task=2wikimqa progress=140/200
2026-03-26 18:53:46,256 INFO longbench_official_benchmark: config=delta_int2_k4_entropy_unigram_int4 task=2wikimqa progress=150/200
2026-03-26 18:54:31,324 INFO longbench_official_benchmark: config=delta_int2_k4_entropy_unigram_int4 task=2wikimqa progress=160/200
2026-03-26 18:55:05,869 INFO longbench_official_benchmark: config=delta_int2_k4_entropy_unigram_int4 task=2wikimqa progress=170/200
2026-03-26 18:55:48,149 INFO longbench_official_benchmark: config=delta_int2_k4_entropy_unigram_int4 task=2wikimqa progress=180/200
2026-03-26 18:56:14,941 INFO longbench_official_benchmark: config=delta_int2_k4_entropy_unigram_int4 task=2wikimqa progress=190/200
2026-03-26 18:56:53,342 INFO longbench_official_benchmark: config=delta_int2_k4_entropy_unigram_int4 task=2wikimqa progress=200/200
/usr/local/lib/python3.10/dist-packages/fuzzywuzzy/fuzz.py:11: UserWarning: Using slow pure-python SequenceMatcher. Install python-Levenshtein to remove this warning
  warnings.warn('Using slow pure-python SequenceMatcher. Install python-Levenshtein to remove this warning')
Building prefix dict from the default dictionary ...
Loading model from cache /tmp/jieba.cache
Loading model cost 0.565 seconds.
Prefix dict has been built successfully.
Evaluating on: ['qasper.jsonl', 'result.json', '2wikimqa.jsonl', 'narrativeqa.jsonl', 'task_results.json', 'multifieldqa_zh.jsonl', 'multifieldqa_en.jsonl', 'hotpotqa.jsonl']
2026-03-26 18:56:54,232 INFO longbench_official_benchmark: task completed config=delta_int2_k4_entropy_unigram_int4 task=2wikimqa score=58.34 samples=200 summary=/root/ActivationPerturbationAnalysis/official_longbench/LongBench/pred/qwen14b_cpuonly_delta_int2_k4_entropy_unigram_int4/task_results.json
2026-03-26 18:58:06,885 INFO longbench_official_benchmark: config=delta_int2_k4_entropy_unigram_int4 task=musique progress=10/200
2026-03-26 18:59:21,937 INFO longbench_official_benchmark: config=delta_int2_k4_entropy_unigram_int4 task=musique progress=20/200
2026-03-26 19:00:38,723 INFO longbench_official_benchmark: config=delta_int2_k4_entropy_unigram_int4 task=musique progress=30/200
2026-03-26 19:01:49,004 INFO longbench_official_benchmark: config=delta_int2_k4_entropy_unigram_int4 task=musique progress=40/200
2026-03-26 19:03:07,430 INFO longbench_official_benchmark: config=delta_int2_k4_entropy_unigram_int4 task=musique progress=50/200
2026-03-26 19:04:22,902 INFO longbench_official_benchmark: config=delta_int2_k4_entropy_unigram_int4 task=musique progress=60/200
2026-03-26 19:05:32,689 INFO longbench_official_benchmark: config=delta_int2_k4_entropy_unigram_int4 task=musique progress=70/200
2026-03-26 19:06:50,228 INFO longbench_official_benchmark: config=delta_int2_k4_entropy_unigram_int4 task=musique progress=80/200
2026-03-26 19:08:09,251 INFO longbench_official_benchmark: config=delta_int2_k4_entropy_unigram_int4 task=musique progress=90/200
2026-03-26 19:09:26,078 INFO longbench_official_benchmark: config=delta_int2_k4_entropy_unigram_int4 task=musique progress=100/200
2026-03-26 19:10:39,773 INFO longbench_official_benchmark: config=delta_int2_k4_entropy_unigram_int4 task=musique progress=110/200
2026-03-26 19:11:59,162 INFO longbench_official_benchmark: config=delta_int2_k4_entropy_unigram_int4 task=musique progress=120/200
2026-03-26 19:13:16,176 INFO longbench_official_benchmark: config=delta_int2_k4_entropy_unigram_int4 task=musique progress=130/200
2026-03-26 19:14:29,339 INFO longbench_official_benchmark: config=delta_int2_k4_entropy_unigram_int4 task=musique progress=140/200
2026-03-26 19:15:46,718 INFO longbench_official_benchmark: config=delta_int2_k4_entropy_unigram_int4 task=musique progress=150/200
2026-03-26 19:17:12,015 INFO longbench_official_benchmark: config=delta_int2_k4_entropy_unigram_int4 task=musique progress=160/200
2026-03-26 19:18:25,067 INFO longbench_official_benchmark: config=delta_int2_k4_entropy_unigram_int4 task=musique progress=170/200
2026-03-26 19:19:40,628 INFO longbench_official_benchmark: config=delta_int2_k4_entropy_unigram_int4 task=musique progress=180/200
2026-03-26 19:20:57,595 INFO longbench_official_benchmark: config=delta_int2_k4_entropy_unigram_int4 task=musique progress=190/200
2026-03-26 19:22:07,662 INFO longbench_official_benchmark: config=delta_int2_k4_entropy_unigram_int4 task=musique progress=200/200
/usr/local/lib/python3.10/dist-packages/fuzzywuzzy/fuzz.py:11: UserWarning: Using slow pure-python SequenceMatcher. Install python-Levenshtein to remove this warning
  warnings.warn('Using slow pure-python SequenceMatcher. Install python-Levenshtein to remove this warning')
Building prefix dict from the default dictionary ...
Loading model from cache /tmp/jieba.cache
Loading model cost 0.573 seconds.
Prefix dict has been built successfully.
Evaluating on: ['qasper.jsonl', 'result.json', '2wikimqa.jsonl', 'narrativeqa.jsonl', 'task_results.json', 'multifieldqa_zh.jsonl', 'multifieldqa_en.jsonl', 'musique.jsonl', 'hotpotqa.jsonl']
2026-03-26 19:22:08,565 INFO longbench_official_benchmark: task completed config=delta_int2_k4_entropy_unigram_int4 task=musique score=38.18 samples=200 summary=/root/ActivationPerturbationAnalysis/official_longbench/LongBench/pred/qwen14b_cpuonly_delta_int2_k4_entropy_unigram_int4/task_results.json
2026-03-26 19:23:59,493 INFO longbench_official_benchmark: config=delta_int2_k4_entropy_unigram_int4 task=dureader progress=10/200
2026-03-26 19:25:45,931 INFO longbench_official_benchmark: config=delta_int2_k4_entropy_unigram_int4 task=dureader progress=20/200
2026-03-26 19:27:40,736 INFO longbench_official_benchmark: config=delta_int2_k4_entropy_unigram_int4 task=dureader progress=30/200
2026-03-26 19:29:30,846 INFO longbench_official_benchmark: config=delta_int2_k4_entropy_unigram_int4 task=dureader progress=40/200
2026-03-26 19:31:23,519 INFO longbench_official_benchmark: config=delta_int2_k4_entropy_unigram_int4 task=dureader progress=50/200
2026-03-26 19:33:15,609 INFO longbench_official_benchmark: config=delta_int2_k4_entropy_unigram_int4 task=dureader progress=60/200
2026-03-26 19:35:07,701 INFO longbench_official_benchmark: config=delta_int2_k4_entropy_unigram_int4 task=dureader progress=70/200
2026-03-26 19:36:52,747 INFO longbench_official_benchmark: config=delta_int2_k4_entropy_unigram_int4 task=dureader progress=80/200
2026-03-26 19:38:47,828 INFO longbench_official_benchmark: config=delta_int2_k4_entropy_unigram_int4 task=dureader progress=90/200
2026-03-26 19:40:26,459 INFO longbench_official_benchmark: config=delta_int2_k4_entropy_unigram_int4 task=dureader progress=100/200
2026-03-26 19:42:30,474 INFO longbench_official_benchmark: config=delta_int2_k4_entropy_unigram_int4 task=dureader progress=110/200
2026-03-26 19:44:22,349 INFO longbench_official_benchmark: config=delta_int2_k4_entropy_unigram_int4 task=dureader progress=120/200
2026-03-26 19:46:17,737 INFO longbench_official_benchmark: config=delta_int2_k4_entropy_unigram_int4 task=dureader progress=130/200
2026-03-26 19:48:10,172 INFO longbench_official_benchmark: config=delta_int2_k4_entropy_unigram_int4 task=dureader progress=140/200
2026-03-26 19:50:06,783 INFO longbench_official_benchmark: config=delta_int2_k4_entropy_unigram_int4 task=dureader progress=150/200
2026-03-26 19:51:46,529 INFO longbench_official_benchmark: config=delta_int2_k4_entropy_unigram_int4 task=dureader progress=160/200
2026-03-26 19:53:49,078 INFO longbench_official_benchmark: config=delta_int2_k4_entropy_unigram_int4 task=dureader progress=170/200
2026-03-26 19:55:35,254 INFO longbench_official_benchmark: config=delta_int2_k4_entropy_unigram_int4 task=dureader progress=180/200
2026-03-26 19:57:23,672 INFO longbench_official_benchmark: config=delta_int2_k4_entropy_unigram_int4 task=dureader progress=190/200
2026-03-26 19:59:10,417 INFO longbench_official_benchmark: config=delta_int2_k4_entropy_unigram_int4 task=dureader progress=200/200
/usr/local/lib/python3.10/dist-packages/fuzzywuzzy/fuzz.py:11: UserWarning: Using slow pure-python SequenceMatcher. Install python-Levenshtein to remove this warning
  warnings.warn('Using slow pure-python SequenceMatcher. Install python-Levenshtein to remove this warning')
Building prefix dict from the default dictionary ...
Loading model from cache /tmp/jieba.cache
Loading model cost 0.562 seconds.
Prefix dict has been built successfully.
Evaluating on: ['qasper.jsonl', 'result.json', 'dureader.jsonl', '2wikimqa.jsonl', 'narrativeqa.jsonl', 'task_results.json', 'multifieldqa_zh.jsonl', 'multifieldqa_en.jsonl', 'musique.jsonl', 'hotpotqa.jsonl']
2026-03-26 19:59:13,446 INFO longbench_official_benchmark: task completed config=delta_int2_k4_entropy_unigram_int4 task=dureader score=31.58 samples=200 summary=/root/ActivationPerturbationAnalysis/official_longbench/LongBench/pred/qwen14b_cpuonly_delta_int2_k4_entropy_unigram_int4/task_results.json
2026-03-26 20:04:19,426 INFO longbench_official_benchmark: config=delta_int2_k4_entropy_unigram_int4 task=gov_report progress=10/200
2026-03-26 20:09:13,252 INFO longbench_official_benchmark: config=delta_int2_k4_entropy_unigram_int4 task=gov_report progress=20/200
2026-03-26 20:14:33,307 INFO longbench_official_benchmark: config=delta_int2_k4_entropy_unigram_int4 task=gov_report progress=30/200
2026-03-26 20:18:37,429 INFO longbench_official_benchmark: config=delta_int2_k4_entropy_unigram_int4 task=gov_report progress=40/200
2026-03-26 20:24:35,721 INFO longbench_official_benchmark: config=delta_int2_k4_entropy_unigram_int4 task=gov_report progress=50/200
2026-03-26 20:30:55,248 INFO longbench_official_benchmark: config=delta_int2_k4_entropy_unigram_int4 task=gov_report progress=60/200
2026-03-26 20:35:39,021 INFO longbench_official_benchmark: config=delta_int2_k4_entropy_unigram_int4 task=gov_report progress=70/200
2026-03-26 20:40:23,949 INFO longbench_official_benchmark: config=delta_int2_k4_entropy_unigram_int4 task=gov_report progress=80/200
2026-03-26 20:44:29,472 INFO longbench_official_benchmark: config=delta_int2_k4_entropy_unigram_int4 task=gov_report progress=90/200
2026-03-26 20:49:35,412 INFO longbench_official_benchmark: config=delta_int2_k4_entropy_unigram_int4 task=gov_report progress=100/200
2026-03-26 20:53:36,964 INFO longbench_official_benchmark: config=delta_int2_k4_entropy_unigram_int4 task=gov_report progress=110/200
2026-03-26 20:58:31,654 INFO longbench_official_benchmark: config=delta_int2_k4_entropy_unigram_int4 task=gov_report progress=120/200
2026-03-26 21:04:07,897 INFO longbench_official_benchmark: config=delta_int2_k4_entropy_unigram_int4 task=gov_report progress=130/200
2026-03-26 21:08:15,938 INFO longbench_official_benchmark: config=delta_int2_k4_entropy_unigram_int4 task=gov_report progress=140/200
2026-03-26 21:11:57,276 INFO longbench_official_benchmark: config=delta_int2_k4_entropy_unigram_int4 task=gov_report progress=150/200
2026-03-26 21:16:20,039 INFO longbench_official_benchmark: config=delta_int2_k4_entropy_unigram_int4 task=gov_report progress=160/200
2026-03-26 21:19:43,008 INFO longbench_official_benchmark: config=delta_int2_k4_entropy_unigram_int4 task=gov_report progress=170/200
2026-03-26 21:24:50,468 INFO longbench_official_benchmark: config=delta_int2_k4_entropy_unigram_int4 task=gov_report progress=180/200
2026-03-26 21:29:10,725 INFO longbench_official_benchmark: config=delta_int2_k4_entropy_unigram_int4 task=gov_report progress=190/200
2026-03-26 21:33:16,076 INFO longbench_official_benchmark: config=delta_int2_k4_entropy_unigram_int4 task=gov_report progress=200/200
/usr/local/lib/python3.10/dist-packages/fuzzywuzzy/fuzz.py:11: UserWarning: Using slow pure-python SequenceMatcher. Install python-Levenshtein to remove this warning
  warnings.warn('Using slow pure-python SequenceMatcher. Install python-Levenshtein to remove this warning')
Building prefix dict from the default dictionary ...
Loading model from cache /tmp/jieba.cache
Loading model cost 0.564 seconds.
Prefix dict has been built successfully.
Evaluating on: ['qasper.jsonl', 'gov_report.jsonl', 'result.json', 'dureader.jsonl', '2wikimqa.jsonl', 'narrativeqa.jsonl', 'task_results.json', 'multifieldqa_zh.jsonl', 'multifieldqa_en.jsonl', 'musique.jsonl', 'hotpotqa.jsonl']
2026-03-26 21:33:40,232 INFO longbench_official_benchmark: task completed config=delta_int2_k4_entropy_unigram_int4 task=gov_report score=32.67 samples=200 summary=/root/ActivationPerturbationAnalysis/official_longbench/LongBench/pred/qwen14b_cpuonly_delta_int2_k4_entropy_unigram_int4/task_results.json
2026-03-26 21:35:32,638 INFO longbench_official_benchmark: config=delta_int2_k4_entropy_unigram_int4 task=qmsum progress=10/200
2026-03-26 21:37:32,588 INFO longbench_official_benchmark: config=delta_int2_k4_entropy_unigram_int4 task=qmsum progress=20/200
2026-03-26 21:39:48,845 INFO longbench_official_benchmark: config=delta_int2_k4_entropy_unigram_int4 task=qmsum progress=30/200
2026-03-26 21:42:07,051 INFO longbench_official_benchmark: config=delta_int2_k4_entropy_unigram_int4 task=qmsum progress=40/200
2026-03-26 21:43:48,285 INFO longbench_official_benchmark: config=delta_int2_k4_entropy_unigram_int4 task=qmsum progress=50/200
2026-03-26 21:45:33,408 INFO longbench_official_benchmark: config=delta_int2_k4_entropy_unigram_int4 task=qmsum progress=60/200
2026-03-26 21:47:38,819 INFO longbench_official_benchmark: config=delta_int2_k4_entropy_unigram_int4 task=qmsum progress=70/200
2026-03-26 21:49:45,190 INFO longbench_official_benchmark: config=delta_int2_k4_entropy_unigram_int4 task=qmsum progress=80/200
2026-03-26 21:52:21,016 INFO longbench_official_benchmark: config=delta_int2_k4_entropy_unigram_int4 task=qmsum progress=90/200
2026-03-26 21:54:42,873 INFO longbench_official_benchmark: config=delta_int2_k4_entropy_unigram_int4 task=qmsum progress=100/200
2026-03-26 21:56:31,206 INFO longbench_official_benchmark: config=delta_int2_k4_entropy_unigram_int4 task=qmsum progress=110/200
2026-03-26 21:58:58,316 INFO longbench_official_benchmark: config=delta_int2_k4_entropy_unigram_int4 task=qmsum progress=120/200
2026-03-26 22:01:07,666 INFO longbench_official_benchmark: config=delta_int2_k4_entropy_unigram_int4 task=qmsum progress=130/200
2026-03-26 22:03:29,300 INFO longbench_official_benchmark: config=delta_int2_k4_entropy_unigram_int4 task=qmsum progress=140/200
2026-03-26 22:05:42,318 INFO longbench_official_benchmark: config=delta_int2_k4_entropy_unigram_int4 task=qmsum progress=150/200
2026-03-26 22:07:40,511 INFO longbench_official_benchmark: config=delta_int2_k4_entropy_unigram_int4 task=qmsum progress=160/200
2026-03-26 22:09:47,130 INFO longbench_official_benchmark: config=delta_int2_k4_entropy_unigram_int4 task=qmsum progress=170/200
2026-03-26 22:11:49,574 INFO longbench_official_benchmark: config=delta_int2_k4_entropy_unigram_int4 task=qmsum progress=180/200
2026-03-26 22:14:24,596 INFO longbench_official_benchmark: config=delta_int2_k4_entropy_unigram_int4 task=qmsum progress=190/200
2026-03-26 22:16:14,054 INFO longbench_official_benchmark: config=delta_int2_k4_entropy_unigram_int4 task=qmsum progress=200/200
/usr/local/lib/python3.10/dist-packages/fuzzywuzzy/fuzz.py:11: UserWarning: Using slow pure-python SequenceMatcher. Install python-Levenshtein to remove this warning
  warnings.warn('Using slow pure-python SequenceMatcher. Install python-Levenshtein to remove this warning')
Building prefix dict from the default dictionary ...
Loading model from cache /tmp/jieba.cache
Loading model cost 0.561 seconds.
Prefix dict has been built successfully.
Evaluating on: ['qasper.jsonl', 'gov_report.jsonl', 'result.json', 'dureader.jsonl', 'qmsum.jsonl', '2wikimqa.jsonl', 'narrativeqa.jsonl', 'task_results.json', 'multifieldqa_zh.jsonl', 'multifieldqa_en.jsonl', 'musique.jsonl', 'hotpotqa.jsonl']
2026-03-26 22:16:38,939 INFO longbench_official_benchmark: task completed config=delta_int2_k4_entropy_unigram_int4 task=qmsum score=24.41 samples=200 summary=/root/ActivationPerturbationAnalysis/official_longbench/LongBench/pred/qwen14b_cpuonly_delta_int2_k4_entropy_unigram_int4/task_results.json
2026-03-26 22:19:30,338 INFO longbench_official_benchmark: config=delta_int2_k4_entropy_unigram_int4 task=multi_news progress=10/200
2026-03-26 22:22:29,987 INFO longbench_official_benchmark: config=delta_int2_k4_entropy_unigram_int4 task=multi_news progress=20/200
2026-03-26 22:25:30,026 INFO longbench_official_benchmark: config=delta_int2_k4_entropy_unigram_int4 task=multi_news progress=30/200
2026-03-26 22:28:11,393 INFO longbench_official_benchmark: config=delta_int2_k4_entropy_unigram_int4 task=multi_news progress=40/200
2026-03-26 22:31:19,750 INFO longbench_official_benchmark: config=delta_int2_k4_entropy_unigram_int4 task=multi_news progress=50/200
2026-03-26 22:34:45,625 INFO longbench_official_benchmark: config=delta_int2_k4_entropy_unigram_int4 task=multi_news progress=60/200
2026-03-26 22:37:28,988 INFO longbench_official_benchmark: config=delta_int2_k4_entropy_unigram_int4 task=multi_news progress=70/200
2026-03-26 22:40:40,845 INFO longbench_official_benchmark: config=delta_int2_k4_entropy_unigram_int4 task=multi_news progress=80/200
2026-03-26 22:44:05,167 INFO longbench_official_benchmark: config=delta_int2_k4_entropy_unigram_int4 task=multi_news progress=90/200
2026-03-26 22:46:52,893 INFO longbench_official_benchmark: config=delta_int2_k4_entropy_unigram_int4 task=multi_news progress=100/200
2026-03-26 22:49:55,995 INFO longbench_official_benchmark: config=delta_int2_k4_entropy_unigram_int4 task=multi_news progress=110/200
2026-03-26 22:52:46,556 INFO longbench_official_benchmark: config=delta_int2_k4_entropy_unigram_int4 task=multi_news progress=120/200
2026-03-26 22:55:36,977 INFO longbench_official_benchmark: config=delta_int2_k4_entropy_unigram_int4 task=multi_news progress=130/200
2026-03-26 22:58:43,194 INFO longbench_official_benchmark: config=delta_int2_k4_entropy_unigram_int4 task=multi_news progress=140/200
2026-03-26 23:01:40,036 INFO longbench_official_benchmark: config=delta_int2_k4_entropy_unigram_int4 task=multi_news progress=150/200
2026-03-26 23:04:40,268 INFO longbench_official_benchmark: config=delta_int2_k4_entropy_unigram_int4 task=multi_news progress=160/200
2026-03-26 23:07:35,064 INFO longbench_official_benchmark: config=delta_int2_k4_entropy_unigram_int4 task=multi_news progress=170/200
2026-03-26 23:10:14,487 INFO longbench_official_benchmark: config=delta_int2_k4_entropy_unigram_int4 task=multi_news progress=180/200
2026-03-26 23:13:22,260 INFO longbench_official_benchmark: config=delta_int2_k4_entropy_unigram_int4 task=multi_news progress=190/200
2026-03-26 23:16:03,668 INFO longbench_official_benchmark: config=delta_int2_k4_entropy_unigram_int4 task=multi_news progress=200/200
/usr/local/lib/python3.10/dist-packages/fuzzywuzzy/fuzz.py:11: UserWarning: Using slow pure-python SequenceMatcher. Install python-Levenshtein to remove this warning
  warnings.warn('Using slow pure-python SequenceMatcher. Install python-Levenshtein to remove this warning')
Building prefix dict from the default dictionary ...
Loading model from cache /tmp/jieba.cache
Loading model cost 0.556 seconds.
Prefix dict has been built successfully.
Evaluating on: ['qasper.jsonl', 'gov_report.jsonl', 'result.json', 'multi_news.jsonl', 'dureader.jsonl', 'qmsum.jsonl', '2wikimqa.jsonl', 'narrativeqa.jsonl', 'task_results.json', 'multifieldqa_zh.jsonl', 'multifieldqa_en.jsonl', 'musique.jsonl', 'hotpotqa.jsonl']
2026-03-26 23:16:37,308 INFO longbench_official_benchmark: task completed config=delta_int2_k4_entropy_unigram_int4 task=multi_news score=24.41 samples=200 summary=/root/ActivationPerturbationAnalysis/official_longbench/LongBench/pred/qwen14b_cpuonly_delta_int2_k4_entropy_unigram_int4/task_results.json
2026-03-26 23:19:48,235 INFO longbench_official_benchmark: config=delta_int2_k4_entropy_unigram_int4 task=vcsum progress=10/200
2026-03-26 23:23:11,148 INFO longbench_official_benchmark: config=delta_int2_k4_entropy_unigram_int4 task=vcsum progress=20/200
2026-03-26 23:27:31,063 INFO longbench_official_benchmark: config=delta_int2_k4_entropy_unigram_int4 task=vcsum progress=30/200
2026-03-26 23:31:07,437 INFO longbench_official_benchmark: config=delta_int2_k4_entropy_unigram_int4 task=vcsum progress=40/200
2026-03-26 23:35:04,269 INFO longbench_official_benchmark: config=delta_int2_k4_entropy_unigram_int4 task=vcsum progress=50/200
2026-03-26 23:38:34,723 INFO longbench_official_benchmark: config=delta_int2_k4_entropy_unigram_int4 task=vcsum progress=60/200
2026-03-26 23:42:06,587 INFO longbench_official_benchmark: config=delta_int2_k4_entropy_unigram_int4 task=vcsum progress=70/200
2026-03-26 23:45:29,252 INFO longbench_official_benchmark: config=delta_int2_k4_entropy_unigram_int4 task=vcsum progress=80/200
2026-03-26 23:49:08,741 INFO longbench_official_benchmark: config=delta_int2_k4_entropy_unigram_int4 task=vcsum progress=90/200
2026-03-26 23:52:25,758 INFO longbench_official_benchmark: config=delta_int2_k4_entropy_unigram_int4 task=vcsum progress=100/200
2026-03-26 23:55:59,055 INFO longbench_official_benchmark: config=delta_int2_k4_entropy_unigram_int4 task=vcsum progress=110/200
2026-03-26 23:58:50,396 INFO longbench_official_benchmark: config=delta_int2_k4_entropy_unigram_int4 task=vcsum progress=120/200
2026-03-27 00:02:10,766 INFO longbench_official_benchmark: config=delta_int2_k4_entropy_unigram_int4 task=vcsum progress=130/200
2026-03-27 00:05:01,504 INFO longbench_official_benchmark: config=delta_int2_k4_entropy_unigram_int4 task=vcsum progress=140/200
2026-03-27 00:08:41,041 INFO longbench_official_benchmark: config=delta_int2_k4_entropy_unigram_int4 task=vcsum progress=150/200
2026-03-27 00:13:16,571 INFO longbench_official_benchmark: config=delta_int2_k4_entropy_unigram_int4 task=vcsum progress=160/200
2026-03-27 00:16:47,700 INFO longbench_official_benchmark: config=delta_int2_k4_entropy_unigram_int4 task=vcsum progress=170/200
2026-03-27 00:19:55,178 INFO longbench_official_benchmark: config=delta_int2_k4_entropy_unigram_int4 task=vcsum progress=180/200
2026-03-27 00:24:02,216 INFO longbench_official_benchmark: config=delta_int2_k4_entropy_unigram_int4 task=vcsum progress=190/200
2026-03-27 00:27:23,232 INFO longbench_official_benchmark: config=delta_int2_k4_entropy_unigram_int4 task=vcsum progress=200/200
/usr/local/lib/python3.10/dist-packages/fuzzywuzzy/fuzz.py:11: UserWarning: Using slow pure-python SequenceMatcher. Install python-Levenshtein to remove this warning
  warnings.warn('Using slow pure-python SequenceMatcher. Install python-Levenshtein to remove this warning')
Building prefix dict from the default dictionary ...
Loading model from cache /tmp/jieba.cache
Loading model cost 0.569 seconds.
Prefix dict has been built successfully.
Evaluating on: ['qasper.jsonl', 'gov_report.jsonl', 'result.json', 'vcsum.jsonl', 'multi_news.jsonl', 'dureader.jsonl', 'qmsum.jsonl', '2wikimqa.jsonl', 'narrativeqa.jsonl', 'task_results.json', 'multifieldqa_zh.jsonl', 'multifieldqa_en.jsonl', 'musique.jsonl', 'hotpotqa.jsonl']
2026-03-27 00:28:02,169 INFO longbench_official_benchmark: task completed config=delta_int2_k4_entropy_unigram_int4 task=vcsum score=15.81 samples=200 summary=/root/ActivationPerturbationAnalysis/official_longbench/LongBench/pred/qwen14b_cpuonly_delta_int2_k4_entropy_unigram_int4/task_results.json
2026-03-27 00:28:58,574 INFO longbench_official_benchmark: config=delta_int2_k4_entropy_unigram_int4 task=trec progress=10/200
2026-03-27 00:29:54,061 INFO longbench_official_benchmark: config=delta_int2_k4_entropy_unigram_int4 task=trec progress=20/200
2026-03-27 00:30:50,563 INFO longbench_official_benchmark: config=delta_int2_k4_entropy_unigram_int4 task=trec progress=30/200
2026-03-27 00:31:40,488 INFO longbench_official_benchmark: config=delta_int2_k4_entropy_unigram_int4 task=trec progress=40/200
2026-03-27 00:32:40,091 INFO longbench_official_benchmark: config=delta_int2_k4_entropy_unigram_int4 task=trec progress=50/200
2026-03-27 00:33:33,274 INFO longbench_official_benchmark: config=delta_int2_k4_entropy_unigram_int4 task=trec progress=60/200
2026-03-27 00:34:25,278 INFO longbench_official_benchmark: config=delta_int2_k4_entropy_unigram_int4 task=trec progress=70/200
2026-03-27 00:35:28,504 INFO longbench_official_benchmark: config=delta_int2_k4_entropy_unigram_int4 task=trec progress=80/200
2026-03-27 00:36:31,546 INFO longbench_official_benchmark: config=delta_int2_k4_entropy_unigram_int4 task=trec progress=90/200
2026-03-27 00:37:42,478 INFO longbench_official_benchmark: config=delta_int2_k4_entropy_unigram_int4 task=trec progress=100/200
2026-03-27 00:38:37,079 INFO longbench_official_benchmark: config=delta_int2_k4_entropy_unigram_int4 task=trec progress=110/200
2026-03-27 00:39:39,689 INFO longbench_official_benchmark: config=delta_int2_k4_entropy_unigram_int4 task=trec progress=120/200
2026-03-27 00:40:36,538 INFO longbench_official_benchmark: config=delta_int2_k4_entropy_unigram_int4 task=trec progress=130/200
2026-03-27 00:41:37,642 INFO longbench_official_benchmark: config=delta_int2_k4_entropy_unigram_int4 task=trec progress=140/200
2026-03-27 00:42:41,931 INFO longbench_official_benchmark: config=delta_int2_k4_entropy_unigram_int4 task=trec progress=150/200
2026-03-27 00:43:39,931 INFO longbench_official_benchmark: config=delta_int2_k4_entropy_unigram_int4 task=trec progress=160/200
2026-03-27 00:44:40,391 INFO longbench_official_benchmark: config=delta_int2_k4_entropy_unigram_int4 task=trec progress=170/200
2026-03-27 00:45:36,365 INFO longbench_official_benchmark: config=delta_int2_k4_entropy_unigram_int4 task=trec progress=180/200
2026-03-27 00:46:33,376 INFO longbench_official_benchmark: config=delta_int2_k4_entropy_unigram_int4 task=trec progress=190/200
2026-03-27 00:47:32,805 INFO longbench_official_benchmark: config=delta_int2_k4_entropy_unigram_int4 task=trec progress=200/200
/usr/local/lib/python3.10/dist-packages/fuzzywuzzy/fuzz.py:11: UserWarning: Using slow pure-python SequenceMatcher. Install python-Levenshtein to remove this warning
  warnings.warn('Using slow pure-python SequenceMatcher. Install python-Levenshtein to remove this warning')
Building prefix dict from the default dictionary ...
Loading model from cache /tmp/jieba.cache
Loading model cost 0.574 seconds.
Prefix dict has been built successfully.
Evaluating on: ['trec.jsonl', 'qasper.jsonl', 'gov_report.jsonl', 'result.json', 'vcsum.jsonl', 'multi_news.jsonl', 'dureader.jsonl', 'qmsum.jsonl', '2wikimqa.jsonl', 'narrativeqa.jsonl', 'task_results.json', 'multifieldqa_zh.jsonl', 'multifieldqa_en.jsonl', 'musique.jsonl', 'hotpotqa.jsonl']
2026-03-27 00:48:11,842 INFO longbench_official_benchmark: task completed config=delta_int2_k4_entropy_unigram_int4 task=trec score=77.0 samples=200 summary=/root/ActivationPerturbationAnalysis/official_longbench/LongBench/pred/qwen14b_cpuonly_delta_int2_k4_entropy_unigram_int4/task_results.json
2026-03-27 00:49:16,129 INFO longbench_official_benchmark: config=delta_int2_k4_entropy_unigram_int4 task=triviaqa progress=10/200
2026-03-27 00:50:23,407 INFO longbench_official_benchmark: config=delta_int2_k4_entropy_unigram_int4 task=triviaqa progress=20/200
2026-03-27 00:51:34,662 INFO longbench_official_benchmark: config=delta_int2_k4_entropy_unigram_int4 task=triviaqa progress=30/200
2026-03-27 00:52:54,319 INFO longbench_official_benchmark: config=delta_int2_k4_entropy_unigram_int4 task=triviaqa progress=40/200
2026-03-27 00:53:57,568 INFO longbench_official_benchmark: config=delta_int2_k4_entropy_unigram_int4 task=triviaqa progress=50/200
2026-03-27 00:55:14,476 INFO longbench_official_benchmark: config=delta_int2_k4_entropy_unigram_int4 task=triviaqa progress=60/200
2026-03-27 00:56:23,734 INFO longbench_official_benchmark: config=delta_int2_k4_entropy_unigram_int4 task=triviaqa progress=70/200
2026-03-27 00:57:34,245 INFO longbench_official_benchmark: config=delta_int2_k4_entropy_unigram_int4 task=triviaqa progress=80/200
2026-03-27 00:58:36,201 INFO longbench_official_benchmark: config=delta_int2_k4_entropy_unigram_int4 task=triviaqa progress=90/200
2026-03-27 00:59:55,257 INFO longbench_official_benchmark: config=delta_int2_k4_entropy_unigram_int4 task=triviaqa progress=100/200
2026-03-27 01:01:38,248 INFO longbench_official_benchmark: config=delta_int2_k4_entropy_unigram_int4 task=triviaqa progress=110/200
2026-03-27 01:02:44,954 INFO longbench_official_benchmark: config=delta_int2_k4_entropy_unigram_int4 task=triviaqa progress=120/200
2026-03-27 01:04:03,806 INFO longbench_official_benchmark: config=delta_int2_k4_entropy_unigram_int4 task=triviaqa progress=130/200
2026-03-27 01:05:12,049 INFO longbench_official_benchmark: config=delta_int2_k4_entropy_unigram_int4 task=triviaqa progress=140/200
2026-03-27 01:06:29,015 INFO longbench_official_benchmark: config=delta_int2_k4_entropy_unigram_int4 task=triviaqa progress=150/200
2026-03-27 01:07:47,845 INFO longbench_official_benchmark: config=delta_int2_k4_entropy_unigram_int4 task=triviaqa progress=160/200
2026-03-27 01:08:51,148 INFO longbench_official_benchmark: config=delta_int2_k4_entropy_unigram_int4 task=triviaqa progress=170/200
2026-03-27 01:10:07,532 INFO longbench_official_benchmark: config=delta_int2_k4_entropy_unigram_int4 task=triviaqa progress=180/200
2026-03-27 01:11:15,071 INFO longbench_official_benchmark: config=delta_int2_k4_entropy_unigram_int4 task=triviaqa progress=190/200
2026-03-27 01:12:23,810 INFO longbench_official_benchmark: config=delta_int2_k4_entropy_unigram_int4 task=triviaqa progress=200/200
/usr/local/lib/python3.10/dist-packages/fuzzywuzzy/fuzz.py:11: UserWarning: Using slow pure-python SequenceMatcher. Install python-Levenshtein to remove this warning
  warnings.warn('Using slow pure-python SequenceMatcher. Install python-Levenshtein to remove this warning')
Building prefix dict from the default dictionary ...
Loading model from cache /tmp/jieba.cache
Loading model cost 0.561 seconds.
Prefix dict has been built successfully.
Evaluating on: ['trec.jsonl', 'qasper.jsonl', 'gov_report.jsonl', 'result.json', 'vcsum.jsonl', 'multi_news.jsonl', 'dureader.jsonl', 'qmsum.jsonl', '2wikimqa.jsonl', 'narrativeqa.jsonl', 'task_results.json', 'multifieldqa_zh.jsonl', 'multifieldqa_en.jsonl', 'musique.jsonl', 'hotpotqa.jsonl', 'triviaqa.jsonl']
2026-03-27 01:13:02,792 INFO longbench_official_benchmark: task completed config=delta_int2_k4_entropy_unigram_int4 task=triviaqa score=89.6 samples=200 summary=/root/ActivationPerturbationAnalysis/official_longbench/LongBench/pred/qwen14b_cpuonly_delta_int2_k4_entropy_unigram_int4/task_results.json
2026-03-27 01:14:59,441 INFO longbench_official_benchmark: config=delta_int2_k4_entropy_unigram_int4 task=samsum progress=10/200
2026-03-27 01:16:35,943 INFO longbench_official_benchmark: config=delta_int2_k4_entropy_unigram_int4 task=samsum progress=20/200
2026-03-27 01:18:37,613 INFO longbench_official_benchmark: config=delta_int2_k4_entropy_unigram_int4 task=samsum progress=30/200
2026-03-27 01:20:23,801 INFO longbench_official_benchmark: config=delta_int2_k4_entropy_unigram_int4 task=samsum progress=40/200
2026-03-27 01:22:01,259 INFO longbench_official_benchmark: config=delta_int2_k4_entropy_unigram_int4 task=samsum progress=50/200
2026-03-27 01:23:43,687 INFO longbench_official_benchmark: config=delta_int2_k4_entropy_unigram_int4 task=samsum progress=60/200
2026-03-27 01:25:20,689 INFO longbench_official_benchmark: config=delta_int2_k4_entropy_unigram_int4 task=samsum progress=70/200
2026-03-27 01:27:12,861 INFO longbench_official_benchmark: config=delta_int2_k4_entropy_unigram_int4 task=samsum progress=80/200
2026-03-27 01:28:53,252 INFO longbench_official_benchmark: config=delta_int2_k4_entropy_unigram_int4 task=samsum progress=90/200
2026-03-27 01:30:46,644 INFO longbench_official_benchmark: config=delta_int2_k4_entropy_unigram_int4 task=samsum progress=100/200
2026-03-27 01:32:23,618 INFO longbench_official_benchmark: config=delta_int2_k4_entropy_unigram_int4 task=samsum progress=110/200
2026-03-27 01:33:58,393 INFO longbench_official_benchmark: config=delta_int2_k4_entropy_unigram_int4 task=samsum progress=120/200
2026-03-27 01:35:36,576 INFO longbench_official_benchmark: config=delta_int2_k4_entropy_unigram_int4 task=samsum progress=130/200
2026-03-27 01:37:14,400 INFO longbench_official_benchmark: config=delta_int2_k4_entropy_unigram_int4 task=samsum progress=140/200
2026-03-27 01:39:12,719 INFO longbench_official_benchmark: config=delta_int2_k4_entropy_unigram_int4 task=samsum progress=150/200
2026-03-27 01:40:56,684 INFO longbench_official_benchmark: config=delta_int2_k4_entropy_unigram_int4 task=samsum progress=160/200
2026-03-27 01:42:47,721 INFO longbench_official_benchmark: config=delta_int2_k4_entropy_unigram_int4 task=samsum progress=170/200
2026-03-27 01:44:35,819 INFO longbench_official_benchmark: config=delta_int2_k4_entropy_unigram_int4 task=samsum progress=180/200
2026-03-27 01:46:23,989 INFO longbench_official_benchmark: config=delta_int2_k4_entropy_unigram_int4 task=samsum progress=190/200
2026-03-27 01:48:12,143 INFO longbench_official_benchmark: config=delta_int2_k4_entropy_unigram_int4 task=samsum progress=200/200
/usr/local/lib/python3.10/dist-packages/fuzzywuzzy/fuzz.py:11: UserWarning: Using slow pure-python SequenceMatcher. Install python-Levenshtein to remove this warning
  warnings.warn('Using slow pure-python SequenceMatcher. Install python-Levenshtein to remove this warning')
Building prefix dict from the default dictionary ...
Loading model from cache /tmp/jieba.cache
Loading model cost 0.582 seconds.
Prefix dict has been built successfully.
Evaluating on: ['trec.jsonl', 'qasper.jsonl', 'gov_report.jsonl', 'result.json', 'vcsum.jsonl', 'multi_news.jsonl', 'dureader.jsonl', 'qmsum.jsonl', '2wikimqa.jsonl', 'narrativeqa.jsonl', 'task_results.json', 'samsum.jsonl', 'multifieldqa_zh.jsonl', 'multifieldqa_en.jsonl', 'musique.jsonl', 'hotpotqa.jsonl', 'triviaqa.jsonl']
2026-03-27 01:48:51,415 INFO longbench_official_benchmark: task completed config=delta_int2_k4_entropy_unigram_int4 task=samsum score=47.69 samples=200 summary=/root/ActivationPerturbationAnalysis/official_longbench/LongBench/pred/qwen14b_cpuonly_delta_int2_k4_entropy_unigram_int4/task_results.json
2026-03-27 01:50:11,631 INFO longbench_official_benchmark: config=delta_int2_k4_entropy_unigram_int4 task=lsht progress=10/200
2026-03-27 01:52:12,640 INFO longbench_official_benchmark: config=delta_int2_k4_entropy_unigram_int4 task=lsht progress=20/200
2026-03-27 01:53:44,312 INFO longbench_official_benchmark: config=delta_int2_k4_entropy_unigram_int4 task=lsht progress=30/200
2026-03-27 01:55:13,352 INFO longbench_official_benchmark: config=delta_int2_k4_entropy_unigram_int4 task=lsht progress=40/200
2026-03-27 01:56:38,646 INFO longbench_official_benchmark: config=delta_int2_k4_entropy_unigram_int4 task=lsht progress=50/200
2026-03-27 01:58:27,692 INFO longbench_official_benchmark: config=delta_int2_k4_entropy_unigram_int4 task=lsht progress=60/200
2026-03-27 02:00:06,416 INFO longbench_official_benchmark: config=delta_int2_k4_entropy_unigram_int4 task=lsht progress=70/200
2026-03-27 02:02:04,797 INFO longbench_official_benchmark: config=delta_int2_k4_entropy_unigram_int4 task=lsht progress=80/200
2026-03-27 02:03:59,960 INFO longbench_official_benchmark: config=delta_int2_k4_entropy_unigram_int4 task=lsht progress=90/200
2026-03-27 02:06:14,463 INFO longbench_official_benchmark: config=delta_int2_k4_entropy_unigram_int4 task=lsht progress=100/200
2026-03-27 02:08:11,392 INFO longbench_official_benchmark: config=delta_int2_k4_entropy_unigram_int4 task=lsht progress=110/200
2026-03-27 02:09:51,809 INFO longbench_official_benchmark: config=delta_int2_k4_entropy_unigram_int4 task=lsht progress=120/200
2026-03-27 02:11:37,062 INFO longbench_official_benchmark: config=delta_int2_k4_entropy_unigram_int4 task=lsht progress=130/200
2026-03-27 02:13:35,813 INFO longbench_official_benchmark: config=delta_int2_k4_entropy_unigram_int4 task=lsht progress=140/200
2026-03-27 02:15:03,563 INFO longbench_official_benchmark: config=delta_int2_k4_entropy_unigram_int4 task=lsht progress=150/200
2026-03-27 02:16:51,387 INFO longbench_official_benchmark: config=delta_int2_k4_entropy_unigram_int4 task=lsht progress=160/200
2026-03-27 02:18:43,851 INFO longbench_official_benchmark: config=delta_int2_k4_entropy_unigram_int4 task=lsht progress=170/200
2026-03-27 02:20:21,857 INFO longbench_official_benchmark: config=delta_int2_k4_entropy_unigram_int4 task=lsht progress=180/200
2026-03-27 02:21:52,359 INFO longbench_official_benchmark: config=delta_int2_k4_entropy_unigram_int4 task=lsht progress=190/200
2026-03-27 02:23:31,813 INFO longbench_official_benchmark: config=delta_int2_k4_entropy_unigram_int4 task=lsht progress=200/200
/usr/local/lib/python3.10/dist-packages/fuzzywuzzy/fuzz.py:11: UserWarning: Using slow pure-python SequenceMatcher. Install python-Levenshtein to remove this warning
  warnings.warn('Using slow pure-python SequenceMatcher. Install python-Levenshtein to remove this warning')
Building prefix dict from the default dictionary ...
Loading model from cache /tmp/jieba.cache
Loading model cost 0.574 seconds.
Prefix dict has been built successfully.
Evaluating on: ['trec.jsonl', 'qasper.jsonl', 'gov_report.jsonl', 'result.json', 'vcsum.jsonl', 'multi_news.jsonl', 'dureader.jsonl', 'qmsum.jsonl', '2wikimqa.jsonl', 'narrativeqa.jsonl', 'task_results.json', 'samsum.jsonl', 'multifieldqa_zh.jsonl', 'lsht.jsonl', 'multifieldqa_en.jsonl', 'musique.jsonl', 'hotpotqa.jsonl', 'triviaqa.jsonl']
2026-03-27 02:24:10,830 INFO longbench_official_benchmark: task completed config=delta_int2_k4_entropy_unigram_int4 task=lsht score=49.25 samples=200 summary=/root/ActivationPerturbationAnalysis/official_longbench/LongBench/pred/qwen14b_cpuonly_delta_int2_k4_entropy_unigram_int4/task_results.json
2026-03-27 02:25:29,815 INFO longbench_official_benchmark: config=delta_int2_k4_entropy_unigram_int4 task=passage_count progress=10/200
2026-03-27 02:26:48,103 INFO longbench_official_benchmark: config=delta_int2_k4_entropy_unigram_int4 task=passage_count progress=20/200
2026-03-27 02:28:01,104 INFO longbench_official_benchmark: config=delta_int2_k4_entropy_unigram_int4 task=passage_count progress=30/200
2026-03-27 02:29:29,000 INFO longbench_official_benchmark: config=delta_int2_k4_entropy_unigram_int4 task=passage_count progress=40/200
2026-03-27 02:30:54,067 INFO longbench_official_benchmark: config=delta_int2_k4_entropy_unigram_int4 task=passage_count progress=50/200
2026-03-27 02:32:08,217 INFO longbench_official_benchmark: config=delta_int2_k4_entropy_unigram_int4 task=passage_count progress=60/200
2026-03-27 02:33:21,229 INFO longbench_official_benchmark: config=delta_int2_k4_entropy_unigram_int4 task=passage_count progress=70/200
2026-03-27 02:34:30,953 INFO longbench_official_benchmark: config=delta_int2_k4_entropy_unigram_int4 task=passage_count progress=80/200
2026-03-27 02:35:36,736 INFO longbench_official_benchmark: config=delta_int2_k4_entropy_unigram_int4 task=passage_count progress=90/200
2026-03-27 02:36:46,539 INFO longbench_official_benchmark: config=delta_int2_k4_entropy_unigram_int4 task=passage_count progress=100/200
2026-03-27 02:38:09,022 INFO longbench_official_benchmark: config=delta_int2_k4_entropy_unigram_int4 task=passage_count progress=110/200
2026-03-27 02:39:20,340 INFO longbench_official_benchmark: config=delta_int2_k4_entropy_unigram_int4 task=passage_count progress=120/200
2026-03-27 02:40:43,275 INFO longbench_official_benchmark: config=delta_int2_k4_entropy_unigram_int4 task=passage_count progress=130/200
2026-03-27 02:41:58,890 INFO longbench_official_benchmark: config=delta_int2_k4_entropy_unigram_int4 task=passage_count progress=140/200
2026-03-27 02:43:34,144 INFO longbench_official_benchmark: config=delta_int2_k4_entropy_unigram_int4 task=passage_count progress=150/200
2026-03-27 02:44:46,040 INFO longbench_official_benchmark: config=delta_int2_k4_entropy_unigram_int4 task=passage_count progress=160/200
2026-03-27 02:46:09,060 INFO longbench_official_benchmark: config=delta_int2_k4_entropy_unigram_int4 task=passage_count progress=170/200
2026-03-27 02:47:23,572 INFO longbench_official_benchmark: config=delta_int2_k4_entropy_unigram_int4 task=passage_count progress=180/200
2026-03-27 02:48:43,405 INFO longbench_official_benchmark: config=delta_int2_k4_entropy_unigram_int4 task=passage_count progress=190/200
2026-03-27 02:50:07,009 INFO longbench_official_benchmark: config=delta_int2_k4_entropy_unigram_int4 task=passage_count progress=200/200
/usr/local/lib/python3.10/dist-packages/fuzzywuzzy/fuzz.py:11: UserWarning: Using slow pure-python SequenceMatcher. Install python-Levenshtein to remove this warning
  warnings.warn('Using slow pure-python SequenceMatcher. Install python-Levenshtein to remove this warning')
Building prefix dict from the default dictionary ...
Loading model from cache /tmp/jieba.cache
Loading model cost 0.583 seconds.
Prefix dict has been built successfully.
Evaluating on: ['trec.jsonl', 'qasper.jsonl', 'gov_report.jsonl', 'result.json', 'vcsum.jsonl', 'multi_news.jsonl', 'dureader.jsonl', 'qmsum.jsonl', '2wikimqa.jsonl', 'narrativeqa.jsonl', 'task_results.json', 'samsum.jsonl', 'multifieldqa_zh.jsonl', 'lsht.jsonl', 'multifieldqa_en.jsonl', 'passage_count.jsonl', 'musique.jsonl', 'hotpotqa.jsonl', 'triviaqa.jsonl']
2026-03-27 02:50:46,174 INFO longbench_official_benchmark: task completed config=delta_int2_k4_entropy_unigram_int4 task=passage_count score=12.58 samples=200 summary=/root/ActivationPerturbationAnalysis/official_longbench/LongBench/pred/qwen14b_cpuonly_delta_int2_k4_entropy_unigram_int4/task_results.json
2026-03-27 02:51:40,912 INFO longbench_official_benchmark: config=delta_int2_k4_entropy_unigram_int4 task=passage_retrieval_en progress=10/200
2026-03-27 02:52:45,850 INFO longbench_official_benchmark: config=delta_int2_k4_entropy_unigram_int4 task=passage_retrieval_en progress=20/200
2026-03-27 02:53:47,215 INFO longbench_official_benchmark: config=delta_int2_k4_entropy_unigram_int4 task=passage_retrieval_en progress=30/200
2026-03-27 02:54:46,719 INFO longbench_official_benchmark: config=delta_int2_k4_entropy_unigram_int4 task=passage_retrieval_en progress=40/200
2026-03-27 02:55:51,277 INFO longbench_official_benchmark: config=delta_int2_k4_entropy_unigram_int4 task=passage_retrieval_en progress=50/200
2026-03-27 02:56:53,992 INFO longbench_official_benchmark: config=delta_int2_k4_entropy_unigram_int4 task=passage_retrieval_en progress=60/200
2026-03-27 02:57:56,335 INFO longbench_official_benchmark: config=delta_int2_k4_entropy_unigram_int4 task=passage_retrieval_en progress=70/200
2026-03-27 02:58:57,334 INFO longbench_official_benchmark: config=delta_int2_k4_entropy_unigram_int4 task=passage_retrieval_en progress=80/200
2026-03-27 02:59:56,981 INFO longbench_official_benchmark: config=delta_int2_k4_entropy_unigram_int4 task=passage_retrieval_en progress=90/200
2026-03-27 03:00:57,907 INFO longbench_official_benchmark: config=delta_int2_k4_entropy_unigram_int4 task=passage_retrieval_en progress=100/200
2026-03-27 03:02:02,214 INFO longbench_official_benchmark: config=delta_int2_k4_entropy_unigram_int4 task=passage_retrieval_en progress=110/200
2026-03-27 03:03:03,356 INFO longbench_official_benchmark: config=delta_int2_k4_entropy_unigram_int4 task=passage_retrieval_en progress=120/200
2026-03-27 03:04:03,038 INFO longbench_official_benchmark: config=delta_int2_k4_entropy_unigram_int4 task=passage_retrieval_en progress=130/200
2026-03-27 03:05:02,952 INFO longbench_official_benchmark: config=delta_int2_k4_entropy_unigram_int4 task=passage_retrieval_en progress=140/200
2026-03-27 03:06:03,470 INFO longbench_official_benchmark: config=delta_int2_k4_entropy_unigram_int4 task=passage_retrieval_en progress=150/200
2026-03-27 03:07:03,156 INFO longbench_official_benchmark: config=delta_int2_k4_entropy_unigram_int4 task=passage_retrieval_en progress=160/200
2026-03-27 03:07:59,248 INFO longbench_official_benchmark: config=delta_int2_k4_entropy_unigram_int4 task=passage_retrieval_en progress=170/200
2026-03-27 03:08:57,489 INFO longbench_official_benchmark: config=delta_int2_k4_entropy_unigram_int4 task=passage_retrieval_en progress=180/200
2026-03-27 03:09:59,138 INFO longbench_official_benchmark: config=delta_int2_k4_entropy_unigram_int4 task=passage_retrieval_en progress=190/200
2026-03-27 03:10:59,530 INFO longbench_official_benchmark: config=delta_int2_k4_entropy_unigram_int4 task=passage_retrieval_en progress=200/200
/usr/local/lib/python3.10/dist-packages/fuzzywuzzy/fuzz.py:11: UserWarning: Using slow pure-python SequenceMatcher. Install python-Levenshtein to remove this warning
  warnings.warn('Using slow pure-python SequenceMatcher. Install python-Levenshtein to remove this warning')
Building prefix dict from the default dictionary ...
Loading model from cache /tmp/jieba.cache
Loading model cost 0.563 seconds.
Prefix dict has been built successfully.
Evaluating on: ['trec.jsonl', 'qasper.jsonl', 'gov_report.jsonl', 'result.json', 'vcsum.jsonl', 'multi_news.jsonl', 'dureader.jsonl', 'qmsum.jsonl', '2wikimqa.jsonl', 'passage_retrieval_en.jsonl', 'narrativeqa.jsonl', 'task_results.json', 'samsum.jsonl', 'multifieldqa_zh.jsonl', 'lsht.jsonl', 'multifieldqa_en.jsonl', 'passage_count.jsonl', 'musique.jsonl', 'hotpotqa.jsonl', 'triviaqa.jsonl']
2026-03-27 03:11:38,789 INFO longbench_official_benchmark: task completed config=delta_int2_k4_entropy_unigram_int4 task=passage_retrieval_en score=98.75 samples=200 summary=/root/ActivationPerturbationAnalysis/official_longbench/LongBench/pred/qwen14b_cpuonly_delta_int2_k4_entropy_unigram_int4/task_results.json
2026-03-27 03:12:00,141 INFO longbench_official_benchmark: config=delta_int2_k4_entropy_unigram_int4 task=passage_retrieval_zh progress=10/200
2026-03-27 03:12:21,380 INFO longbench_official_benchmark: config=delta_int2_k4_entropy_unigram_int4 task=passage_retrieval_zh progress=20/200
2026-03-27 03:12:43,877 INFO longbench_official_benchmark: config=delta_int2_k4_entropy_unigram_int4 task=passage_retrieval_zh progress=30/200
2026-03-27 03:13:07,924 INFO longbench_official_benchmark: config=delta_int2_k4_entropy_unigram_int4 task=passage_retrieval_zh progress=40/200
2026-03-27 03:13:31,980 INFO longbench_official_benchmark: config=delta_int2_k4_entropy_unigram_int4 task=passage_retrieval_zh progress=50/200
2026-03-27 03:13:54,799 INFO longbench_official_benchmark: config=delta_int2_k4_entropy_unigram_int4 task=passage_retrieval_zh progress=60/200
2026-03-27 03:14:17,661 INFO longbench_official_benchmark: config=delta_int2_k4_entropy_unigram_int4 task=passage_retrieval_zh progress=70/200
2026-03-27 03:14:40,187 INFO longbench_official_benchmark: config=delta_int2_k4_entropy_unigram_int4 task=passage_retrieval_zh progress=80/200
2026-03-27 03:15:01,317 INFO longbench_official_benchmark: config=delta_int2_k4_entropy_unigram_int4 task=passage_retrieval_zh progress=90/200
2026-03-27 03:15:25,501 INFO longbench_official_benchmark: config=delta_int2_k4_entropy_unigram_int4 task=passage_retrieval_zh progress=100/200
2026-03-27 03:15:49,111 INFO longbench_official_benchmark: config=delta_int2_k4_entropy_unigram_int4 task=passage_retrieval_zh progress=110/200
2026-03-27 03:16:14,771 INFO longbench_official_benchmark: config=delta_int2_k4_entropy_unigram_int4 task=passage_retrieval_zh progress=120/200
2026-03-27 03:16:38,526 INFO longbench_official_benchmark: config=delta_int2_k4_entropy_unigram_int4 task=passage_retrieval_zh progress=130/200
2026-03-27 03:17:01,763 INFO longbench_official_benchmark: config=delta_int2_k4_entropy_unigram_int4 task=passage_retrieval_zh progress=140/200
2026-03-27 03:17:26,168 INFO longbench_official_benchmark: config=delta_int2_k4_entropy_unigram_int4 task=passage_retrieval_zh progress=150/200
2026-03-27 03:17:47,864 INFO longbench_official_benchmark: config=delta_int2_k4_entropy_unigram_int4 task=passage_retrieval_zh progress=160/200
2026-03-27 03:18:10,921 INFO longbench_official_benchmark: config=delta_int2_k4_entropy_unigram_int4 task=passage_retrieval_zh progress=170/200
2026-03-27 03:18:33,512 INFO longbench_official_benchmark: config=delta_int2_k4_entropy_unigram_int4 task=passage_retrieval_zh progress=180/200
2026-03-27 03:18:56,004 INFO longbench_official_benchmark: config=delta_int2_k4_entropy_unigram_int4 task=passage_retrieval_zh progress=190/200
2026-03-27 03:19:19,845 INFO longbench_official_benchmark: config=delta_int2_k4_entropy_unigram_int4 task=passage_retrieval_zh progress=200/200
/usr/local/lib/python3.10/dist-packages/fuzzywuzzy/fuzz.py:11: UserWarning: Using slow pure-python SequenceMatcher. Install python-Levenshtein to remove this warning
  warnings.warn('Using slow pure-python SequenceMatcher. Install python-Levenshtein to remove this warning')
Building prefix dict from the default dictionary ...
Loading model from cache /tmp/jieba.cache
Loading model cost 0.571 seconds.
Prefix dict has been built successfully.
Evaluating on: ['trec.jsonl', 'qasper.jsonl', 'gov_report.jsonl', 'result.json', 'vcsum.jsonl', 'multi_news.jsonl', 'dureader.jsonl', 'qmsum.jsonl', 'passage_retrieval_zh.jsonl', '2wikimqa.jsonl', 'passage_retrieval_en.jsonl', 'narrativeqa.jsonl', 'task_results.json', 'samsum.jsonl', 'multifieldqa_zh.jsonl', 'lsht.jsonl', 'multifieldqa_en.jsonl', 'passage_count.jsonl', 'musique.jsonl', 'hotpotqa.jsonl', 'triviaqa.jsonl']
2026-03-27 03:19:59,285 INFO longbench_official_benchmark: task completed config=delta_int2_k4_entropy_unigram_int4 task=passage_retrieval_zh score=99.58 samples=200 summary=/root/ActivationPerturbationAnalysis/official_longbench/LongBench/pred/qwen14b_cpuonly_delta_int2_k4_entropy_unigram_int4/task_results.json
2026-03-27 03:20:40,159 INFO longbench_official_benchmark: config=delta_int2_k4_entropy_unigram_int4 task=lcc progress=10/500
2026-03-27 03:21:16,884 INFO longbench_official_benchmark: config=delta_int2_k4_entropy_unigram_int4 task=lcc progress=20/500
2026-03-27 03:22:05,257 INFO longbench_official_benchmark: config=delta_int2_k4_entropy_unigram_int4 task=lcc progress=30/500
2026-03-27 03:22:41,562 INFO longbench_official_benchmark: config=delta_int2_k4_entropy_unigram_int4 task=lcc progress=40/500
2026-03-27 03:23:17,423 INFO longbench_official_benchmark: config=delta_int2_k4_entropy_unigram_int4 task=lcc progress=50/500
2026-03-27 03:24:00,635 INFO longbench_official_benchmark: config=delta_int2_k4_entropy_unigram_int4 task=lcc progress=60/500
2026-03-27 03:24:34,994 INFO longbench_official_benchmark: config=delta_int2_k4_entropy_unigram_int4 task=lcc progress=70/500
2026-03-27 03:25:11,094 INFO longbench_official_benchmark: config=delta_int2_k4_entropy_unigram_int4 task=lcc progress=80/500
2026-03-27 03:25:50,310 INFO longbench_official_benchmark: config=delta_int2_k4_entropy_unigram_int4 task=lcc progress=90/500
2026-03-27 03:26:28,899 INFO longbench_official_benchmark: config=delta_int2_k4_entropy_unigram_int4 task=lcc progress=100/500
2026-03-27 03:27:09,188 INFO longbench_official_benchmark: config=delta_int2_k4_entropy_unigram_int4 task=lcc progress=110/500
2026-03-27 03:27:49,269 INFO longbench_official_benchmark: config=delta_int2_k4_entropy_unigram_int4 task=lcc progress=120/500
2026-03-27 03:28:25,718 INFO longbench_official_benchmark: config=delta_int2_k4_entropy_unigram_int4 task=lcc progress=130/500
2026-03-27 03:29:01,290 INFO longbench_official_benchmark: config=delta_int2_k4_entropy_unigram_int4 task=lcc progress=140/500
2026-03-27 03:29:38,699 INFO longbench_official_benchmark: config=delta_int2_k4_entropy_unigram_int4 task=lcc progress=150/500
2026-03-27 03:30:16,810 INFO longbench_official_benchmark: config=delta_int2_k4_entropy_unigram_int4 task=lcc progress=160/500
2026-03-27 03:30:56,430 INFO longbench_official_benchmark: config=delta_int2_k4_entropy_unigram_int4 task=lcc progress=170/500
2026-03-27 03:31:37,680 INFO longbench_official_benchmark: config=delta_int2_k4_entropy_unigram_int4 task=lcc progress=180/500
2026-03-27 03:32:14,450 INFO longbench_official_benchmark: config=delta_int2_k4_entropy_unigram_int4 task=lcc progress=190/500
2026-03-27 03:32:50,256 INFO longbench_official_benchmark: config=delta_int2_k4_entropy_unigram_int4 task=lcc progress=200/500
2026-03-27 03:33:32,062 INFO longbench_official_benchmark: config=delta_int2_k4_entropy_unigram_int4 task=lcc progress=210/500
2026-03-27 03:34:07,547 INFO longbench_official_benchmark: config=delta_int2_k4_entropy_unigram_int4 task=lcc progress=220/500
2026-03-27 03:34:44,860 INFO longbench_official_benchmark: config=delta_int2_k4_entropy_unigram_int4 task=lcc progress=230/500
2026-03-27 03:35:20,007 INFO longbench_official_benchmark: config=delta_int2_k4_entropy_unigram_int4 task=lcc progress=240/500
2026-03-27 03:36:12,173 INFO longbench_official_benchmark: config=delta_int2_k4_entropy_unigram_int4 task=lcc progress=250/500
2026-03-27 03:36:57,440 INFO longbench_official_benchmark: config=delta_int2_k4_entropy_unigram_int4 task=lcc progress=260/500
2026-03-27 03:38:03,206 INFO longbench_official_benchmark: config=delta_int2_k4_entropy_unigram_int4 task=lcc progress=270/500
2026-03-27 03:38:47,870 INFO longbench_official_benchmark: config=delta_int2_k4_entropy_unigram_int4 task=lcc progress=280/500
2026-03-27 03:39:22,301 INFO longbench_official_benchmark: config=delta_int2_k4_entropy_unigram_int4 task=lcc progress=290/500
2026-03-27 03:40:05,581 INFO longbench_official_benchmark: config=delta_int2_k4_entropy_unigram_int4 task=lcc progress=300/500
2026-03-27 03:40:45,411 INFO longbench_official_benchmark: config=delta_int2_k4_entropy_unigram_int4 task=lcc progress=310/500
2026-03-27 03:41:22,665 INFO longbench_official_benchmark: config=delta_int2_k4_entropy_unigram_int4 task=lcc progress=320/500
2026-03-27 03:42:07,929 INFO longbench_official_benchmark: config=delta_int2_k4_entropy_unigram_int4 task=lcc progress=330/500
2026-03-27 03:42:49,556 INFO longbench_official_benchmark: config=delta_int2_k4_entropy_unigram_int4 task=lcc progress=340/500
2026-03-27 03:43:27,207 INFO longbench_official_benchmark: config=delta_int2_k4_entropy_unigram_int4 task=lcc progress=350/500
2026-03-27 03:44:04,005 INFO longbench_official_benchmark: config=delta_int2_k4_entropy_unigram_int4 task=lcc progress=360/500
2026-03-27 03:44:43,212 INFO longbench_official_benchmark: config=delta_int2_k4_entropy_unigram_int4 task=lcc progress=370/500
2026-03-27 03:45:21,661 INFO longbench_official_benchmark: config=delta_int2_k4_entropy_unigram_int4 task=lcc progress=380/500
2026-03-27 03:45:58,025 INFO longbench_official_benchmark: config=delta_int2_k4_entropy_unigram_int4 task=lcc progress=390/500
2026-03-27 03:46:37,092 INFO longbench_official_benchmark: config=delta_int2_k4_entropy_unigram_int4 task=lcc progress=400/500
2026-03-27 03:47:14,847 INFO longbench_official_benchmark: config=delta_int2_k4_entropy_unigram_int4 task=lcc progress=410/500
2026-03-27 03:47:53,237 INFO longbench_official_benchmark: config=delta_int2_k4_entropy_unigram_int4 task=lcc progress=420/500
2026-03-27 03:48:30,809 INFO longbench_official_benchmark: config=delta_int2_k4_entropy_unigram_int4 task=lcc progress=430/500
2026-03-27 03:49:07,818 INFO longbench_official_benchmark: config=delta_int2_k4_entropy_unigram_int4 task=lcc progress=440/500
2026-03-27 03:49:44,893 INFO longbench_official_benchmark: config=delta_int2_k4_entropy_unigram_int4 task=lcc progress=450/500
2026-03-27 03:50:26,130 INFO longbench_official_benchmark: config=delta_int2_k4_entropy_unigram_int4 task=lcc progress=460/500
2026-03-27 03:51:08,266 INFO longbench_official_benchmark: config=delta_int2_k4_entropy_unigram_int4 task=lcc progress=470/500
2026-03-27 03:51:44,889 INFO longbench_official_benchmark: config=delta_int2_k4_entropy_unigram_int4 task=lcc progress=480/500
2026-03-27 03:52:22,237 INFO longbench_official_benchmark: config=delta_int2_k4_entropy_unigram_int4 task=lcc progress=490/500
2026-03-27 03:53:00,507 INFO longbench_official_benchmark: config=delta_int2_k4_entropy_unigram_int4 task=lcc progress=500/500
/usr/local/lib/python3.10/dist-packages/fuzzywuzzy/fuzz.py:11: UserWarning: Using slow pure-python SequenceMatcher. Install python-Levenshtein to remove this warning
  warnings.warn('Using slow pure-python SequenceMatcher. Install python-Levenshtein to remove this warning')
Building prefix dict from the default dictionary ...
Loading model from cache /tmp/jieba.cache
Loading model cost 0.564 seconds.
Prefix dict has been built successfully.
Evaluating on: ['trec.jsonl', 'qasper.jsonl', 'gov_report.jsonl', 'result.json', 'vcsum.jsonl', 'lcc.jsonl', 'multi_news.jsonl', 'dureader.jsonl', 'qmsum.jsonl', 'passage_retrieval_zh.jsonl', '2wikimqa.jsonl', 'passage_retrieval_en.jsonl', 'narrativeqa.jsonl', 'task_results.json', 'samsum.jsonl', 'multifieldqa_zh.jsonl', 'lsht.jsonl', 'multifieldqa_en.jsonl', 'passage_count.jsonl', 'musique.jsonl', 'hotpotqa.jsonl', 'triviaqa.jsonl']
2026-03-27 03:53:39,792 INFO longbench_official_benchmark: task completed config=delta_int2_k4_entropy_unigram_int4 task=lcc score=65.25 samples=500 summary=/root/ActivationPerturbationAnalysis/official_longbench/LongBench/pred/qwen14b_cpuonly_delta_int2_k4_entropy_unigram_int4/task_results.json
2026-03-27 03:55:29,029 INFO longbench_official_benchmark: config=delta_int2_k4_entropy_unigram_int4 task=repobench-p progress=10/500
2026-03-27 03:56:41,936 INFO longbench_official_benchmark: config=delta_int2_k4_entropy_unigram_int4 task=repobench-p progress=20/500
2026-03-27 03:58:07,331 INFO longbench_official_benchmark: config=delta_int2_k4_entropy_unigram_int4 task=repobench-p progress=30/500
2026-03-27 03:59:33,712 INFO longbench_official_benchmark: config=delta_int2_k4_entropy_unigram_int4 task=repobench-p progress=40/500
2026-03-27 04:01:05,701 INFO longbench_official_benchmark: config=delta_int2_k4_entropy_unigram_int4 task=repobench-p progress=50/500
2026-03-27 04:02:38,313 INFO longbench_official_benchmark: config=delta_int2_k4_entropy_unigram_int4 task=repobench-p progress=60/500
2026-03-27 04:03:56,099 INFO longbench_official_benchmark: config=delta_int2_k4_entropy_unigram_int4 task=repobench-p progress=70/500
2026-03-27 04:05:34,444 INFO longbench_official_benchmark: config=delta_int2_k4_entropy_unigram_int4 task=repobench-p progress=80/500
2026-03-27 04:06:47,654 INFO longbench_official_benchmark: config=delta_int2_k4_entropy_unigram_int4 task=repobench-p progress=90/500
2026-03-27 04:08:17,709 INFO longbench_official_benchmark: config=delta_int2_k4_entropy_unigram_int4 task=repobench-p progress=100/500
2026-03-27 04:09:21,372 INFO longbench_official_benchmark: config=delta_int2_k4_entropy_unigram_int4 task=repobench-p progress=110/500
2026-03-27 04:10:31,972 INFO longbench_official_benchmark: config=delta_int2_k4_entropy_unigram_int4 task=repobench-p progress=120/500
2026-03-27 04:12:03,140 INFO longbench_official_benchmark: config=delta_int2_k4_entropy_unigram_int4 task=repobench-p progress=130/500
2026-03-27 04:13:25,724 INFO longbench_official_benchmark: config=delta_int2_k4_entropy_unigram_int4 task=repobench-p progress=140/500
2026-03-27 04:14:39,656 INFO longbench_official_benchmark: config=delta_int2_k4_entropy_unigram_int4 task=repobench-p progress=150/500
2026-03-27 04:16:01,848 INFO longbench_official_benchmark: config=delta_int2_k4_entropy_unigram_int4 task=repobench-p progress=160/500
2026-03-27 04:17:29,935 INFO longbench_official_benchmark: config=delta_int2_k4_entropy_unigram_int4 task=repobench-p progress=170/500
2026-03-27 04:18:49,863 INFO longbench_official_benchmark: config=delta_int2_k4_entropy_unigram_int4 task=repobench-p progress=180/500
2026-03-27 04:20:20,042 INFO longbench_official_benchmark: config=delta_int2_k4_entropy_unigram_int4 task=repobench-p progress=190/500
2026-03-27 04:21:37,798 INFO longbench_official_benchmark: config=delta_int2_k4_entropy_unigram_int4 task=repobench-p progress=200/500
2026-03-27 04:22:32,964 INFO longbench_official_benchmark: config=delta_int2_k4_entropy_unigram_int4 task=repobench-p progress=210/500
2026-03-27 04:23:47,442 INFO longbench_official_benchmark: config=delta_int2_k4_entropy_unigram_int4 task=repobench-p progress=220/500
2026-03-27 04:25:13,389 INFO longbench_official_benchmark: config=delta_int2_k4_entropy_unigram_int4 task=repobench-p progress=230/500
2026-03-27 04:26:45,619 INFO longbench_official_benchmark: config=delta_int2_k4_entropy_unigram_int4 task=repobench-p progress=240/500
2026-03-27 04:28:05,735 INFO longbench_official_benchmark: config=delta_int2_k4_entropy_unigram_int4 task=repobench-p progress=250/500
2026-03-27 04:29:44,840 INFO longbench_official_benchmark: config=delta_int2_k4_entropy_unigram_int4 task=repobench-p progress=260/500
2026-03-27 04:31:27,275 INFO longbench_official_benchmark: config=delta_int2_k4_entropy_unigram_int4 task=repobench-p progress=270/500
