/usr/local/lib/python3.10/dist-packages/torch/cuda/__init__.py:61: FutureWarning: The pynvml package is deprecated. Please install nvidia-ml-py instead. If you did not install pynvml directly, please report this to the maintainers of the package that installed pynvml for you.
  import pynvml  # type: ignore[import]
Sliding Window Attention is enabled but not implemented for `sdpa`; unexpected results may be encountered.
Loading checkpoint shards:   0%|          | 0/8 [00:00<?, ?it/s]Loading checkpoint shards:  12%|█▎        | 1/8 [00:00<00:06,  1.00it/s]Loading checkpoint shards:  25%|██▌       | 2/8 [00:01<00:04,  1.25it/s]Loading checkpoint shards:  38%|███▊      | 3/8 [00:02<00:03,  1.30it/s]Loading checkpoint shards:  50%|█████     | 4/8 [00:03<00:03,  1.24it/s]Loading checkpoint shards:  62%|██████▎   | 5/8 [00:03<00:02,  1.28it/s]Loading checkpoint shards:  75%|███████▌  | 6/8 [00:04<00:01,  1.33it/s]Loading checkpoint shards:  88%|████████▊ | 7/8 [00:05<00:00,  1.39it/s]Loading checkpoint shards: 100%|██████████| 8/8 [00:05<00:00,  1.63it/s]Loading checkpoint shards: 100%|██████████| 8/8 [00:05<00:00,  1.40it/s]
2026-03-27 06:15:39,968 INFO longbench_official_benchmark: config=delta_int4_k1_unigram_int4 task=narrativeqa progress=10/200
2026-03-27 06:17:36,641 INFO longbench_official_benchmark: config=delta_int4_k1_unigram_int4 task=narrativeqa progress=20/200
2026-03-27 06:20:25,180 INFO longbench_official_benchmark: config=delta_int4_k1_unigram_int4 task=narrativeqa progress=30/200
2026-03-27 06:22:47,430 INFO longbench_official_benchmark: config=delta_int4_k1_unigram_int4 task=narrativeqa progress=40/200
2026-03-27 06:25:26,124 INFO longbench_official_benchmark: config=delta_int4_k1_unigram_int4 task=narrativeqa progress=50/200
2026-03-27 06:28:30,246 INFO longbench_official_benchmark: config=delta_int4_k1_unigram_int4 task=narrativeqa progress=60/200
2026-03-27 06:30:46,671 INFO longbench_official_benchmark: config=delta_int4_k1_unigram_int4 task=narrativeqa progress=70/200
2026-03-27 06:33:10,704 INFO longbench_official_benchmark: config=delta_int4_k1_unigram_int4 task=narrativeqa progress=80/200
2026-03-27 06:35:41,438 INFO longbench_official_benchmark: config=delta_int4_k1_unigram_int4 task=narrativeqa progress=90/200
2026-03-27 06:37:53,914 INFO longbench_official_benchmark: config=delta_int4_k1_unigram_int4 task=narrativeqa progress=100/200
2026-03-27 06:40:46,237 INFO longbench_official_benchmark: config=delta_int4_k1_unigram_int4 task=narrativeqa progress=110/200
2026-03-27 06:43:48,443 INFO longbench_official_benchmark: config=delta_int4_k1_unigram_int4 task=narrativeqa progress=120/200
2026-03-27 06:46:44,696 INFO longbench_official_benchmark: config=delta_int4_k1_unigram_int4 task=narrativeqa progress=130/200
2026-03-27 06:48:46,104 INFO longbench_official_benchmark: config=delta_int4_k1_unigram_int4 task=narrativeqa progress=140/200
2026-03-27 06:50:57,658 INFO longbench_official_benchmark: config=delta_int4_k1_unigram_int4 task=narrativeqa progress=150/200
2026-03-27 06:53:23,690 INFO longbench_official_benchmark: config=delta_int4_k1_unigram_int4 task=narrativeqa progress=160/200
2026-03-27 06:55:34,285 INFO longbench_official_benchmark: config=delta_int4_k1_unigram_int4 task=narrativeqa progress=170/200
2026-03-27 06:57:50,465 INFO longbench_official_benchmark: config=delta_int4_k1_unigram_int4 task=narrativeqa progress=180/200
2026-03-27 06:59:56,079 INFO longbench_official_benchmark: config=delta_int4_k1_unigram_int4 task=narrativeqa progress=190/200
2026-03-27 07:02:37,388 INFO longbench_official_benchmark: config=delta_int4_k1_unigram_int4 task=narrativeqa progress=200/200
/usr/local/lib/python3.10/dist-packages/fuzzywuzzy/fuzz.py:11: UserWarning: Using slow pure-python SequenceMatcher. Install python-Levenshtein to remove this warning
  warnings.warn('Using slow pure-python SequenceMatcher. Install python-Levenshtein to remove this warning')
Evaluating on: ['narrativeqa.jsonl']
2026-03-27 07:02:37,618 INFO longbench_official_benchmark: task completed config=delta_int4_k1_unigram_int4 task=narrativeqa score=16.17 samples=200 summary=/root/ActivationPerturbationAnalysis/official_longbench/LongBench/pred/qwen14b_cpuonly_narrativeqa_rerun_20260327_delta_int4_k1_unigram_int4/task_results.json
2026-03-27 07:02:37,618 INFO longbench_official_benchmark: Official eval completed for qwen14b_cpuonly_narrativeqa_rerun_20260327_delta_int4_k1_unigram_int4
