/usr/local/lib/python3.10/dist-packages/torch/cuda/__init__.py:61: FutureWarning: The pynvml package is deprecated. Please install nvidia-ml-py instead. If you did not install pynvml directly, please report this to the maintainers of the package that installed pynvml for you.
  import pynvml  # type: ignore[import]
Sliding Window Attention is enabled but not implemented for `sdpa`; unexpected results may be encountered.
Loading checkpoint shards:   0%|          | 0/8 [00:00<?, ?it/s]Loading checkpoint shards:  12%|█▎        | 1/8 [00:01<00:08,  1.25s/it]Loading checkpoint shards:  25%|██▌       | 2/8 [00:02<00:06,  1.01s/it]Loading checkpoint shards:  38%|███▊      | 3/8 [00:02<00:04,  1.09it/s]Loading checkpoint shards:  50%|█████     | 4/8 [00:03<00:03,  1.16it/s]Loading checkpoint shards:  62%|██████▎   | 5/8 [00:04<00:02,  1.14it/s]Loading checkpoint shards:  75%|███████▌  | 6/8 [00:05<00:01,  1.16it/s]Loading checkpoint shards:  88%|████████▊ | 7/8 [00:06<00:00,  1.15it/s]Loading checkpoint shards: 100%|██████████| 8/8 [00:07<00:00,  1.06it/s]Loading checkpoint shards: 100%|██████████| 8/8 [00:07<00:00,  1.08it/s]
2026-03-27 05:25:57,391 INFO longbench_official_benchmark: config=pure_int2 task=narrativeqa progress=10/200
2026-03-27 05:27:50,491 INFO longbench_official_benchmark: config=pure_int2 task=narrativeqa progress=20/200
2026-03-27 05:30:27,697 INFO longbench_official_benchmark: config=pure_int2 task=narrativeqa progress=30/200
2026-03-27 05:32:47,419 INFO longbench_official_benchmark: config=pure_int2 task=narrativeqa progress=40/200
2026-03-27 05:35:17,171 INFO longbench_official_benchmark: config=pure_int2 task=narrativeqa progress=50/200
2026-03-27 05:38:21,884 INFO longbench_official_benchmark: config=pure_int2 task=narrativeqa progress=60/200
2026-03-27 05:40:21,809 INFO longbench_official_benchmark: config=pure_int2 task=narrativeqa progress=70/200
2026-03-27 05:42:27,797 INFO longbench_official_benchmark: config=pure_int2 task=narrativeqa progress=80/200
2026-03-27 05:44:48,427 INFO longbench_official_benchmark: config=pure_int2 task=narrativeqa progress=90/200
2026-03-27 05:47:00,268 INFO longbench_official_benchmark: config=pure_int2 task=narrativeqa progress=100/200
2026-03-27 05:49:26,948 INFO longbench_official_benchmark: config=pure_int2 task=narrativeqa progress=110/200
2026-03-27 05:52:24,567 INFO longbench_official_benchmark: config=pure_int2 task=narrativeqa progress=120/200
2026-03-27 05:54:56,446 INFO longbench_official_benchmark: config=pure_int2 task=narrativeqa progress=130/200
2026-03-27 05:56:57,775 INFO longbench_official_benchmark: config=pure_int2 task=narrativeqa progress=140/200
2026-03-27 05:59:10,467 INFO longbench_official_benchmark: config=pure_int2 task=narrativeqa progress=150/200
2026-03-27 06:01:21,424 INFO longbench_official_benchmark: config=pure_int2 task=narrativeqa progress=160/200
2026-03-27 06:03:37,035 INFO longbench_official_benchmark: config=pure_int2 task=narrativeqa progress=170/200
2026-03-27 06:05:53,591 INFO longbench_official_benchmark: config=pure_int2 task=narrativeqa progress=180/200
2026-03-27 06:07:47,158 INFO longbench_official_benchmark: config=pure_int2 task=narrativeqa progress=190/200
2026-03-27 06:10:26,454 INFO longbench_official_benchmark: config=pure_int2 task=narrativeqa progress=200/200
/usr/local/lib/python3.10/dist-packages/fuzzywuzzy/fuzz.py:11: UserWarning: Using slow pure-python SequenceMatcher. Install python-Levenshtein to remove this warning
  warnings.warn('Using slow pure-python SequenceMatcher. Install python-Levenshtein to remove this warning')
Evaluating on: ['narrativeqa.jsonl']
2026-03-27 06:10:26,687 INFO longbench_official_benchmark: task completed config=pure_int2 task=narrativeqa score=16.3 samples=200 summary=/root/ActivationPerturbationAnalysis/official_longbench/LongBench/pred/qwen14b_cpuonly_narrativeqa_rerun_20260327_pure_int2/task_results.json
2026-03-27 06:10:26,687 INFO longbench_official_benchmark: Official eval completed for qwen14b_cpuonly_narrativeqa_rerun_20260327_pure_int2
