/usr/local/lib/python3.10/dist-packages/torch/cuda/__init__.py:61: FutureWarning: The pynvml package is deprecated. Please install nvidia-ml-py instead. If you did not install pynvml directly, please report this to the maintainers of the package that installed pynvml for you.
  import pynvml  # type: ignore[import]
Sliding Window Attention is enabled but not implemented for `sdpa`; unexpected results may be encountered.
Loading checkpoint shards:   0%|          | 0/8 [00:00<?, ?it/s]Loading checkpoint shards:  12%|█▎        | 1/8 [00:01<00:07,  1.03s/it]Loading checkpoint shards:  25%|██▌       | 2/8 [00:01<00:05,  1.17it/s]Loading checkpoint shards:  38%|███▊      | 3/8 [00:02<00:04,  1.22it/s]Loading checkpoint shards:  50%|█████     | 4/8 [00:03<00:03,  1.19it/s]Loading checkpoint shards:  62%|██████▎   | 5/8 [00:04<00:02,  1.21it/s]Loading checkpoint shards:  75%|███████▌  | 6/8 [00:05<00:01,  1.22it/s]Loading checkpoint shards:  88%|████████▊ | 7/8 [00:05<00:00,  1.21it/s]Loading checkpoint shards: 100%|██████████| 8/8 [00:06<00:00,  1.48it/s]Loading checkpoint shards: 100%|██████████| 8/8 [00:06<00:00,  1.29it/s]
2026-03-26 17:09:40,059 INFO longbench_official_benchmark: config=delta_int2_k2_unigram_int4 task=narrativeqa progress=10/200
2026-03-26 17:11:36,563 INFO longbench_official_benchmark: config=delta_int2_k2_unigram_int4 task=narrativeqa progress=20/200
2026-03-26 17:14:29,380 INFO longbench_official_benchmark: config=delta_int2_k2_unigram_int4 task=narrativeqa progress=30/200
2026-03-26 17:16:57,231 INFO longbench_official_benchmark: config=delta_int2_k2_unigram_int4 task=narrativeqa progress=40/200
2026-03-26 17:19:37,461 INFO longbench_official_benchmark: config=delta_int2_k2_unigram_int4 task=narrativeqa progress=50/200
2026-03-26 17:22:46,108 INFO longbench_official_benchmark: config=delta_int2_k2_unigram_int4 task=narrativeqa progress=60/200
2026-03-26 17:24:50,538 INFO longbench_official_benchmark: config=delta_int2_k2_unigram_int4 task=narrativeqa progress=70/200
2026-03-26 17:27:18,586 INFO longbench_official_benchmark: config=delta_int2_k2_unigram_int4 task=narrativeqa progress=80/200
2026-03-26 17:29:51,044 INFO longbench_official_benchmark: config=delta_int2_k2_unigram_int4 task=narrativeqa progress=90/200
2026-03-26 17:32:00,262 INFO longbench_official_benchmark: config=delta_int2_k2_unigram_int4 task=narrativeqa progress=100/200
2026-03-26 17:34:46,770 INFO longbench_official_benchmark: config=delta_int2_k2_unigram_int4 task=narrativeqa progress=110/200
2026-03-26 17:37:45,704 INFO longbench_official_benchmark: config=delta_int2_k2_unigram_int4 task=narrativeqa progress=120/200
2026-03-26 17:40:39,366 INFO longbench_official_benchmark: config=delta_int2_k2_unigram_int4 task=narrativeqa progress=130/200
2026-03-26 17:42:40,690 INFO longbench_official_benchmark: config=delta_int2_k2_unigram_int4 task=narrativeqa progress=140/200
2026-03-26 17:44:58,940 INFO longbench_official_benchmark: config=delta_int2_k2_unigram_int4 task=narrativeqa progress=150/200
2026-03-26 17:47:27,741 INFO longbench_official_benchmark: config=delta_int2_k2_unigram_int4 task=narrativeqa progress=160/200
2026-03-26 17:49:35,466 INFO longbench_official_benchmark: config=delta_int2_k2_unigram_int4 task=narrativeqa progress=170/200
2026-03-26 17:51:58,695 INFO longbench_official_benchmark: config=delta_int2_k2_unigram_int4 task=narrativeqa progress=180/200
2026-03-26 17:53:48,288 INFO longbench_official_benchmark: config=delta_int2_k2_unigram_int4 task=narrativeqa progress=190/200
2026-03-26 17:56:21,893 INFO longbench_official_benchmark: config=delta_int2_k2_unigram_int4 task=narrativeqa progress=200/200
/usr/local/lib/python3.10/dist-packages/fuzzywuzzy/fuzz.py:11: UserWarning: Using slow pure-python SequenceMatcher. Install python-Levenshtein to remove this warning
  warnings.warn('Using slow pure-python SequenceMatcher. Install python-Levenshtein to remove this warning')
Evaluating on: ['narrativeqa.jsonl']
2026-03-26 17:56:22,175 INFO longbench_official_benchmark: task completed config=delta_int2_k2_unigram_int4 task=narrativeqa score=15.89 samples=200 summary=/root/ActivationPerturbationAnalysis/official_longbench/LongBench/pred/qwen14b_cpuonly_delta_int2_k2_unigram_int4/task_results.json
2026-03-26 17:56:52,172 INFO longbench_official_benchmark: config=delta_int2_k2_unigram_int4 task=qasper progress=10/200
2026-03-26 17:57:36,077 INFO longbench_official_benchmark: config=delta_int2_k2_unigram_int4 task=qasper progress=20/200
2026-03-26 17:58:03,782 INFO longbench_official_benchmark: config=delta_int2_k2_unigram_int4 task=qasper progress=30/200
2026-03-26 17:58:33,682 INFO longbench_official_benchmark: config=delta_int2_k2_unigram_int4 task=qasper progress=40/200
2026-03-26 17:58:59,648 INFO longbench_official_benchmark: config=delta_int2_k2_unigram_int4 task=qasper progress=50/200
2026-03-26 17:59:38,048 INFO longbench_official_benchmark: config=delta_int2_k2_unigram_int4 task=qasper progress=60/200
2026-03-26 18:00:06,340 INFO longbench_official_benchmark: config=delta_int2_k2_unigram_int4 task=qasper progress=70/200
2026-03-26 18:00:33,465 INFO longbench_official_benchmark: config=delta_int2_k2_unigram_int4 task=qasper progress=80/200
2026-03-26 18:00:58,494 INFO longbench_official_benchmark: config=delta_int2_k2_unigram_int4 task=qasper progress=90/200
2026-03-26 18:01:21,236 INFO longbench_official_benchmark: config=delta_int2_k2_unigram_int4 task=qasper progress=100/200
2026-03-26 18:01:49,201 INFO longbench_official_benchmark: config=delta_int2_k2_unigram_int4 task=qasper progress=110/200
2026-03-26 18:02:16,897 INFO longbench_official_benchmark: config=delta_int2_k2_unigram_int4 task=qasper progress=120/200
2026-03-26 18:02:46,685 INFO longbench_official_benchmark: config=delta_int2_k2_unigram_int4 task=qasper progress=130/200
2026-03-26 18:03:16,918 INFO longbench_official_benchmark: config=delta_int2_k2_unigram_int4 task=qasper progress=140/200
2026-03-26 18:03:43,525 INFO longbench_official_benchmark: config=delta_int2_k2_unigram_int4 task=qasper progress=150/200
2026-03-26 18:04:10,020 INFO longbench_official_benchmark: config=delta_int2_k2_unigram_int4 task=qasper progress=160/200
2026-03-26 18:04:36,220 INFO longbench_official_benchmark: config=delta_int2_k2_unigram_int4 task=qasper progress=170/200
2026-03-26 18:05:06,769 INFO longbench_official_benchmark: config=delta_int2_k2_unigram_int4 task=qasper progress=180/200
2026-03-26 18:05:30,170 INFO longbench_official_benchmark: config=delta_int2_k2_unigram_int4 task=qasper progress=190/200
2026-03-26 18:05:56,817 INFO longbench_official_benchmark: config=delta_int2_k2_unigram_int4 task=qasper progress=200/200
/usr/local/lib/python3.10/dist-packages/fuzzywuzzy/fuzz.py:11: UserWarning: Using slow pure-python SequenceMatcher. Install python-Levenshtein to remove this warning
  warnings.warn('Using slow pure-python SequenceMatcher. Install python-Levenshtein to remove this warning')
Evaluating on: ['qasper.jsonl', 'result.json', 'narrativeqa.jsonl', 'task_results.json']
2026-03-26 18:05:57,065 INFO longbench_official_benchmark: task completed config=delta_int2_k2_unigram_int4 task=qasper score=45.46 samples=200 summary=/root/ActivationPerturbationAnalysis/official_longbench/LongBench/pred/qwen14b_cpuonly_delta_int2_k2_unigram_int4/task_results.json
2026-03-26 18:06:40,953 INFO longbench_official_benchmark: config=delta_int2_k2_unigram_int4 task=multifieldqa_en progress=10/150
2026-03-26 18:07:30,993 INFO longbench_official_benchmark: config=delta_int2_k2_unigram_int4 task=multifieldqa_en progress=20/150
2026-03-26 18:08:12,232 INFO longbench_official_benchmark: config=delta_int2_k2_unigram_int4 task=multifieldqa_en progress=30/150
2026-03-26 18:08:49,763 INFO longbench_official_benchmark: config=delta_int2_k2_unigram_int4 task=multifieldqa_en progress=40/150
2026-03-26 18:09:26,034 INFO longbench_official_benchmark: config=delta_int2_k2_unigram_int4 task=multifieldqa_en progress=50/150
2026-03-26 18:09:54,106 INFO longbench_official_benchmark: config=delta_int2_k2_unigram_int4 task=multifieldqa_en progress=60/150
2026-03-26 18:10:35,341 INFO longbench_official_benchmark: config=delta_int2_k2_unigram_int4 task=multifieldqa_en progress=70/150
2026-03-26 18:11:16,875 INFO longbench_official_benchmark: config=delta_int2_k2_unigram_int4 task=multifieldqa_en progress=80/150
2026-03-26 18:11:54,486 INFO longbench_official_benchmark: config=delta_int2_k2_unigram_int4 task=multifieldqa_en progress=90/150
2026-03-26 18:12:49,564 INFO longbench_official_benchmark: config=delta_int2_k2_unigram_int4 task=multifieldqa_en progress=100/150
2026-03-26 18:13:39,739 INFO longbench_official_benchmark: config=delta_int2_k2_unigram_int4 task=multifieldqa_en progress=110/150
2026-03-26 18:14:28,681 INFO longbench_official_benchmark: config=delta_int2_k2_unigram_int4 task=multifieldqa_en progress=120/150
2026-03-26 18:15:04,454 INFO longbench_official_benchmark: config=delta_int2_k2_unigram_int4 task=multifieldqa_en progress=130/150
2026-03-26 18:15:51,103 INFO longbench_official_benchmark: config=delta_int2_k2_unigram_int4 task=multifieldqa_en progress=140/150
2026-03-26 18:16:34,331 INFO longbench_official_benchmark: config=delta_int2_k2_unigram_int4 task=multifieldqa_en progress=150/150
/usr/local/lib/python3.10/dist-packages/fuzzywuzzy/fuzz.py:11: UserWarning: Using slow pure-python SequenceMatcher. Install python-Levenshtein to remove this warning
  warnings.warn('Using slow pure-python SequenceMatcher. Install python-Levenshtein to remove this warning')
Evaluating on: ['qasper.jsonl', 'result.json', 'narrativeqa.jsonl', 'task_results.json', 'multifieldqa_en.jsonl']
2026-03-26 18:16:34,585 INFO longbench_official_benchmark: task completed config=delta_int2_k2_unigram_int4 task=multifieldqa_en score=54.62 samples=150 summary=/root/ActivationPerturbationAnalysis/official_longbench/LongBench/pred/qwen14b_cpuonly_delta_int2_k2_unigram_int4/task_results.json
2026-03-26 18:16:55,522 INFO longbench_official_benchmark: config=delta_int2_k2_unigram_int4 task=multifieldqa_zh progress=10/200
2026-03-26 18:17:19,470 INFO longbench_official_benchmark: config=delta_int2_k2_unigram_int4 task=multifieldqa_zh progress=20/200
2026-03-26 18:17:44,710 INFO longbench_official_benchmark: config=delta_int2_k2_unigram_int4 task=multifieldqa_zh progress=30/200
2026-03-26 18:18:11,460 INFO longbench_official_benchmark: config=delta_int2_k2_unigram_int4 task=multifieldqa_zh progress=40/200
2026-03-26 18:18:37,141 INFO longbench_official_benchmark: config=delta_int2_k2_unigram_int4 task=multifieldqa_zh progress=50/200
2026-03-26 18:19:01,086 INFO longbench_official_benchmark: config=delta_int2_k2_unigram_int4 task=multifieldqa_zh progress=60/200
2026-03-26 18:19:30,138 INFO longbench_official_benchmark: config=delta_int2_k2_unigram_int4 task=multifieldqa_zh progress=70/200
2026-03-26 18:19:49,546 INFO longbench_official_benchmark: config=delta_int2_k2_unigram_int4 task=multifieldqa_zh progress=80/200
2026-03-26 18:20:19,576 INFO longbench_official_benchmark: config=delta_int2_k2_unigram_int4 task=multifieldqa_zh progress=90/200
2026-03-26 18:20:39,052 INFO longbench_official_benchmark: config=delta_int2_k2_unigram_int4 task=multifieldqa_zh progress=100/200
2026-03-26 18:21:00,199 INFO longbench_official_benchmark: config=delta_int2_k2_unigram_int4 task=multifieldqa_zh progress=110/200
2026-03-26 18:21:20,778 INFO longbench_official_benchmark: config=delta_int2_k2_unigram_int4 task=multifieldqa_zh progress=120/200
2026-03-26 18:21:46,071 INFO longbench_official_benchmark: config=delta_int2_k2_unigram_int4 task=multifieldqa_zh progress=130/200
2026-03-26 18:22:19,354 INFO longbench_official_benchmark: config=delta_int2_k2_unigram_int4 task=multifieldqa_zh progress=140/200
2026-03-26 18:22:51,088 INFO longbench_official_benchmark: config=delta_int2_k2_unigram_int4 task=multifieldqa_zh progress=150/200
2026-03-26 18:23:18,132 INFO longbench_official_benchmark: config=delta_int2_k2_unigram_int4 task=multifieldqa_zh progress=160/200
2026-03-26 18:23:49,281 INFO longbench_official_benchmark: config=delta_int2_k2_unigram_int4 task=multifieldqa_zh progress=170/200
2026-03-26 18:24:17,558 INFO longbench_official_benchmark: config=delta_int2_k2_unigram_int4 task=multifieldqa_zh progress=180/200
2026-03-26 18:24:45,530 INFO longbench_official_benchmark: config=delta_int2_k2_unigram_int4 task=multifieldqa_zh progress=190/200
2026-03-26 18:25:11,082 INFO longbench_official_benchmark: config=delta_int2_k2_unigram_int4 task=multifieldqa_zh progress=200/200
/usr/local/lib/python3.10/dist-packages/fuzzywuzzy/fuzz.py:11: UserWarning: Using slow pure-python SequenceMatcher. Install python-Levenshtein to remove this warning
  warnings.warn('Using slow pure-python SequenceMatcher. Install python-Levenshtein to remove this warning')
Building prefix dict from the default dictionary ...
Loading model from cache /tmp/jieba.cache
Loading model cost 0.566 seconds.
Prefix dict has been built successfully.
Evaluating on: ['qasper.jsonl', 'result.json', 'narrativeqa.jsonl', 'task_results.json', 'multifieldqa_zh.jsonl', 'multifieldqa_en.jsonl']
2026-03-26 18:25:11,968 INFO longbench_official_benchmark: task completed config=delta_int2_k2_unigram_int4 task=multifieldqa_zh score=62.99 samples=200 summary=/root/ActivationPerturbationAnalysis/official_longbench/LongBench/pred/qwen14b_cpuonly_delta_int2_k2_unigram_int4/task_results.json
2026-03-26 18:26:13,119 INFO longbench_official_benchmark: config=delta_int2_k2_unigram_int4 task=hotpotqa progress=10/200
2026-03-26 18:27:16,725 INFO longbench_official_benchmark: config=delta_int2_k2_unigram_int4 task=hotpotqa progress=20/200
2026-03-26 18:28:08,181 INFO longbench_official_benchmark: config=delta_int2_k2_unigram_int4 task=hotpotqa progress=30/200
2026-03-26 18:29:20,623 INFO longbench_official_benchmark: config=delta_int2_k2_unigram_int4 task=hotpotqa progress=40/200
2026-03-26 18:30:22,974 INFO longbench_official_benchmark: config=delta_int2_k2_unigram_int4 task=hotpotqa progress=50/200
2026-03-26 18:31:23,433 INFO longbench_official_benchmark: config=delta_int2_k2_unigram_int4 task=hotpotqa progress=60/200
2026-03-26 18:32:25,121 INFO longbench_official_benchmark: config=delta_int2_k2_unigram_int4 task=hotpotqa progress=70/200
2026-03-26 18:33:18,733 INFO longbench_official_benchmark: config=delta_int2_k2_unigram_int4 task=hotpotqa progress=80/200
2026-03-26 18:34:18,312 INFO longbench_official_benchmark: config=delta_int2_k2_unigram_int4 task=hotpotqa progress=90/200
2026-03-26 18:35:24,905 INFO longbench_official_benchmark: config=delta_int2_k2_unigram_int4 task=hotpotqa progress=100/200
2026-03-26 18:36:30,637 INFO longbench_official_benchmark: config=delta_int2_k2_unigram_int4 task=hotpotqa progress=110/200
2026-03-26 18:37:33,582 INFO longbench_official_benchmark: config=delta_int2_k2_unigram_int4 task=hotpotqa progress=120/200
2026-03-26 18:38:21,780 INFO longbench_official_benchmark: config=delta_int2_k2_unigram_int4 task=hotpotqa progress=130/200
2026-03-26 18:39:18,214 INFO longbench_official_benchmark: config=delta_int2_k2_unigram_int4 task=hotpotqa progress=140/200
2026-03-26 18:40:27,286 INFO longbench_official_benchmark: config=delta_int2_k2_unigram_int4 task=hotpotqa progress=150/200
2026-03-26 18:41:25,555 INFO longbench_official_benchmark: config=delta_int2_k2_unigram_int4 task=hotpotqa progress=160/200
2026-03-26 18:42:21,625 INFO longbench_official_benchmark: config=delta_int2_k2_unigram_int4 task=hotpotqa progress=170/200
2026-03-26 18:43:26,643 INFO longbench_official_benchmark: config=delta_int2_k2_unigram_int4 task=hotpotqa progress=180/200
2026-03-26 18:44:24,775 INFO longbench_official_benchmark: config=delta_int2_k2_unigram_int4 task=hotpotqa progress=190/200
2026-03-26 18:45:17,396 INFO longbench_official_benchmark: config=delta_int2_k2_unigram_int4 task=hotpotqa progress=200/200
/usr/local/lib/python3.10/dist-packages/fuzzywuzzy/fuzz.py:11: UserWarning: Using slow pure-python SequenceMatcher. Install python-Levenshtein to remove this warning
  warnings.warn('Using slow pure-python SequenceMatcher. Install python-Levenshtein to remove this warning')
Building prefix dict from the default dictionary ...
Loading model from cache /tmp/jieba.cache
Loading model cost 0.571 seconds.
Prefix dict has been built successfully.
Evaluating on: ['qasper.jsonl', 'result.json', 'narrativeqa.jsonl', 'task_results.json', 'multifieldqa_zh.jsonl', 'multifieldqa_en.jsonl', 'hotpotqa.jsonl']
2026-03-26 18:45:18,308 INFO longbench_official_benchmark: task completed config=delta_int2_k2_unigram_int4 task=hotpotqa score=61.88 samples=200 summary=/root/ActivationPerturbationAnalysis/official_longbench/LongBench/pred/qwen14b_cpuonly_delta_int2_k2_unigram_int4/task_results.json
2026-03-26 18:45:53,977 INFO longbench_official_benchmark: config=delta_int2_k2_unigram_int4 task=2wikimqa progress=10/200
2026-03-26 18:46:25,529 INFO longbench_official_benchmark: config=delta_int2_k2_unigram_int4 task=2wikimqa progress=20/200
2026-03-26 18:46:58,521 INFO longbench_official_benchmark: config=delta_int2_k2_unigram_int4 task=2wikimqa progress=30/200
2026-03-26 18:47:33,845 INFO longbench_official_benchmark: config=delta_int2_k2_unigram_int4 task=2wikimqa progress=40/200
2026-03-26 18:48:06,634 INFO longbench_official_benchmark: config=delta_int2_k2_unigram_int4 task=2wikimqa progress=50/200
2026-03-26 18:48:38,407 INFO longbench_official_benchmark: config=delta_int2_k2_unigram_int4 task=2wikimqa progress=60/200
2026-03-26 18:49:03,868 INFO longbench_official_benchmark: config=delta_int2_k2_unigram_int4 task=2wikimqa progress=70/200
2026-03-26 18:49:37,281 INFO longbench_official_benchmark: config=delta_int2_k2_unigram_int4 task=2wikimqa progress=80/200
2026-03-26 18:50:14,134 INFO longbench_official_benchmark: config=delta_int2_k2_unigram_int4 task=2wikimqa progress=90/200
2026-03-26 18:50:54,469 INFO longbench_official_benchmark: config=delta_int2_k2_unigram_int4 task=2wikimqa progress=100/200
2026-03-26 18:51:21,898 INFO longbench_official_benchmark: config=delta_int2_k2_unigram_int4 task=2wikimqa progress=110/200
2026-03-26 18:51:49,350 INFO longbench_official_benchmark: config=delta_int2_k2_unigram_int4 task=2wikimqa progress=120/200
2026-03-26 18:52:20,301 INFO longbench_official_benchmark: config=delta_int2_k2_unigram_int4 task=2wikimqa progress=130/200
2026-03-26 18:52:51,842 INFO longbench_official_benchmark: config=delta_int2_k2_unigram_int4 task=2wikimqa progress=140/200
2026-03-26 18:53:28,061 INFO longbench_official_benchmark: config=delta_int2_k2_unigram_int4 task=2wikimqa progress=150/200
2026-03-26 18:54:12,368 INFO longbench_official_benchmark: config=delta_int2_k2_unigram_int4 task=2wikimqa progress=160/200
2026-03-26 18:54:45,653 INFO longbench_official_benchmark: config=delta_int2_k2_unigram_int4 task=2wikimqa progress=170/200
2026-03-26 18:55:27,485 INFO longbench_official_benchmark: config=delta_int2_k2_unigram_int4 task=2wikimqa progress=180/200
2026-03-26 18:55:53,652 INFO longbench_official_benchmark: config=delta_int2_k2_unigram_int4 task=2wikimqa progress=190/200
2026-03-26 18:56:31,185 INFO longbench_official_benchmark: config=delta_int2_k2_unigram_int4 task=2wikimqa progress=200/200
/usr/local/lib/python3.10/dist-packages/fuzzywuzzy/fuzz.py:11: UserWarning: Using slow pure-python SequenceMatcher. Install python-Levenshtein to remove this warning
  warnings.warn('Using slow pure-python SequenceMatcher. Install python-Levenshtein to remove this warning')
Building prefix dict from the default dictionary ...
Loading model from cache /tmp/jieba.cache
Loading model cost 0.562 seconds.
Prefix dict has been built successfully.
Evaluating on: ['qasper.jsonl', 'result.json', '2wikimqa.jsonl', 'narrativeqa.jsonl', 'task_results.json', 'multifieldqa_zh.jsonl', 'multifieldqa_en.jsonl', 'hotpotqa.jsonl']
2026-03-26 18:56:32,111 INFO longbench_official_benchmark: task completed config=delta_int2_k2_unigram_int4 task=2wikimqa score=58.87 samples=200 summary=/root/ActivationPerturbationAnalysis/official_longbench/LongBench/pred/qwen14b_cpuonly_delta_int2_k2_unigram_int4/task_results.json
2026-03-26 18:57:44,023 INFO longbench_official_benchmark: config=delta_int2_k2_unigram_int4 task=musique progress=10/200
2026-03-26 18:58:58,122 INFO longbench_official_benchmark: config=delta_int2_k2_unigram_int4 task=musique progress=20/200
2026-03-26 19:00:13,903 INFO longbench_official_benchmark: config=delta_int2_k2_unigram_int4 task=musique progress=30/200
2026-03-26 19:01:22,274 INFO longbench_official_benchmark: config=delta_int2_k2_unigram_int4 task=musique progress=40/200
2026-03-26 19:02:39,933 INFO longbench_official_benchmark: config=delta_int2_k2_unigram_int4 task=musique progress=50/200
2026-03-26 19:03:54,880 INFO longbench_official_benchmark: config=delta_int2_k2_unigram_int4 task=musique progress=60/200
2026-03-26 19:05:04,821 INFO longbench_official_benchmark: config=delta_int2_k2_unigram_int4 task=musique progress=70/200
2026-03-26 19:06:21,115 INFO longbench_official_benchmark: config=delta_int2_k2_unigram_int4 task=musique progress=80/200
2026-03-26 19:07:39,484 INFO longbench_official_benchmark: config=delta_int2_k2_unigram_int4 task=musique progress=90/200
2026-03-26 19:08:54,111 INFO longbench_official_benchmark: config=delta_int2_k2_unigram_int4 task=musique progress=100/200
2026-03-26 19:10:07,235 INFO longbench_official_benchmark: config=delta_int2_k2_unigram_int4 task=musique progress=110/200
2026-03-26 19:11:27,518 INFO longbench_official_benchmark: config=delta_int2_k2_unigram_int4 task=musique progress=120/200
2026-03-26 19:12:44,671 INFO longbench_official_benchmark: config=delta_int2_k2_unigram_int4 task=musique progress=130/200
2026-03-26 19:14:00,077 INFO longbench_official_benchmark: config=delta_int2_k2_unigram_int4 task=musique progress=140/200
2026-03-26 19:15:18,985 INFO longbench_official_benchmark: config=delta_int2_k2_unigram_int4 task=musique progress=150/200
2026-03-26 19:16:42,292 INFO longbench_official_benchmark: config=delta_int2_k2_unigram_int4 task=musique progress=160/200
2026-03-26 19:17:55,240 INFO longbench_official_benchmark: config=delta_int2_k2_unigram_int4 task=musique progress=170/200
2026-03-26 19:19:07,793 INFO longbench_official_benchmark: config=delta_int2_k2_unigram_int4 task=musique progress=180/200
2026-03-26 19:20:23,677 INFO longbench_official_benchmark: config=delta_int2_k2_unigram_int4 task=musique progress=190/200
2026-03-26 19:21:32,429 INFO longbench_official_benchmark: config=delta_int2_k2_unigram_int4 task=musique progress=200/200
/usr/local/lib/python3.10/dist-packages/fuzzywuzzy/fuzz.py:11: UserWarning: Using slow pure-python SequenceMatcher. Install python-Levenshtein to remove this warning
  warnings.warn('Using slow pure-python SequenceMatcher. Install python-Levenshtein to remove this warning')
Building prefix dict from the default dictionary ...
Loading model from cache /tmp/jieba.cache
Loading model cost 0.566 seconds.
Prefix dict has been built successfully.
Evaluating on: ['qasper.jsonl', 'result.json', '2wikimqa.jsonl', 'narrativeqa.jsonl', 'task_results.json', 'multifieldqa_zh.jsonl', 'multifieldqa_en.jsonl', 'musique.jsonl', 'hotpotqa.jsonl']
2026-03-26 19:21:33,332 INFO longbench_official_benchmark: task completed config=delta_int2_k2_unigram_int4 task=musique score=37.73 samples=200 summary=/root/ActivationPerturbationAnalysis/official_longbench/LongBench/pred/qwen14b_cpuonly_delta_int2_k2_unigram_int4/task_results.json
2026-03-26 19:23:25,377 INFO longbench_official_benchmark: config=delta_int2_k2_unigram_int4 task=dureader progress=10/200
2026-03-26 19:25:10,587 INFO longbench_official_benchmark: config=delta_int2_k2_unigram_int4 task=dureader progress=20/200
2026-03-26 19:27:04,948 INFO longbench_official_benchmark: config=delta_int2_k2_unigram_int4 task=dureader progress=30/200
2026-03-26 19:28:58,994 INFO longbench_official_benchmark: config=delta_int2_k2_unigram_int4 task=dureader progress=40/200
2026-03-26 19:30:49,867 INFO longbench_official_benchmark: config=delta_int2_k2_unigram_int4 task=dureader progress=50/200
2026-03-26 19:32:41,547 INFO longbench_official_benchmark: config=delta_int2_k2_unigram_int4 task=dureader progress=60/200
2026-03-26 19:34:34,332 INFO longbench_official_benchmark: config=delta_int2_k2_unigram_int4 task=dureader progress=70/200
2026-03-26 19:36:22,445 INFO longbench_official_benchmark: config=delta_int2_k2_unigram_int4 task=dureader progress=80/200
2026-03-26 19:38:19,101 INFO longbench_official_benchmark: config=delta_int2_k2_unigram_int4 task=dureader progress=90/200
2026-03-26 19:39:57,155 INFO longbench_official_benchmark: config=delta_int2_k2_unigram_int4 task=dureader progress=100/200
2026-03-26 19:41:59,741 INFO longbench_official_benchmark: config=delta_int2_k2_unigram_int4 task=dureader progress=110/200
2026-03-26 19:43:55,897 INFO longbench_official_benchmark: config=delta_int2_k2_unigram_int4 task=dureader progress=120/200
2026-03-26 19:45:49,719 INFO longbench_official_benchmark: config=delta_int2_k2_unigram_int4 task=dureader progress=130/200
2026-03-26 19:47:42,155 INFO longbench_official_benchmark: config=delta_int2_k2_unigram_int4 task=dureader progress=140/200
2026-03-26 19:49:39,026 INFO longbench_official_benchmark: config=delta_int2_k2_unigram_int4 task=dureader progress=150/200
2026-03-26 19:51:16,211 INFO longbench_official_benchmark: config=delta_int2_k2_unigram_int4 task=dureader progress=160/200
2026-03-26 19:53:18,177 INFO longbench_official_benchmark: config=delta_int2_k2_unigram_int4 task=dureader progress=170/200
2026-03-26 19:55:03,707 INFO longbench_official_benchmark: config=delta_int2_k2_unigram_int4 task=dureader progress=180/200
2026-03-26 19:56:51,893 INFO longbench_official_benchmark: config=delta_int2_k2_unigram_int4 task=dureader progress=190/200
2026-03-26 19:58:37,870 INFO longbench_official_benchmark: config=delta_int2_k2_unigram_int4 task=dureader progress=200/200
/usr/local/lib/python3.10/dist-packages/fuzzywuzzy/fuzz.py:11: UserWarning: Using slow pure-python SequenceMatcher. Install python-Levenshtein to remove this warning
  warnings.warn('Using slow pure-python SequenceMatcher. Install python-Levenshtein to remove this warning')
Building prefix dict from the default dictionary ...
Loading model from cache /tmp/jieba.cache
Loading model cost 0.559 seconds.
Prefix dict has been built successfully.
Evaluating on: ['qasper.jsonl', 'result.json', 'dureader.jsonl', '2wikimqa.jsonl', 'narrativeqa.jsonl', 'task_results.json', 'multifieldqa_zh.jsonl', 'multifieldqa_en.jsonl', 'musique.jsonl', 'hotpotqa.jsonl']
2026-03-26 19:58:40,844 INFO longbench_official_benchmark: task completed config=delta_int2_k2_unigram_int4 task=dureader score=31.8 samples=200 summary=/root/ActivationPerturbationAnalysis/official_longbench/LongBench/pred/qwen14b_cpuonly_delta_int2_k2_unigram_int4/task_results.json
2026-03-26 20:03:28,619 INFO longbench_official_benchmark: config=delta_int2_k2_unigram_int4 task=gov_report progress=10/200
2026-03-26 20:08:18,010 INFO longbench_official_benchmark: config=delta_int2_k2_unigram_int4 task=gov_report progress=20/200
2026-03-26 20:13:32,529 INFO longbench_official_benchmark: config=delta_int2_k2_unigram_int4 task=gov_report progress=30/200
2026-03-26 20:17:42,286 INFO longbench_official_benchmark: config=delta_int2_k2_unigram_int4 task=gov_report progress=40/200
2026-03-26 20:23:51,994 INFO longbench_official_benchmark: config=delta_int2_k2_unigram_int4 task=gov_report progress=50/200
2026-03-26 20:29:59,972 INFO longbench_official_benchmark: config=delta_int2_k2_unigram_int4 task=gov_report progress=60/200
2026-03-26 20:34:32,491 INFO longbench_official_benchmark: config=delta_int2_k2_unigram_int4 task=gov_report progress=70/200
2026-03-26 20:39:07,094 INFO longbench_official_benchmark: config=delta_int2_k2_unigram_int4 task=gov_report progress=80/200
2026-03-26 20:43:06,701 INFO longbench_official_benchmark: config=delta_int2_k2_unigram_int4 task=gov_report progress=90/200
2026-03-26 20:48:30,806 INFO longbench_official_benchmark: config=delta_int2_k2_unigram_int4 task=gov_report progress=100/200
2026-03-26 20:52:06,144 INFO longbench_official_benchmark: config=delta_int2_k2_unigram_int4 task=gov_report progress=110/200
2026-03-26 20:57:02,563 INFO longbench_official_benchmark: config=delta_int2_k2_unigram_int4 task=gov_report progress=120/200
2026-03-26 21:02:33,269 INFO longbench_official_benchmark: config=delta_int2_k2_unigram_int4 task=gov_report progress=130/200
2026-03-26 21:06:36,418 INFO longbench_official_benchmark: config=delta_int2_k2_unigram_int4 task=gov_report progress=140/200
2026-03-26 21:10:09,407 INFO longbench_official_benchmark: config=delta_int2_k2_unigram_int4 task=gov_report progress=150/200
2026-03-26 21:15:04,455 INFO longbench_official_benchmark: config=delta_int2_k2_unigram_int4 task=gov_report progress=160/200
2026-03-26 21:18:24,660 INFO longbench_official_benchmark: config=delta_int2_k2_unigram_int4 task=gov_report progress=170/200
2026-03-26 21:23:44,168 INFO longbench_official_benchmark: config=delta_int2_k2_unigram_int4 task=gov_report progress=180/200
2026-03-26 21:28:03,907 INFO longbench_official_benchmark: config=delta_int2_k2_unigram_int4 task=gov_report progress=190/200
2026-03-26 21:32:14,941 INFO longbench_official_benchmark: config=delta_int2_k2_unigram_int4 task=gov_report progress=200/200
/usr/local/lib/python3.10/dist-packages/fuzzywuzzy/fuzz.py:11: UserWarning: Using slow pure-python SequenceMatcher. Install python-Levenshtein to remove this warning
  warnings.warn('Using slow pure-python SequenceMatcher. Install python-Levenshtein to remove this warning')
Building prefix dict from the default dictionary ...
Loading model from cache /tmp/jieba.cache
Loading model cost 0.570 seconds.
Prefix dict has been built successfully.
Evaluating on: ['qasper.jsonl', 'gov_report.jsonl', 'result.json', 'dureader.jsonl', '2wikimqa.jsonl', 'narrativeqa.jsonl', 'task_results.json', 'multifieldqa_zh.jsonl', 'multifieldqa_en.jsonl', 'musique.jsonl', 'hotpotqa.jsonl']
2026-03-26 21:32:39,121 INFO longbench_official_benchmark: task completed config=delta_int2_k2_unigram_int4 task=gov_report score=32.6 samples=200 summary=/root/ActivationPerturbationAnalysis/official_longbench/LongBench/pred/qwen14b_cpuonly_delta_int2_k2_unigram_int4/task_results.json
2026-03-26 21:34:29,907 INFO longbench_official_benchmark: config=delta_int2_k2_unigram_int4 task=qmsum progress=10/200
2026-03-26 21:36:36,963 INFO longbench_official_benchmark: config=delta_int2_k2_unigram_int4 task=qmsum progress=20/200
2026-03-26 21:38:58,093 INFO longbench_official_benchmark: config=delta_int2_k2_unigram_int4 task=qmsum progress=30/200
2026-03-26 21:41:15,478 INFO longbench_official_benchmark: config=delta_int2_k2_unigram_int4 task=qmsum progress=40/200
2026-03-26 21:42:50,706 INFO longbench_official_benchmark: config=delta_int2_k2_unigram_int4 task=qmsum progress=50/200
2026-03-26 21:44:32,738 INFO longbench_official_benchmark: config=delta_int2_k2_unigram_int4 task=qmsum progress=60/200
2026-03-26 21:46:42,380 INFO longbench_official_benchmark: config=delta_int2_k2_unigram_int4 task=qmsum progress=70/200
2026-03-26 21:48:46,943 INFO longbench_official_benchmark: config=delta_int2_k2_unigram_int4 task=qmsum progress=80/200
2026-03-26 21:51:21,380 INFO longbench_official_benchmark: config=delta_int2_k2_unigram_int4 task=qmsum progress=90/200
2026-03-26 21:53:41,022 INFO longbench_official_benchmark: config=delta_int2_k2_unigram_int4 task=qmsum progress=100/200
2026-03-26 21:55:33,048 INFO longbench_official_benchmark: config=delta_int2_k2_unigram_int4 task=qmsum progress=110/200
2026-03-26 21:57:55,445 INFO longbench_official_benchmark: config=delta_int2_k2_unigram_int4 task=qmsum progress=120/200
2026-03-26 22:00:04,646 INFO longbench_official_benchmark: config=delta_int2_k2_unigram_int4 task=qmsum progress=130/200
2026-03-26 22:02:29,749 INFO longbench_official_benchmark: config=delta_int2_k2_unigram_int4 task=qmsum progress=140/200
2026-03-26 22:04:41,117 INFO longbench_official_benchmark: config=delta_int2_k2_unigram_int4 task=qmsum progress=150/200
2026-03-26 22:06:32,692 INFO longbench_official_benchmark: config=delta_int2_k2_unigram_int4 task=qmsum progress=160/200
2026-03-26 22:08:36,371 INFO longbench_official_benchmark: config=delta_int2_k2_unigram_int4 task=qmsum progress=170/200
2026-03-26 22:10:45,414 INFO longbench_official_benchmark: config=delta_int2_k2_unigram_int4 task=qmsum progress=180/200
2026-03-26 22:13:18,379 INFO longbench_official_benchmark: config=delta_int2_k2_unigram_int4 task=qmsum progress=190/200
2026-03-26 22:15:12,477 INFO longbench_official_benchmark: config=delta_int2_k2_unigram_int4 task=qmsum progress=200/200
/usr/local/lib/python3.10/dist-packages/fuzzywuzzy/fuzz.py:11: UserWarning: Using slow pure-python SequenceMatcher. Install python-Levenshtein to remove this warning
  warnings.warn('Using slow pure-python SequenceMatcher. Install python-Levenshtein to remove this warning')
Building prefix dict from the default dictionary ...
Loading model from cache /tmp/jieba.cache
Loading model cost 0.582 seconds.
Prefix dict has been built successfully.
Evaluating on: ['qasper.jsonl', 'gov_report.jsonl', 'result.json', 'dureader.jsonl', 'qmsum.jsonl', '2wikimqa.jsonl', 'narrativeqa.jsonl', 'task_results.json', 'multifieldqa_zh.jsonl', 'multifieldqa_en.jsonl', 'musique.jsonl', 'hotpotqa.jsonl']
2026-03-26 22:15:37,432 INFO longbench_official_benchmark: task completed config=delta_int2_k2_unigram_int4 task=qmsum score=24.77 samples=200 summary=/root/ActivationPerturbationAnalysis/official_longbench/LongBench/pred/qwen14b_cpuonly_delta_int2_k2_unigram_int4/task_results.json
2026-03-26 22:18:24,727 INFO longbench_official_benchmark: config=delta_int2_k2_unigram_int4 task=multi_news progress=10/200
2026-03-26 22:21:21,908 INFO longbench_official_benchmark: config=delta_int2_k2_unigram_int4 task=multi_news progress=20/200
2026-03-26 22:24:16,157 INFO longbench_official_benchmark: config=delta_int2_k2_unigram_int4 task=multi_news progress=30/200
2026-03-26 22:26:54,929 INFO longbench_official_benchmark: config=delta_int2_k2_unigram_int4 task=multi_news progress=40/200
2026-03-26 22:30:14,349 INFO longbench_official_benchmark: config=delta_int2_k2_unigram_int4 task=multi_news progress=50/200
2026-03-26 22:33:36,711 INFO longbench_official_benchmark: config=delta_int2_k2_unigram_int4 task=multi_news progress=60/200
2026-03-26 22:36:14,095 INFO longbench_official_benchmark: config=delta_int2_k2_unigram_int4 task=multi_news progress=70/200
2026-03-26 22:39:28,208 INFO longbench_official_benchmark: config=delta_int2_k2_unigram_int4 task=multi_news progress=80/200
2026-03-26 22:42:45,657 INFO longbench_official_benchmark: config=delta_int2_k2_unigram_int4 task=multi_news progress=90/200
2026-03-26 22:45:22,896 INFO longbench_official_benchmark: config=delta_int2_k2_unigram_int4 task=multi_news progress=100/200
2026-03-26 22:48:27,170 INFO longbench_official_benchmark: config=delta_int2_k2_unigram_int4 task=multi_news progress=110/200
2026-03-26 22:51:16,843 INFO longbench_official_benchmark: config=delta_int2_k2_unigram_int4 task=multi_news progress=120/200
2026-03-26 22:54:05,078 INFO longbench_official_benchmark: config=delta_int2_k2_unigram_int4 task=multi_news progress=130/200
2026-03-26 22:57:01,873 INFO longbench_official_benchmark: config=delta_int2_k2_unigram_int4 task=multi_news progress=140/200
2026-03-26 22:59:57,928 INFO longbench_official_benchmark: config=delta_int2_k2_unigram_int4 task=multi_news progress=150/200
2026-03-26 23:02:51,615 INFO longbench_official_benchmark: config=delta_int2_k2_unigram_int4 task=multi_news progress=160/200
2026-03-26 23:05:31,019 INFO longbench_official_benchmark: config=delta_int2_k2_unigram_int4 task=multi_news progress=170/200
2026-03-26 23:08:12,883 INFO longbench_official_benchmark: config=delta_int2_k2_unigram_int4 task=multi_news progress=180/200
2026-03-26 23:11:11,316 INFO longbench_official_benchmark: config=delta_int2_k2_unigram_int4 task=multi_news progress=190/200
2026-03-26 23:13:52,506 INFO longbench_official_benchmark: config=delta_int2_k2_unigram_int4 task=multi_news progress=200/200
/usr/local/lib/python3.10/dist-packages/fuzzywuzzy/fuzz.py:11: UserWarning: Using slow pure-python SequenceMatcher. Install python-Levenshtein to remove this warning
  warnings.warn('Using slow pure-python SequenceMatcher. Install python-Levenshtein to remove this warning')
Building prefix dict from the default dictionary ...
Loading model from cache /tmp/jieba.cache
Loading model cost 0.557 seconds.
Prefix dict has been built successfully.
Evaluating on: ['qasper.jsonl', 'gov_report.jsonl', 'result.json', 'multi_news.jsonl', 'dureader.jsonl', 'qmsum.jsonl', '2wikimqa.jsonl', 'narrativeqa.jsonl', 'task_results.json', 'multifieldqa_zh.jsonl', 'multifieldqa_en.jsonl', 'musique.jsonl', 'hotpotqa.jsonl']
2026-03-26 23:14:25,996 INFO longbench_official_benchmark: task completed config=delta_int2_k2_unigram_int4 task=multi_news score=24.34 samples=200 summary=/root/ActivationPerturbationAnalysis/official_longbench/LongBench/pred/qwen14b_cpuonly_delta_int2_k2_unigram_int4/task_results.json
2026-03-26 23:17:34,884 INFO longbench_official_benchmark: config=delta_int2_k2_unigram_int4 task=vcsum progress=10/200
2026-03-26 23:20:53,889 INFO longbench_official_benchmark: config=delta_int2_k2_unigram_int4 task=vcsum progress=20/200
2026-03-26 23:24:59,819 INFO longbench_official_benchmark: config=delta_int2_k2_unigram_int4 task=vcsum progress=30/200
2026-03-26 23:28:30,904 INFO longbench_official_benchmark: config=delta_int2_k2_unigram_int4 task=vcsum progress=40/200
2026-03-26 23:32:26,031 INFO longbench_official_benchmark: config=delta_int2_k2_unigram_int4 task=vcsum progress=50/200
2026-03-26 23:36:00,702 INFO longbench_official_benchmark: config=delta_int2_k2_unigram_int4 task=vcsum progress=60/200
2026-03-26 23:39:35,034 INFO longbench_official_benchmark: config=delta_int2_k2_unigram_int4 task=vcsum progress=70/200
2026-03-26 23:43:01,436 INFO longbench_official_benchmark: config=delta_int2_k2_unigram_int4 task=vcsum progress=80/200
2026-03-26 23:46:33,606 INFO longbench_official_benchmark: config=delta_int2_k2_unigram_int4 task=vcsum progress=90/200
2026-03-26 23:49:43,689 INFO longbench_official_benchmark: config=delta_int2_k2_unigram_int4 task=vcsum progress=100/200
2026-03-26 23:53:12,272 INFO longbench_official_benchmark: config=delta_int2_k2_unigram_int4 task=vcsum progress=110/200
2026-03-26 23:56:07,995 INFO longbench_official_benchmark: config=delta_int2_k2_unigram_int4 task=vcsum progress=120/200
2026-03-26 23:59:13,644 INFO longbench_official_benchmark: config=delta_int2_k2_unigram_int4 task=vcsum progress=130/200
2026-03-27 00:02:05,079 INFO longbench_official_benchmark: config=delta_int2_k2_unigram_int4 task=vcsum progress=140/200
2026-03-27 00:05:33,102 INFO longbench_official_benchmark: config=delta_int2_k2_unigram_int4 task=vcsum progress=150/200
2026-03-27 00:10:11,223 INFO longbench_official_benchmark: config=delta_int2_k2_unigram_int4 task=vcsum progress=160/200
2026-03-27 00:13:36,601 INFO longbench_official_benchmark: config=delta_int2_k2_unigram_int4 task=vcsum progress=170/200
2026-03-27 00:16:46,320 INFO longbench_official_benchmark: config=delta_int2_k2_unigram_int4 task=vcsum progress=180/200
2026-03-27 00:20:34,009 INFO longbench_official_benchmark: config=delta_int2_k2_unigram_int4 task=vcsum progress=190/200
2026-03-27 00:23:50,538 INFO longbench_official_benchmark: config=delta_int2_k2_unigram_int4 task=vcsum progress=200/200
/usr/local/lib/python3.10/dist-packages/fuzzywuzzy/fuzz.py:11: UserWarning: Using slow pure-python SequenceMatcher. Install python-Levenshtein to remove this warning
  warnings.warn('Using slow pure-python SequenceMatcher. Install python-Levenshtein to remove this warning')
Building prefix dict from the default dictionary ...
Loading model from cache /tmp/jieba.cache
Loading model cost 0.572 seconds.
Prefix dict has been built successfully.
Evaluating on: ['qasper.jsonl', 'gov_report.jsonl', 'result.json', 'vcsum.jsonl', 'multi_news.jsonl', 'dureader.jsonl', 'qmsum.jsonl', '2wikimqa.jsonl', 'narrativeqa.jsonl', 'task_results.json', 'multifieldqa_zh.jsonl', 'multifieldqa_en.jsonl', 'musique.jsonl', 'hotpotqa.jsonl']
2026-03-27 00:24:29,670 INFO longbench_official_benchmark: task completed config=delta_int2_k2_unigram_int4 task=vcsum score=15.94 samples=200 summary=/root/ActivationPerturbationAnalysis/official_longbench/LongBench/pred/qwen14b_cpuonly_delta_int2_k2_unigram_int4/task_results.json
2026-03-27 00:25:25,948 INFO longbench_official_benchmark: config=delta_int2_k2_unigram_int4 task=trec progress=10/200
2026-03-27 00:26:20,926 INFO longbench_official_benchmark: config=delta_int2_k2_unigram_int4 task=trec progress=20/200
2026-03-27 00:27:18,243 INFO longbench_official_benchmark: config=delta_int2_k2_unigram_int4 task=trec progress=30/200
2026-03-27 00:28:06,768 INFO longbench_official_benchmark: config=delta_int2_k2_unigram_int4 task=trec progress=40/200
2026-03-27 00:29:06,540 INFO longbench_official_benchmark: config=delta_int2_k2_unigram_int4 task=trec progress=50/200
2026-03-27 00:29:59,277 INFO longbench_official_benchmark: config=delta_int2_k2_unigram_int4 task=trec progress=60/200
2026-03-27 00:30:49,977 INFO longbench_official_benchmark: config=delta_int2_k2_unigram_int4 task=trec progress=70/200
2026-03-27 00:31:54,284 INFO longbench_official_benchmark: config=delta_int2_k2_unigram_int4 task=trec progress=80/200
2026-03-27 00:32:56,925 INFO longbench_official_benchmark: config=delta_int2_k2_unigram_int4 task=trec progress=90/200
2026-03-27 00:34:07,477 INFO longbench_official_benchmark: config=delta_int2_k2_unigram_int4 task=trec progress=100/200
2026-03-27 00:35:01,692 INFO longbench_official_benchmark: config=delta_int2_k2_unigram_int4 task=trec progress=110/200
2026-03-27 00:36:03,986 INFO longbench_official_benchmark: config=delta_int2_k2_unigram_int4 task=trec progress=120/200
2026-03-27 00:36:59,931 INFO longbench_official_benchmark: config=delta_int2_k2_unigram_int4 task=trec progress=130/200
2026-03-27 00:38:02,473 INFO longbench_official_benchmark: config=delta_int2_k2_unigram_int4 task=trec progress=140/200
2026-03-27 00:39:05,267 INFO longbench_official_benchmark: config=delta_int2_k2_unigram_int4 task=trec progress=150/200
2026-03-27 00:40:02,341 INFO longbench_official_benchmark: config=delta_int2_k2_unigram_int4 task=trec progress=160/200
2026-03-27 00:41:02,143 INFO longbench_official_benchmark: config=delta_int2_k2_unigram_int4 task=trec progress=170/200
2026-03-27 00:41:57,187 INFO longbench_official_benchmark: config=delta_int2_k2_unigram_int4 task=trec progress=180/200
2026-03-27 00:42:53,710 INFO longbench_official_benchmark: config=delta_int2_k2_unigram_int4 task=trec progress=190/200
2026-03-27 00:43:53,777 INFO longbench_official_benchmark: config=delta_int2_k2_unigram_int4 task=trec progress=200/200
/usr/local/lib/python3.10/dist-packages/fuzzywuzzy/fuzz.py:11: UserWarning: Using slow pure-python SequenceMatcher. Install python-Levenshtein to remove this warning
  warnings.warn('Using slow pure-python SequenceMatcher. Install python-Levenshtein to remove this warning')
Building prefix dict from the default dictionary ...
Loading model from cache /tmp/jieba.cache
Loading model cost 0.574 seconds.
Prefix dict has been built successfully.
Evaluating on: ['trec.jsonl', 'qasper.jsonl', 'gov_report.jsonl', 'result.json', 'vcsum.jsonl', 'multi_news.jsonl', 'dureader.jsonl', 'qmsum.jsonl', '2wikimqa.jsonl', 'narrativeqa.jsonl', 'task_results.json', 'multifieldqa_zh.jsonl', 'multifieldqa_en.jsonl', 'musique.jsonl', 'hotpotqa.jsonl']
2026-03-27 00:44:32,873 INFO longbench_official_benchmark: task completed config=delta_int2_k2_unigram_int4 task=trec score=77.5 samples=200 summary=/root/ActivationPerturbationAnalysis/official_longbench/LongBench/pred/qwen14b_cpuonly_delta_int2_k2_unigram_int4/task_results.json
2026-03-27 00:45:37,037 INFO longbench_official_benchmark: config=delta_int2_k2_unigram_int4 task=triviaqa progress=10/200
2026-03-27 00:46:43,839 INFO longbench_official_benchmark: config=delta_int2_k2_unigram_int4 task=triviaqa progress=20/200
2026-03-27 00:47:52,644 INFO longbench_official_benchmark: config=delta_int2_k2_unigram_int4 task=triviaqa progress=30/200
2026-03-27 00:49:14,177 INFO longbench_official_benchmark: config=delta_int2_k2_unigram_int4 task=triviaqa progress=40/200
2026-03-27 00:50:16,978 INFO longbench_official_benchmark: config=delta_int2_k2_unigram_int4 task=triviaqa progress=50/200
2026-03-27 00:51:32,039 INFO longbench_official_benchmark: config=delta_int2_k2_unigram_int4 task=triviaqa progress=60/200
2026-03-27 00:52:39,920 INFO longbench_official_benchmark: config=delta_int2_k2_unigram_int4 task=triviaqa progress=70/200
2026-03-27 00:53:51,451 INFO longbench_official_benchmark: config=delta_int2_k2_unigram_int4 task=triviaqa progress=80/200
2026-03-27 00:54:54,836 INFO longbench_official_benchmark: config=delta_int2_k2_unigram_int4 task=triviaqa progress=90/200
2026-03-27 00:56:13,134 INFO longbench_official_benchmark: config=delta_int2_k2_unigram_int4 task=triviaqa progress=100/200
2026-03-27 00:57:55,370 INFO longbench_official_benchmark: config=delta_int2_k2_unigram_int4 task=triviaqa progress=110/200
2026-03-27 00:59:01,406 INFO longbench_official_benchmark: config=delta_int2_k2_unigram_int4 task=triviaqa progress=120/200
2026-03-27 01:00:20,050 INFO longbench_official_benchmark: config=delta_int2_k2_unigram_int4 task=triviaqa progress=130/200
2026-03-27 01:01:26,539 INFO longbench_official_benchmark: config=delta_int2_k2_unigram_int4 task=triviaqa progress=140/200
2026-03-27 01:02:45,198 INFO longbench_official_benchmark: config=delta_int2_k2_unigram_int4 task=triviaqa progress=150/200
2026-03-27 01:04:04,678 INFO longbench_official_benchmark: config=delta_int2_k2_unigram_int4 task=triviaqa progress=160/200
2026-03-27 01:05:07,639 INFO longbench_official_benchmark: config=delta_int2_k2_unigram_int4 task=triviaqa progress=170/200
2026-03-27 01:06:24,502 INFO longbench_official_benchmark: config=delta_int2_k2_unigram_int4 task=triviaqa progress=180/200
2026-03-27 01:07:32,263 INFO longbench_official_benchmark: config=delta_int2_k2_unigram_int4 task=triviaqa progress=190/200
2026-03-27 01:08:43,700 INFO longbench_official_benchmark: config=delta_int2_k2_unigram_int4 task=triviaqa progress=200/200
/usr/local/lib/python3.10/dist-packages/fuzzywuzzy/fuzz.py:11: UserWarning: Using slow pure-python SequenceMatcher. Install python-Levenshtein to remove this warning
  warnings.warn('Using slow pure-python SequenceMatcher. Install python-Levenshtein to remove this warning')
Building prefix dict from the default dictionary ...
Loading model from cache /tmp/jieba.cache
Loading model cost 0.570 seconds.
Prefix dict has been built successfully.
Evaluating on: ['trec.jsonl', 'qasper.jsonl', 'gov_report.jsonl', 'result.json', 'vcsum.jsonl', 'multi_news.jsonl', 'dureader.jsonl', 'qmsum.jsonl', '2wikimqa.jsonl', 'narrativeqa.jsonl', 'task_results.json', 'multifieldqa_zh.jsonl', 'multifieldqa_en.jsonl', 'musique.jsonl', 'hotpotqa.jsonl', 'triviaqa.jsonl']
2026-03-27 01:09:22,655 INFO longbench_official_benchmark: task completed config=delta_int2_k2_unigram_int4 task=triviaqa score=89.75 samples=200 summary=/root/ActivationPerturbationAnalysis/official_longbench/LongBench/pred/qwen14b_cpuonly_delta_int2_k2_unigram_int4/task_results.json
2026-03-27 01:11:18,406 INFO longbench_official_benchmark: config=delta_int2_k2_unigram_int4 task=samsum progress=10/200
2026-03-27 01:12:54,512 INFO longbench_official_benchmark: config=delta_int2_k2_unigram_int4 task=samsum progress=20/200
2026-03-27 01:14:58,341 INFO longbench_official_benchmark: config=delta_int2_k2_unigram_int4 task=samsum progress=30/200
2026-03-27 01:16:42,923 INFO longbench_official_benchmark: config=delta_int2_k2_unigram_int4 task=samsum progress=40/200
2026-03-27 01:18:19,559 INFO longbench_official_benchmark: config=delta_int2_k2_unigram_int4 task=samsum progress=50/200
2026-03-27 01:20:05,860 INFO longbench_official_benchmark: config=delta_int2_k2_unigram_int4 task=samsum progress=60/200
2026-03-27 01:21:42,369 INFO longbench_official_benchmark: config=delta_int2_k2_unigram_int4 task=samsum progress=70/200
2026-03-27 01:23:33,834 INFO longbench_official_benchmark: config=delta_int2_k2_unigram_int4 task=samsum progress=80/200
2026-03-27 01:25:13,141 INFO longbench_official_benchmark: config=delta_int2_k2_unigram_int4 task=samsum progress=90/200
2026-03-27 01:27:05,925 INFO longbench_official_benchmark: config=delta_int2_k2_unigram_int4 task=samsum progress=100/200
2026-03-27 01:28:42,875 INFO longbench_official_benchmark: config=delta_int2_k2_unigram_int4 task=samsum progress=110/200
2026-03-27 01:30:18,041 INFO longbench_official_benchmark: config=delta_int2_k2_unigram_int4 task=samsum progress=120/200
2026-03-27 01:31:57,115 INFO longbench_official_benchmark: config=delta_int2_k2_unigram_int4 task=samsum progress=130/200
2026-03-27 01:33:34,588 INFO longbench_official_benchmark: config=delta_int2_k2_unigram_int4 task=samsum progress=140/200
2026-03-27 01:35:35,739 INFO longbench_official_benchmark: config=delta_int2_k2_unigram_int4 task=samsum progress=150/200
2026-03-27 01:37:18,246 INFO longbench_official_benchmark: config=delta_int2_k2_unigram_int4 task=samsum progress=160/200
2026-03-27 01:39:07,950 INFO longbench_official_benchmark: config=delta_int2_k2_unigram_int4 task=samsum progress=170/200
2026-03-27 01:40:51,661 INFO longbench_official_benchmark: config=delta_int2_k2_unigram_int4 task=samsum progress=180/200
2026-03-27 01:42:40,010 INFO longbench_official_benchmark: config=delta_int2_k2_unigram_int4 task=samsum progress=190/200
2026-03-27 01:44:31,684 INFO longbench_official_benchmark: config=delta_int2_k2_unigram_int4 task=samsum progress=200/200
/usr/local/lib/python3.10/dist-packages/fuzzywuzzy/fuzz.py:11: UserWarning: Using slow pure-python SequenceMatcher. Install python-Levenshtein to remove this warning
  warnings.warn('Using slow pure-python SequenceMatcher. Install python-Levenshtein to remove this warning')
Building prefix dict from the default dictionary ...
Loading model from cache /tmp/jieba.cache
Loading model cost 0.583 seconds.
Prefix dict has been built successfully.
Evaluating on: ['trec.jsonl', 'qasper.jsonl', 'gov_report.jsonl', 'result.json', 'vcsum.jsonl', 'multi_news.jsonl', 'dureader.jsonl', 'qmsum.jsonl', '2wikimqa.jsonl', 'narrativeqa.jsonl', 'task_results.json', 'samsum.jsonl', 'multifieldqa_zh.jsonl', 'multifieldqa_en.jsonl', 'musique.jsonl', 'hotpotqa.jsonl', 'triviaqa.jsonl']
2026-03-27 01:45:10,962 INFO longbench_official_benchmark: task completed config=delta_int2_k2_unigram_int4 task=samsum score=48.15 samples=200 summary=/root/ActivationPerturbationAnalysis/official_longbench/LongBench/pred/qwen14b_cpuonly_delta_int2_k2_unigram_int4/task_results.json
2026-03-27 01:46:29,577 INFO longbench_official_benchmark: config=delta_int2_k2_unigram_int4 task=lsht progress=10/200
2026-03-27 01:48:30,364 INFO longbench_official_benchmark: config=delta_int2_k2_unigram_int4 task=lsht progress=20/200
2026-03-27 01:50:02,203 INFO longbench_official_benchmark: config=delta_int2_k2_unigram_int4 task=lsht progress=30/200
2026-03-27 01:51:31,948 INFO longbench_official_benchmark: config=delta_int2_k2_unigram_int4 task=lsht progress=40/200
2026-03-27 01:52:56,784 INFO longbench_official_benchmark: config=delta_int2_k2_unigram_int4 task=lsht progress=50/200
2026-03-27 01:54:45,514 INFO longbench_official_benchmark: config=delta_int2_k2_unigram_int4 task=lsht progress=60/200
2026-03-27 01:56:23,818 INFO longbench_official_benchmark: config=delta_int2_k2_unigram_int4 task=lsht progress=70/200
2026-03-27 01:58:23,036 INFO longbench_official_benchmark: config=delta_int2_k2_unigram_int4 task=lsht progress=80/200
2026-03-27 02:00:17,885 INFO longbench_official_benchmark: config=delta_int2_k2_unigram_int4 task=lsht progress=90/200
2026-03-27 02:02:32,075 INFO longbench_official_benchmark: config=delta_int2_k2_unigram_int4 task=lsht progress=100/200
2026-03-27 02:04:30,705 INFO longbench_official_benchmark: config=delta_int2_k2_unigram_int4 task=lsht progress=110/200
2026-03-27 02:06:11,325 INFO longbench_official_benchmark: config=delta_int2_k2_unigram_int4 task=lsht progress=120/200
2026-03-27 02:07:54,547 INFO longbench_official_benchmark: config=delta_int2_k2_unigram_int4 task=lsht progress=130/200
2026-03-27 02:09:50,964 INFO longbench_official_benchmark: config=delta_int2_k2_unigram_int4 task=lsht progress=140/200
2026-03-27 02:11:17,535 INFO longbench_official_benchmark: config=delta_int2_k2_unigram_int4 task=lsht progress=150/200
2026-03-27 02:13:06,084 INFO longbench_official_benchmark: config=delta_int2_k2_unigram_int4 task=lsht progress=160/200
2026-03-27 02:14:57,566 INFO longbench_official_benchmark: config=delta_int2_k2_unigram_int4 task=lsht progress=170/200
2026-03-27 02:16:36,845 INFO longbench_official_benchmark: config=delta_int2_k2_unigram_int4 task=lsht progress=180/200
2026-03-27 02:18:06,555 INFO longbench_official_benchmark: config=delta_int2_k2_unigram_int4 task=lsht progress=190/200
2026-03-27 02:19:45,205 INFO longbench_official_benchmark: config=delta_int2_k2_unigram_int4 task=lsht progress=200/200
/usr/local/lib/python3.10/dist-packages/fuzzywuzzy/fuzz.py:11: UserWarning: Using slow pure-python SequenceMatcher. Install python-Levenshtein to remove this warning
  warnings.warn('Using slow pure-python SequenceMatcher. Install python-Levenshtein to remove this warning')
Building prefix dict from the default dictionary ...
Loading model from cache /tmp/jieba.cache
Loading model cost 0.574 seconds.
Prefix dict has been built successfully.
Evaluating on: ['trec.jsonl', 'qasper.jsonl', 'gov_report.jsonl', 'result.json', 'vcsum.jsonl', 'multi_news.jsonl', 'dureader.jsonl', 'qmsum.jsonl', '2wikimqa.jsonl', 'narrativeqa.jsonl', 'task_results.json', 'samsum.jsonl', 'multifieldqa_zh.jsonl', 'lsht.jsonl', 'multifieldqa_en.jsonl', 'musique.jsonl', 'hotpotqa.jsonl', 'triviaqa.jsonl']
2026-03-27 02:20:24,309 INFO longbench_official_benchmark: task completed config=delta_int2_k2_unigram_int4 task=lsht score=49.67 samples=200 summary=/root/ActivationPerturbationAnalysis/official_longbench/LongBench/pred/qwen14b_cpuonly_delta_int2_k2_unigram_int4/task_results.json
2026-03-27 02:21:44,617 INFO longbench_official_benchmark: config=delta_int2_k2_unigram_int4 task=passage_count progress=10/200
2026-03-27 02:23:05,849 INFO longbench_official_benchmark: config=delta_int2_k2_unigram_int4 task=passage_count progress=20/200
2026-03-27 02:24:25,675 INFO longbench_official_benchmark: config=delta_int2_k2_unigram_int4 task=passage_count progress=30/200
2026-03-27 02:25:54,785 INFO longbench_official_benchmark: config=delta_int2_k2_unigram_int4 task=passage_count progress=40/200
2026-03-27 02:27:20,921 INFO longbench_official_benchmark: config=delta_int2_k2_unigram_int4 task=passage_count progress=50/200
2026-03-27 02:28:35,978 INFO longbench_official_benchmark: config=delta_int2_k2_unigram_int4 task=passage_count progress=60/200
2026-03-27 02:29:48,050 INFO longbench_official_benchmark: config=delta_int2_k2_unigram_int4 task=passage_count progress=70/200
2026-03-27 02:30:56,829 INFO longbench_official_benchmark: config=delta_int2_k2_unigram_int4 task=passage_count progress=80/200
2026-03-27 02:32:03,196 INFO longbench_official_benchmark: config=delta_int2_k2_unigram_int4 task=passage_count progress=90/200
2026-03-27 02:33:12,301 INFO longbench_official_benchmark: config=delta_int2_k2_unigram_int4 task=passage_count progress=100/200
2026-03-27 02:34:38,167 INFO longbench_official_benchmark: config=delta_int2_k2_unigram_int4 task=passage_count progress=110/200
2026-03-27 02:35:51,743 INFO longbench_official_benchmark: config=delta_int2_k2_unigram_int4 task=passage_count progress=120/200
2026-03-27 02:37:12,520 INFO longbench_official_benchmark: config=delta_int2_k2_unigram_int4 task=passage_count progress=130/200
2026-03-27 02:38:26,202 INFO longbench_official_benchmark: config=delta_int2_k2_unigram_int4 task=passage_count progress=140/200
2026-03-27 02:39:55,390 INFO longbench_official_benchmark: config=delta_int2_k2_unigram_int4 task=passage_count progress=150/200
2026-03-27 02:41:05,119 INFO longbench_official_benchmark: config=delta_int2_k2_unigram_int4 task=passage_count progress=160/200
2026-03-27 02:42:31,311 INFO longbench_official_benchmark: config=delta_int2_k2_unigram_int4 task=passage_count progress=170/200
2026-03-27 02:43:46,287 INFO longbench_official_benchmark: config=delta_int2_k2_unigram_int4 task=passage_count progress=180/200
2026-03-27 02:45:08,193 INFO longbench_official_benchmark: config=delta_int2_k2_unigram_int4 task=passage_count progress=190/200
2026-03-27 02:46:33,421 INFO longbench_official_benchmark: config=delta_int2_k2_unigram_int4 task=passage_count progress=200/200
/usr/local/lib/python3.10/dist-packages/fuzzywuzzy/fuzz.py:11: UserWarning: Using slow pure-python SequenceMatcher. Install python-Levenshtein to remove this warning
  warnings.warn('Using slow pure-python SequenceMatcher. Install python-Levenshtein to remove this warning')
Building prefix dict from the default dictionary ...
Loading model from cache /tmp/jieba.cache
Loading model cost 0.568 seconds.
Prefix dict has been built successfully.
Evaluating on: ['trec.jsonl', 'qasper.jsonl', 'gov_report.jsonl', 'result.json', 'vcsum.jsonl', 'multi_news.jsonl', 'dureader.jsonl', 'qmsum.jsonl', '2wikimqa.jsonl', 'narrativeqa.jsonl', 'task_results.json', 'samsum.jsonl', 'multifieldqa_zh.jsonl', 'lsht.jsonl', 'multifieldqa_en.jsonl', 'passage_count.jsonl', 'musique.jsonl', 'hotpotqa.jsonl', 'triviaqa.jsonl']
2026-03-27 02:47:12,500 INFO longbench_official_benchmark: task completed config=delta_int2_k2_unigram_int4 task=passage_count score=14.75 samples=200 summary=/root/ActivationPerturbationAnalysis/official_longbench/LongBench/pred/qwen14b_cpuonly_delta_int2_k2_unigram_int4/task_results.json
2026-03-27 02:48:07,525 INFO longbench_official_benchmark: config=delta_int2_k2_unigram_int4 task=passage_retrieval_en progress=10/200
2026-03-27 02:49:10,520 INFO longbench_official_benchmark: config=delta_int2_k2_unigram_int4 task=passage_retrieval_en progress=20/200
2026-03-27 02:50:11,600 INFO longbench_official_benchmark: config=delta_int2_k2_unigram_int4 task=passage_retrieval_en progress=30/200
2026-03-27 02:51:10,456 INFO longbench_official_benchmark: config=delta_int2_k2_unigram_int4 task=passage_retrieval_en progress=40/200
2026-03-27 02:52:11,232 INFO longbench_official_benchmark: config=delta_int2_k2_unigram_int4 task=passage_retrieval_en progress=50/200
2026-03-27 02:53:12,537 INFO longbench_official_benchmark: config=delta_int2_k2_unigram_int4 task=passage_retrieval_en progress=60/200
2026-03-27 02:54:13,977 INFO longbench_official_benchmark: config=delta_int2_k2_unigram_int4 task=passage_retrieval_en progress=70/200
2026-03-27 02:55:15,168 INFO longbench_official_benchmark: config=delta_int2_k2_unigram_int4 task=passage_retrieval_en progress=80/200
2026-03-27 02:56:18,077 INFO longbench_official_benchmark: config=delta_int2_k2_unigram_int4 task=passage_retrieval_en progress=90/200
2026-03-27 02:57:21,662 INFO longbench_official_benchmark: config=delta_int2_k2_unigram_int4 task=passage_retrieval_en progress=100/200
2026-03-27 02:58:25,637 INFO longbench_official_benchmark: config=delta_int2_k2_unigram_int4 task=passage_retrieval_en progress=110/200
2026-03-27 02:59:26,258 INFO longbench_official_benchmark: config=delta_int2_k2_unigram_int4 task=passage_retrieval_en progress=120/200
2026-03-27 03:00:26,198 INFO longbench_official_benchmark: config=delta_int2_k2_unigram_int4 task=passage_retrieval_en progress=130/200
2026-03-27 03:01:25,833 INFO longbench_official_benchmark: config=delta_int2_k2_unigram_int4 task=passage_retrieval_en progress=140/200
2026-03-27 03:02:25,954 INFO longbench_official_benchmark: config=delta_int2_k2_unigram_int4 task=passage_retrieval_en progress=150/200
2026-03-27 03:03:26,417 INFO longbench_official_benchmark: config=delta_int2_k2_unigram_int4 task=passage_retrieval_en progress=160/200
2026-03-27 03:04:22,075 INFO longbench_official_benchmark: config=delta_int2_k2_unigram_int4 task=passage_retrieval_en progress=170/200
2026-03-27 03:05:19,777 INFO longbench_official_benchmark: config=delta_int2_k2_unigram_int4 task=passage_retrieval_en progress=180/200
2026-03-27 03:06:20,629 INFO longbench_official_benchmark: config=delta_int2_k2_unigram_int4 task=passage_retrieval_en progress=190/200
2026-03-27 03:07:20,446 INFO longbench_official_benchmark: config=delta_int2_k2_unigram_int4 task=passage_retrieval_en progress=200/200
/usr/local/lib/python3.10/dist-packages/fuzzywuzzy/fuzz.py:11: UserWarning: Using slow pure-python SequenceMatcher. Install python-Levenshtein to remove this warning
  warnings.warn('Using slow pure-python SequenceMatcher. Install python-Levenshtein to remove this warning')
Building prefix dict from the default dictionary ...
Loading model from cache /tmp/jieba.cache
Loading model cost 0.562 seconds.
Prefix dict has been built successfully.
Evaluating on: ['trec.jsonl', 'qasper.jsonl', 'gov_report.jsonl', 'result.json', 'vcsum.jsonl', 'multi_news.jsonl', 'dureader.jsonl', 'qmsum.jsonl', '2wikimqa.jsonl', 'passage_retrieval_en.jsonl', 'narrativeqa.jsonl', 'task_results.json', 'samsum.jsonl', 'multifieldqa_zh.jsonl', 'lsht.jsonl', 'multifieldqa_en.jsonl', 'passage_count.jsonl', 'musique.jsonl', 'hotpotqa.jsonl', 'triviaqa.jsonl']
2026-03-27 03:07:59,820 INFO longbench_official_benchmark: task completed config=delta_int2_k2_unigram_int4 task=passage_retrieval_en score=99.0 samples=200 summary=/root/ActivationPerturbationAnalysis/official_longbench/LongBench/pred/qwen14b_cpuonly_delta_int2_k2_unigram_int4/task_results.json
2026-03-27 03:08:21,381 INFO longbench_official_benchmark: config=delta_int2_k2_unigram_int4 task=passage_retrieval_zh progress=10/200
2026-03-27 03:08:42,417 INFO longbench_official_benchmark: config=delta_int2_k2_unigram_int4 task=passage_retrieval_zh progress=20/200
2026-03-27 03:09:04,687 INFO longbench_official_benchmark: config=delta_int2_k2_unigram_int4 task=passage_retrieval_zh progress=30/200
2026-03-27 03:09:28,682 INFO longbench_official_benchmark: config=delta_int2_k2_unigram_int4 task=passage_retrieval_zh progress=40/200
2026-03-27 03:09:50,674 INFO longbench_official_benchmark: config=delta_int2_k2_unigram_int4 task=passage_retrieval_zh progress=50/200
2026-03-27 03:10:12,872 INFO longbench_official_benchmark: config=delta_int2_k2_unigram_int4 task=passage_retrieval_zh progress=60/200
2026-03-27 03:10:37,163 INFO longbench_official_benchmark: config=delta_int2_k2_unigram_int4 task=passage_retrieval_zh progress=70/200
2026-03-27 03:11:00,263 INFO longbench_official_benchmark: config=delta_int2_k2_unigram_int4 task=passage_retrieval_zh progress=80/200
2026-03-27 03:11:22,590 INFO longbench_official_benchmark: config=delta_int2_k2_unigram_int4 task=passage_retrieval_zh progress=90/200
2026-03-27 03:11:47,177 INFO longbench_official_benchmark: config=delta_int2_k2_unigram_int4 task=passage_retrieval_zh progress=100/200
2026-03-27 03:12:10,994 INFO longbench_official_benchmark: config=delta_int2_k2_unigram_int4 task=passage_retrieval_zh progress=110/200
2026-03-27 03:12:36,946 INFO longbench_official_benchmark: config=delta_int2_k2_unigram_int4 task=passage_retrieval_zh progress=120/200
2026-03-27 03:13:00,333 INFO longbench_official_benchmark: config=delta_int2_k2_unigram_int4 task=passage_retrieval_zh progress=130/200
2026-03-27 03:13:23,079 INFO longbench_official_benchmark: config=delta_int2_k2_unigram_int4 task=passage_retrieval_zh progress=140/200
2026-03-27 03:13:46,965 INFO longbench_official_benchmark: config=delta_int2_k2_unigram_int4 task=passage_retrieval_zh progress=150/200
2026-03-27 03:14:07,855 INFO longbench_official_benchmark: config=delta_int2_k2_unigram_int4 task=passage_retrieval_zh progress=160/200
2026-03-27 03:14:30,322 INFO longbench_official_benchmark: config=delta_int2_k2_unigram_int4 task=passage_retrieval_zh progress=170/200
2026-03-27 03:14:52,671 INFO longbench_official_benchmark: config=delta_int2_k2_unigram_int4 task=passage_retrieval_zh progress=180/200
2026-03-27 03:15:14,935 INFO longbench_official_benchmark: config=delta_int2_k2_unigram_int4 task=passage_retrieval_zh progress=190/200
2026-03-27 03:15:39,253 INFO longbench_official_benchmark: config=delta_int2_k2_unigram_int4 task=passage_retrieval_zh progress=200/200
/usr/local/lib/python3.10/dist-packages/fuzzywuzzy/fuzz.py:11: UserWarning: Using slow pure-python SequenceMatcher. Install python-Levenshtein to remove this warning
  warnings.warn('Using slow pure-python SequenceMatcher. Install python-Levenshtein to remove this warning')
Building prefix dict from the default dictionary ...
Loading model from cache /tmp/jieba.cache
Loading model cost 0.566 seconds.
Prefix dict has been built successfully.
Evaluating on: ['trec.jsonl', 'qasper.jsonl', 'gov_report.jsonl', 'result.json', 'vcsum.jsonl', 'multi_news.jsonl', 'dureader.jsonl', 'qmsum.jsonl', 'passage_retrieval_zh.jsonl', '2wikimqa.jsonl', 'passage_retrieval_en.jsonl', 'narrativeqa.jsonl', 'task_results.json', 'samsum.jsonl', 'multifieldqa_zh.jsonl', 'lsht.jsonl', 'multifieldqa_en.jsonl', 'passage_count.jsonl', 'musique.jsonl', 'hotpotqa.jsonl', 'triviaqa.jsonl']
2026-03-27 03:16:18,221 INFO longbench_official_benchmark: task completed config=delta_int2_k2_unigram_int4 task=passage_retrieval_zh score=99.08 samples=200 summary=/root/ActivationPerturbationAnalysis/official_longbench/LongBench/pred/qwen14b_cpuonly_delta_int2_k2_unigram_int4/task_results.json
2026-03-27 03:16:58,253 INFO longbench_official_benchmark: config=delta_int2_k2_unigram_int4 task=lcc progress=10/500
2026-03-27 03:17:33,986 INFO longbench_official_benchmark: config=delta_int2_k2_unigram_int4 task=lcc progress=20/500
2026-03-27 03:18:21,366 INFO longbench_official_benchmark: config=delta_int2_k2_unigram_int4 task=lcc progress=30/500
2026-03-27 03:18:57,177 INFO longbench_official_benchmark: config=delta_int2_k2_unigram_int4 task=lcc progress=40/500
2026-03-27 03:19:33,715 INFO longbench_official_benchmark: config=delta_int2_k2_unigram_int4 task=lcc progress=50/500
2026-03-27 03:20:16,310 INFO longbench_official_benchmark: config=delta_int2_k2_unigram_int4 task=lcc progress=60/500
2026-03-27 03:20:51,152 INFO longbench_official_benchmark: config=delta_int2_k2_unigram_int4 task=lcc progress=70/500
2026-03-27 03:21:26,953 INFO longbench_official_benchmark: config=delta_int2_k2_unigram_int4 task=lcc progress=80/500
2026-03-27 03:22:06,730 INFO longbench_official_benchmark: config=delta_int2_k2_unigram_int4 task=lcc progress=90/500
2026-03-27 03:22:45,135 INFO longbench_official_benchmark: config=delta_int2_k2_unigram_int4 task=lcc progress=100/500
2026-03-27 03:23:25,343 INFO longbench_official_benchmark: config=delta_int2_k2_unigram_int4 task=lcc progress=110/500
2026-03-27 03:24:03,836 INFO longbench_official_benchmark: config=delta_int2_k2_unigram_int4 task=lcc progress=120/500
2026-03-27 03:24:40,435 INFO longbench_official_benchmark: config=delta_int2_k2_unigram_int4 task=lcc progress=130/500
2026-03-27 03:25:15,422 INFO longbench_official_benchmark: config=delta_int2_k2_unigram_int4 task=lcc progress=140/500
2026-03-27 03:25:51,346 INFO longbench_official_benchmark: config=delta_int2_k2_unigram_int4 task=lcc progress=150/500
2026-03-27 03:26:29,229 INFO longbench_official_benchmark: config=delta_int2_k2_unigram_int4 task=lcc progress=160/500
2026-03-27 03:27:08,249 INFO longbench_official_benchmark: config=delta_int2_k2_unigram_int4 task=lcc progress=170/500
2026-03-27 03:27:48,621 INFO longbench_official_benchmark: config=delta_int2_k2_unigram_int4 task=lcc progress=180/500
2026-03-27 03:28:25,087 INFO longbench_official_benchmark: config=delta_int2_k2_unigram_int4 task=lcc progress=190/500
2026-03-27 03:28:59,971 INFO longbench_official_benchmark: config=delta_int2_k2_unigram_int4 task=lcc progress=200/500
2026-03-27 03:29:40,833 INFO longbench_official_benchmark: config=delta_int2_k2_unigram_int4 task=lcc progress=210/500
2026-03-27 03:30:15,471 INFO longbench_official_benchmark: config=delta_int2_k2_unigram_int4 task=lcc progress=220/500
2026-03-27 03:30:52,400 INFO longbench_official_benchmark: config=delta_int2_k2_unigram_int4 task=lcc progress=230/500
2026-03-27 03:31:26,275 INFO longbench_official_benchmark: config=delta_int2_k2_unigram_int4 task=lcc progress=240/500
2026-03-27 03:32:17,891 INFO longbench_official_benchmark: config=delta_int2_k2_unigram_int4 task=lcc progress=250/500
2026-03-27 03:33:02,458 INFO longbench_official_benchmark: config=delta_int2_k2_unigram_int4 task=lcc progress=260/500
2026-03-27 03:34:07,592 INFO longbench_official_benchmark: config=delta_int2_k2_unigram_int4 task=lcc progress=270/500
2026-03-27 03:34:51,948 INFO longbench_official_benchmark: config=delta_int2_k2_unigram_int4 task=lcc progress=280/500
2026-03-27 03:35:26,476 INFO longbench_official_benchmark: config=delta_int2_k2_unigram_int4 task=lcc progress=290/500
2026-03-27 03:36:08,771 INFO longbench_official_benchmark: config=delta_int2_k2_unigram_int4 task=lcc progress=300/500
2026-03-27 03:36:48,386 INFO longbench_official_benchmark: config=delta_int2_k2_unigram_int4 task=lcc progress=310/500
2026-03-27 03:37:25,122 INFO longbench_official_benchmark: config=delta_int2_k2_unigram_int4 task=lcc progress=320/500
2026-03-27 03:38:09,512 INFO longbench_official_benchmark: config=delta_int2_k2_unigram_int4 task=lcc progress=330/500
2026-03-27 03:38:50,053 INFO longbench_official_benchmark: config=delta_int2_k2_unigram_int4 task=lcc progress=340/500
2026-03-27 03:39:27,029 INFO longbench_official_benchmark: config=delta_int2_k2_unigram_int4 task=lcc progress=350/500
2026-03-27 03:40:03,421 INFO longbench_official_benchmark: config=delta_int2_k2_unigram_int4 task=lcc progress=360/500
2026-03-27 03:40:42,428 INFO longbench_official_benchmark: config=delta_int2_k2_unigram_int4 task=lcc progress=370/500
2026-03-27 03:41:20,375 INFO longbench_official_benchmark: config=delta_int2_k2_unigram_int4 task=lcc progress=380/500
2026-03-27 03:41:56,387 INFO longbench_official_benchmark: config=delta_int2_k2_unigram_int4 task=lcc progress=390/500
2026-03-27 03:42:35,238 INFO longbench_official_benchmark: config=delta_int2_k2_unigram_int4 task=lcc progress=400/500
2026-03-27 03:43:12,050 INFO longbench_official_benchmark: config=delta_int2_k2_unigram_int4 task=lcc progress=410/500
2026-03-27 03:43:49,924 INFO longbench_official_benchmark: config=delta_int2_k2_unigram_int4 task=lcc progress=420/500
2026-03-27 03:44:27,200 INFO longbench_official_benchmark: config=delta_int2_k2_unigram_int4 task=lcc progress=430/500
2026-03-27 03:45:04,313 INFO longbench_official_benchmark: config=delta_int2_k2_unigram_int4 task=lcc progress=440/500
2026-03-27 03:45:40,661 INFO longbench_official_benchmark: config=delta_int2_k2_unigram_int4 task=lcc progress=450/500
2026-03-27 03:46:21,810 INFO longbench_official_benchmark: config=delta_int2_k2_unigram_int4 task=lcc progress=460/500
2026-03-27 03:47:04,243 INFO longbench_official_benchmark: config=delta_int2_k2_unigram_int4 task=lcc progress=470/500
2026-03-27 03:47:40,173 INFO longbench_official_benchmark: config=delta_int2_k2_unigram_int4 task=lcc progress=480/500
2026-03-27 03:48:17,157 INFO longbench_official_benchmark: config=delta_int2_k2_unigram_int4 task=lcc progress=490/500
2026-03-27 03:48:54,398 INFO longbench_official_benchmark: config=delta_int2_k2_unigram_int4 task=lcc progress=500/500
/usr/local/lib/python3.10/dist-packages/fuzzywuzzy/fuzz.py:11: UserWarning: Using slow pure-python SequenceMatcher. Install python-Levenshtein to remove this warning
  warnings.warn('Using slow pure-python SequenceMatcher. Install python-Levenshtein to remove this warning')
Building prefix dict from the default dictionary ...
Loading model from cache /tmp/jieba.cache
Loading model cost 0.575 seconds.
Prefix dict has been built successfully.
Evaluating on: ['trec.jsonl', 'qasper.jsonl', 'gov_report.jsonl', 'result.json', 'vcsum.jsonl', 'lcc.jsonl', 'multi_news.jsonl', 'dureader.jsonl', 'qmsum.jsonl', 'passage_retrieval_zh.jsonl', '2wikimqa.jsonl', 'passage_retrieval_en.jsonl', 'narrativeqa.jsonl', 'task_results.json', 'samsum.jsonl', 'multifieldqa_zh.jsonl', 'lsht.jsonl', 'multifieldqa_en.jsonl', 'passage_count.jsonl', 'musique.jsonl', 'hotpotqa.jsonl', 'triviaqa.jsonl']
2026-03-27 03:49:33,458 INFO longbench_official_benchmark: task completed config=delta_int2_k2_unigram_int4 task=lcc score=64.97 samples=500 summary=/root/ActivationPerturbationAnalysis/official_longbench/LongBench/pred/qwen14b_cpuonly_delta_int2_k2_unigram_int4/task_results.json
2026-03-27 03:51:23,437 INFO longbench_official_benchmark: config=delta_int2_k2_unigram_int4 task=repobench-p progress=10/500
2026-03-27 03:52:35,048 INFO longbench_official_benchmark: config=delta_int2_k2_unigram_int4 task=repobench-p progress=20/500
2026-03-27 03:54:00,978 INFO longbench_official_benchmark: config=delta_int2_k2_unigram_int4 task=repobench-p progress=30/500
2026-03-27 03:55:25,876 INFO longbench_official_benchmark: config=delta_int2_k2_unigram_int4 task=repobench-p progress=40/500
2026-03-27 03:56:55,704 INFO longbench_official_benchmark: config=delta_int2_k2_unigram_int4 task=repobench-p progress=50/500
2026-03-27 03:58:27,451 INFO longbench_official_benchmark: config=delta_int2_k2_unigram_int4 task=repobench-p progress=60/500
2026-03-27 03:59:45,998 INFO longbench_official_benchmark: config=delta_int2_k2_unigram_int4 task=repobench-p progress=70/500
2026-03-27 04:01:25,440 INFO longbench_official_benchmark: config=delta_int2_k2_unigram_int4 task=repobench-p progress=80/500
2026-03-27 04:02:37,397 INFO longbench_official_benchmark: config=delta_int2_k2_unigram_int4 task=repobench-p progress=90/500
2026-03-27 04:04:06,914 INFO longbench_official_benchmark: config=delta_int2_k2_unigram_int4 task=repobench-p progress=100/500
2026-03-27 04:05:11,553 INFO longbench_official_benchmark: config=delta_int2_k2_unigram_int4 task=repobench-p progress=110/500
2026-03-27 04:06:23,090 INFO longbench_official_benchmark: config=delta_int2_k2_unigram_int4 task=repobench-p progress=120/500
2026-03-27 04:07:53,766 INFO longbench_official_benchmark: config=delta_int2_k2_unigram_int4 task=repobench-p progress=130/500
2026-03-27 04:09:14,709 INFO longbench_official_benchmark: config=delta_int2_k2_unigram_int4 task=repobench-p progress=140/500
2026-03-27 04:10:27,607 INFO longbench_official_benchmark: config=delta_int2_k2_unigram_int4 task=repobench-p progress=150/500
2026-03-27 04:11:50,201 INFO longbench_official_benchmark: config=delta_int2_k2_unigram_int4 task=repobench-p progress=160/500
2026-03-27 04:13:18,871 INFO longbench_official_benchmark: config=delta_int2_k2_unigram_int4 task=repobench-p progress=170/500
2026-03-27 04:14:38,593 INFO longbench_official_benchmark: config=delta_int2_k2_unigram_int4 task=repobench-p progress=180/500
2026-03-27 04:16:08,509 INFO longbench_official_benchmark: config=delta_int2_k2_unigram_int4 task=repobench-p progress=190/500
2026-03-27 04:17:26,982 INFO longbench_official_benchmark: config=delta_int2_k2_unigram_int4 task=repobench-p progress=200/500
2026-03-27 04:18:21,853 INFO longbench_official_benchmark: config=delta_int2_k2_unigram_int4 task=repobench-p progress=210/500
2026-03-27 04:19:37,510 INFO longbench_official_benchmark: config=delta_int2_k2_unigram_int4 task=repobench-p progress=220/500
2026-03-27 04:21:03,508 INFO longbench_official_benchmark: config=delta_int2_k2_unigram_int4 task=repobench-p progress=230/500
2026-03-27 04:22:35,800 INFO longbench_official_benchmark: config=delta_int2_k2_unigram_int4 task=repobench-p progress=240/500
2026-03-27 04:23:56,499 INFO longbench_official_benchmark: config=delta_int2_k2_unigram_int4 task=repobench-p progress=250/500
2026-03-27 04:25:35,766 INFO longbench_official_benchmark: config=delta_int2_k2_unigram_int4 task=repobench-p progress=260/500
2026-03-27 04:27:17,904 INFO longbench_official_benchmark: config=delta_int2_k2_unigram_int4 task=repobench-p progress=270/500
2026-03-27 04:28:40,418 INFO longbench_official_benchmark: config=delta_int2_k2_unigram_int4 task=repobench-p progress=280/500
2026-03-27 04:30:00,672 INFO longbench_official_benchmark: config=delta_int2_k2_unigram_int4 task=repobench-p progress=290/500
2026-03-27 04:31:12,783 INFO longbench_official_benchmark: config=delta_int2_k2_unigram_int4 task=repobench-p progress=300/500
