/usr/local/lib/python3.10/dist-packages/torch/cuda/__init__.py:61: FutureWarning: The pynvml package is deprecated. Please install nvidia-ml-py instead. If you did not install pynvml directly, please report this to the maintainers of the package that installed pynvml for you.
  import pynvml  # type: ignore[import]
Sliding Window Attention is enabled but not implemented for `sdpa`; unexpected results may be encountered.
Loading checkpoint shards:   0%|          | 0/8 [00:00<?, ?it/s]Loading checkpoint shards:  12%|█▎        | 1/8 [00:01<00:08,  1.15s/it]Loading checkpoint shards:  25%|██▌       | 2/8 [00:01<00:05,  1.14it/s]Loading checkpoint shards:  38%|███▊      | 3/8 [00:02<00:04,  1.24it/s]Loading checkpoint shards:  50%|█████     | 4/8 [00:03<00:03,  1.22it/s]Loading checkpoint shards:  62%|██████▎   | 5/8 [00:04<00:02,  1.25it/s]Loading checkpoint shards:  75%|███████▌  | 6/8 [00:04<00:01,  1.28it/s]Loading checkpoint shards:  88%|████████▊ | 7/8 [00:05<00:00,  1.30it/s]Loading checkpoint shards: 100%|██████████| 8/8 [00:06<00:00,  1.57it/s]Loading checkpoint shards: 100%|██████████| 8/8 [00:06<00:00,  1.33it/s]
2026-03-26 17:09:44,809 INFO longbench_official_benchmark: config=delta_int4_k1_unigram_int4 task=narrativeqa progress=10/200
2026-03-26 17:11:40,971 INFO longbench_official_benchmark: config=delta_int4_k1_unigram_int4 task=narrativeqa progress=20/200
2026-03-26 17:14:29,357 INFO longbench_official_benchmark: config=delta_int4_k1_unigram_int4 task=narrativeqa progress=30/200
2026-03-26 17:16:50,981 INFO longbench_official_benchmark: config=delta_int4_k1_unigram_int4 task=narrativeqa progress=40/200
2026-03-26 17:19:34,137 INFO longbench_official_benchmark: config=delta_int4_k1_unigram_int4 task=narrativeqa progress=50/200
2026-03-26 17:22:35,739 INFO longbench_official_benchmark: config=delta_int4_k1_unigram_int4 task=narrativeqa progress=60/200
2026-03-26 17:24:59,047 INFO longbench_official_benchmark: config=delta_int4_k1_unigram_int4 task=narrativeqa progress=70/200
2026-03-26 17:27:22,973 INFO longbench_official_benchmark: config=delta_int4_k1_unigram_int4 task=narrativeqa progress=80/200
2026-03-26 17:29:54,677 INFO longbench_official_benchmark: config=delta_int4_k1_unigram_int4 task=narrativeqa progress=90/200
2026-03-26 17:32:06,573 INFO longbench_official_benchmark: config=delta_int4_k1_unigram_int4 task=narrativeqa progress=100/200
2026-03-26 17:34:57,329 INFO longbench_official_benchmark: config=delta_int4_k1_unigram_int4 task=narrativeqa progress=110/200
2026-03-26 17:37:57,362 INFO longbench_official_benchmark: config=delta_int4_k1_unigram_int4 task=narrativeqa progress=120/200
2026-03-26 17:40:48,284 INFO longbench_official_benchmark: config=delta_int4_k1_unigram_int4 task=narrativeqa progress=130/200
2026-03-26 17:42:51,070 INFO longbench_official_benchmark: config=delta_int4_k1_unigram_int4 task=narrativeqa progress=140/200
2026-03-26 17:45:02,299 INFO longbench_official_benchmark: config=delta_int4_k1_unigram_int4 task=narrativeqa progress=150/200
2026-03-26 17:47:30,002 INFO longbench_official_benchmark: config=delta_int4_k1_unigram_int4 task=narrativeqa progress=160/200
2026-03-26 17:49:37,815 INFO longbench_official_benchmark: config=delta_int4_k1_unigram_int4 task=narrativeqa progress=170/200
2026-03-26 17:51:52,002 INFO longbench_official_benchmark: config=delta_int4_k1_unigram_int4 task=narrativeqa progress=180/200
2026-03-26 17:53:58,304 INFO longbench_official_benchmark: config=delta_int4_k1_unigram_int4 task=narrativeqa progress=190/200
2026-03-26 17:56:35,598 INFO longbench_official_benchmark: config=delta_int4_k1_unigram_int4 task=narrativeqa progress=200/200
/usr/local/lib/python3.10/dist-packages/fuzzywuzzy/fuzz.py:11: UserWarning: Using slow pure-python SequenceMatcher. Install python-Levenshtein to remove this warning
  warnings.warn('Using slow pure-python SequenceMatcher. Install python-Levenshtein to remove this warning')
Evaluating on: ['narrativeqa.jsonl']
2026-03-26 17:56:35,832 INFO longbench_official_benchmark: task completed config=delta_int4_k1_unigram_int4 task=narrativeqa score=16.12 samples=200 summary=/root/ActivationPerturbationAnalysis/official_longbench/LongBench/pred/qwen14b_cpuonly_delta_int4_k1_unigram_int4/task_results.json
2026-03-26 17:57:05,774 INFO longbench_official_benchmark: config=delta_int4_k1_unigram_int4 task=qasper progress=10/200
2026-03-26 17:57:49,767 INFO longbench_official_benchmark: config=delta_int4_k1_unigram_int4 task=qasper progress=20/200
2026-03-26 17:58:17,529 INFO longbench_official_benchmark: config=delta_int4_k1_unigram_int4 task=qasper progress=30/200
2026-03-26 17:58:46,743 INFO longbench_official_benchmark: config=delta_int4_k1_unigram_int4 task=qasper progress=40/200
2026-03-26 17:59:12,277 INFO longbench_official_benchmark: config=delta_int4_k1_unigram_int4 task=qasper progress=50/200
2026-03-26 17:59:50,562 INFO longbench_official_benchmark: config=delta_int4_k1_unigram_int4 task=qasper progress=60/200
2026-03-26 18:00:18,666 INFO longbench_official_benchmark: config=delta_int4_k1_unigram_int4 task=qasper progress=70/200
2026-03-26 18:00:45,366 INFO longbench_official_benchmark: config=delta_int4_k1_unigram_int4 task=qasper progress=80/200
2026-03-26 18:01:10,917 INFO longbench_official_benchmark: config=delta_int4_k1_unigram_int4 task=qasper progress=90/200
2026-03-26 18:01:33,821 INFO longbench_official_benchmark: config=delta_int4_k1_unigram_int4 task=qasper progress=100/200
2026-03-26 18:02:01,387 INFO longbench_official_benchmark: config=delta_int4_k1_unigram_int4 task=qasper progress=110/200
2026-03-26 18:02:28,908 INFO longbench_official_benchmark: config=delta_int4_k1_unigram_int4 task=qasper progress=120/200
2026-03-26 18:02:58,141 INFO longbench_official_benchmark: config=delta_int4_k1_unigram_int4 task=qasper progress=130/200
2026-03-26 18:03:29,851 INFO longbench_official_benchmark: config=delta_int4_k1_unigram_int4 task=qasper progress=140/200
2026-03-26 18:03:55,525 INFO longbench_official_benchmark: config=delta_int4_k1_unigram_int4 task=qasper progress=150/200
2026-03-26 18:04:21,310 INFO longbench_official_benchmark: config=delta_int4_k1_unigram_int4 task=qasper progress=160/200
2026-03-26 18:04:45,861 INFO longbench_official_benchmark: config=delta_int4_k1_unigram_int4 task=qasper progress=170/200
2026-03-26 18:05:16,594 INFO longbench_official_benchmark: config=delta_int4_k1_unigram_int4 task=qasper progress=180/200
2026-03-26 18:05:40,005 INFO longbench_official_benchmark: config=delta_int4_k1_unigram_int4 task=qasper progress=190/200
2026-03-26 18:06:06,856 INFO longbench_official_benchmark: config=delta_int4_k1_unigram_int4 task=qasper progress=200/200
/usr/local/lib/python3.10/dist-packages/fuzzywuzzy/fuzz.py:11: UserWarning: Using slow pure-python SequenceMatcher. Install python-Levenshtein to remove this warning
  warnings.warn('Using slow pure-python SequenceMatcher. Install python-Levenshtein to remove this warning')
Evaluating on: ['qasper.jsonl', 'result.json', 'narrativeqa.jsonl', 'task_results.json']
2026-03-26 18:06:07,103 INFO longbench_official_benchmark: task completed config=delta_int4_k1_unigram_int4 task=qasper score=44.98 samples=200 summary=/root/ActivationPerturbationAnalysis/official_longbench/LongBench/pred/qwen14b_cpuonly_delta_int4_k1_unigram_int4/task_results.json
2026-03-26 18:06:50,254 INFO longbench_official_benchmark: config=delta_int4_k1_unigram_int4 task=multifieldqa_en progress=10/150
2026-03-26 18:07:40,116 INFO longbench_official_benchmark: config=delta_int4_k1_unigram_int4 task=multifieldqa_en progress=20/150
2026-03-26 18:08:21,469 INFO longbench_official_benchmark: config=delta_int4_k1_unigram_int4 task=multifieldqa_en progress=30/150
2026-03-26 18:08:58,777 INFO longbench_official_benchmark: config=delta_int4_k1_unigram_int4 task=multifieldqa_en progress=40/150
2026-03-26 18:09:35,863 INFO longbench_official_benchmark: config=delta_int4_k1_unigram_int4 task=multifieldqa_en progress=50/150
2026-03-26 18:10:03,777 INFO longbench_official_benchmark: config=delta_int4_k1_unigram_int4 task=multifieldqa_en progress=60/150
2026-03-26 18:10:45,170 INFO longbench_official_benchmark: config=delta_int4_k1_unigram_int4 task=multifieldqa_en progress=70/150
2026-03-26 18:11:26,711 INFO longbench_official_benchmark: config=delta_int4_k1_unigram_int4 task=multifieldqa_en progress=80/150
2026-03-26 18:12:04,052 INFO longbench_official_benchmark: config=delta_int4_k1_unigram_int4 task=multifieldqa_en progress=90/150
2026-03-26 18:12:58,935 INFO longbench_official_benchmark: config=delta_int4_k1_unigram_int4 task=multifieldqa_en progress=100/150
2026-03-26 18:13:50,201 INFO longbench_official_benchmark: config=delta_int4_k1_unigram_int4 task=multifieldqa_en progress=110/150
2026-03-26 18:14:39,436 INFO longbench_official_benchmark: config=delta_int4_k1_unigram_int4 task=multifieldqa_en progress=120/150
2026-03-26 18:15:15,231 INFO longbench_official_benchmark: config=delta_int4_k1_unigram_int4 task=multifieldqa_en progress=130/150
2026-03-26 18:16:01,392 INFO longbench_official_benchmark: config=delta_int4_k1_unigram_int4 task=multifieldqa_en progress=140/150
2026-03-26 18:16:43,806 INFO longbench_official_benchmark: config=delta_int4_k1_unigram_int4 task=multifieldqa_en progress=150/150
/usr/local/lib/python3.10/dist-packages/fuzzywuzzy/fuzz.py:11: UserWarning: Using slow pure-python SequenceMatcher. Install python-Levenshtein to remove this warning
  warnings.warn('Using slow pure-python SequenceMatcher. Install python-Levenshtein to remove this warning')
Evaluating on: ['qasper.jsonl', 'result.json', 'narrativeqa.jsonl', 'task_results.json', 'multifieldqa_en.jsonl']
2026-03-26 18:16:44,060 INFO longbench_official_benchmark: task completed config=delta_int4_k1_unigram_int4 task=multifieldqa_en score=54.41 samples=150 summary=/root/ActivationPerturbationAnalysis/official_longbench/LongBench/pred/qwen14b_cpuonly_delta_int4_k1_unigram_int4/task_results.json
2026-03-26 18:17:04,355 INFO longbench_official_benchmark: config=delta_int4_k1_unigram_int4 task=multifieldqa_zh progress=10/200
2026-03-26 18:17:28,914 INFO longbench_official_benchmark: config=delta_int4_k1_unigram_int4 task=multifieldqa_zh progress=20/200
2026-03-26 18:17:53,444 INFO longbench_official_benchmark: config=delta_int4_k1_unigram_int4 task=multifieldqa_zh progress=30/200
2026-03-26 18:18:19,475 INFO longbench_official_benchmark: config=delta_int4_k1_unigram_int4 task=multifieldqa_zh progress=40/200
2026-03-26 18:18:45,442 INFO longbench_official_benchmark: config=delta_int4_k1_unigram_int4 task=multifieldqa_zh progress=50/200
2026-03-26 18:19:08,967 INFO longbench_official_benchmark: config=delta_int4_k1_unigram_int4 task=multifieldqa_zh progress=60/200
2026-03-26 18:19:36,286 INFO longbench_official_benchmark: config=delta_int4_k1_unigram_int4 task=multifieldqa_zh progress=70/200
2026-03-26 18:19:55,811 INFO longbench_official_benchmark: config=delta_int4_k1_unigram_int4 task=multifieldqa_zh progress=80/200
2026-03-26 18:20:25,877 INFO longbench_official_benchmark: config=delta_int4_k1_unigram_int4 task=multifieldqa_zh progress=90/200
2026-03-26 18:20:46,520 INFO longbench_official_benchmark: config=delta_int4_k1_unigram_int4 task=multifieldqa_zh progress=100/200
2026-03-26 18:21:07,334 INFO longbench_official_benchmark: config=delta_int4_k1_unigram_int4 task=multifieldqa_zh progress=110/200
2026-03-26 18:21:28,559 INFO longbench_official_benchmark: config=delta_int4_k1_unigram_int4 task=multifieldqa_zh progress=120/200
2026-03-26 18:21:54,466 INFO longbench_official_benchmark: config=delta_int4_k1_unigram_int4 task=multifieldqa_zh progress=130/200
2026-03-26 18:22:27,367 INFO longbench_official_benchmark: config=delta_int4_k1_unigram_int4 task=multifieldqa_zh progress=140/200
2026-03-26 18:22:58,136 INFO longbench_official_benchmark: config=delta_int4_k1_unigram_int4 task=multifieldqa_zh progress=150/200
2026-03-26 18:23:25,615 INFO longbench_official_benchmark: config=delta_int4_k1_unigram_int4 task=multifieldqa_zh progress=160/200
2026-03-26 18:23:56,704 INFO longbench_official_benchmark: config=delta_int4_k1_unigram_int4 task=multifieldqa_zh progress=170/200
2026-03-26 18:24:25,523 INFO longbench_official_benchmark: config=delta_int4_k1_unigram_int4 task=multifieldqa_zh progress=180/200
2026-03-26 18:24:53,558 INFO longbench_official_benchmark: config=delta_int4_k1_unigram_int4 task=multifieldqa_zh progress=190/200
2026-03-26 18:25:18,565 INFO longbench_official_benchmark: config=delta_int4_k1_unigram_int4 task=multifieldqa_zh progress=200/200
/usr/local/lib/python3.10/dist-packages/fuzzywuzzy/fuzz.py:11: UserWarning: Using slow pure-python SequenceMatcher. Install python-Levenshtein to remove this warning
  warnings.warn('Using slow pure-python SequenceMatcher. Install python-Levenshtein to remove this warning')
Building prefix dict from the default dictionary ...
Loading model from cache /tmp/jieba.cache
Loading model cost 0.573 seconds.
Prefix dict has been built successfully.
Evaluating on: ['qasper.jsonl', 'result.json', 'narrativeqa.jsonl', 'task_results.json', 'multifieldqa_zh.jsonl', 'multifieldqa_en.jsonl']
2026-03-26 18:25:19,454 INFO longbench_official_benchmark: task completed config=delta_int4_k1_unigram_int4 task=multifieldqa_zh score=62.95 samples=200 summary=/root/ActivationPerturbationAnalysis/official_longbench/LongBench/pred/qwen14b_cpuonly_delta_int4_k1_unigram_int4/task_results.json
2026-03-26 18:26:20,102 INFO longbench_official_benchmark: config=delta_int4_k1_unigram_int4 task=hotpotqa progress=10/200
2026-03-26 18:27:23,417 INFO longbench_official_benchmark: config=delta_int4_k1_unigram_int4 task=hotpotqa progress=20/200
2026-03-26 18:28:16,897 INFO longbench_official_benchmark: config=delta_int4_k1_unigram_int4 task=hotpotqa progress=30/200
2026-03-26 18:29:28,796 INFO longbench_official_benchmark: config=delta_int4_k1_unigram_int4 task=hotpotqa progress=40/200
2026-03-26 18:30:32,278 INFO longbench_official_benchmark: config=delta_int4_k1_unigram_int4 task=hotpotqa progress=50/200
2026-03-26 18:31:32,952 INFO longbench_official_benchmark: config=delta_int4_k1_unigram_int4 task=hotpotqa progress=60/200
2026-03-26 18:32:37,438 INFO longbench_official_benchmark: config=delta_int4_k1_unigram_int4 task=hotpotqa progress=70/200
2026-03-26 18:33:31,051 INFO longbench_official_benchmark: config=delta_int4_k1_unigram_int4 task=hotpotqa progress=80/200
2026-03-26 18:34:30,721 INFO longbench_official_benchmark: config=delta_int4_k1_unigram_int4 task=hotpotqa progress=90/200
2026-03-26 18:35:37,715 INFO longbench_official_benchmark: config=delta_int4_k1_unigram_int4 task=hotpotqa progress=100/200
2026-03-26 18:36:44,207 INFO longbench_official_benchmark: config=delta_int4_k1_unigram_int4 task=hotpotqa progress=110/200
2026-03-26 18:37:47,808 INFO longbench_official_benchmark: config=delta_int4_k1_unigram_int4 task=hotpotqa progress=120/200
2026-03-26 18:38:35,942 INFO longbench_official_benchmark: config=delta_int4_k1_unigram_int4 task=hotpotqa progress=130/200
2026-03-26 18:39:31,927 INFO longbench_official_benchmark: config=delta_int4_k1_unigram_int4 task=hotpotqa progress=140/200
2026-03-26 18:40:41,036 INFO longbench_official_benchmark: config=delta_int4_k1_unigram_int4 task=hotpotqa progress=150/200
2026-03-26 18:41:39,881 INFO longbench_official_benchmark: config=delta_int4_k1_unigram_int4 task=hotpotqa progress=160/200
2026-03-26 18:42:35,940 INFO longbench_official_benchmark: config=delta_int4_k1_unigram_int4 task=hotpotqa progress=170/200
2026-03-26 18:43:39,075 INFO longbench_official_benchmark: config=delta_int4_k1_unigram_int4 task=hotpotqa progress=180/200
2026-03-26 18:44:35,212 INFO longbench_official_benchmark: config=delta_int4_k1_unigram_int4 task=hotpotqa progress=190/200
2026-03-26 18:45:26,404 INFO longbench_official_benchmark: config=delta_int4_k1_unigram_int4 task=hotpotqa progress=200/200
/usr/local/lib/python3.10/dist-packages/fuzzywuzzy/fuzz.py:11: UserWarning: Using slow pure-python SequenceMatcher. Install python-Levenshtein to remove this warning
  warnings.warn('Using slow pure-python SequenceMatcher. Install python-Levenshtein to remove this warning')
Building prefix dict from the default dictionary ...
Loading model from cache /tmp/jieba.cache
Loading model cost 0.565 seconds.
Prefix dict has been built successfully.
Evaluating on: ['qasper.jsonl', 'result.json', 'narrativeqa.jsonl', 'task_results.json', 'multifieldqa_zh.jsonl', 'multifieldqa_en.jsonl', 'hotpotqa.jsonl']
2026-03-26 18:45:27,683 INFO longbench_official_benchmark: task completed config=delta_int4_k1_unigram_int4 task=hotpotqa score=63.17 samples=200 summary=/root/ActivationPerturbationAnalysis/official_longbench/LongBench/pred/qwen14b_cpuonly_delta_int4_k1_unigram_int4/task_results.json
2026-03-26 18:46:01,760 INFO longbench_official_benchmark: config=delta_int4_k1_unigram_int4 task=2wikimqa progress=10/200
2026-03-26 18:46:32,854 INFO longbench_official_benchmark: config=delta_int4_k1_unigram_int4 task=2wikimqa progress=20/200
2026-03-26 18:47:05,891 INFO longbench_official_benchmark: config=delta_int4_k1_unigram_int4 task=2wikimqa progress=30/200
2026-03-26 18:47:41,251 INFO longbench_official_benchmark: config=delta_int4_k1_unigram_int4 task=2wikimqa progress=40/200
2026-03-26 18:48:11,942 INFO longbench_official_benchmark: config=delta_int4_k1_unigram_int4 task=2wikimqa progress=50/200
2026-03-26 18:48:42,830 INFO longbench_official_benchmark: config=delta_int4_k1_unigram_int4 task=2wikimqa progress=60/200
2026-03-26 18:49:08,074 INFO longbench_official_benchmark: config=delta_int4_k1_unigram_int4 task=2wikimqa progress=70/200
2026-03-26 18:49:41,402 INFO longbench_official_benchmark: config=delta_int4_k1_unigram_int4 task=2wikimqa progress=80/200
2026-03-26 18:50:18,249 INFO longbench_official_benchmark: config=delta_int4_k1_unigram_int4 task=2wikimqa progress=90/200
2026-03-26 18:50:59,392 INFO longbench_official_benchmark: config=delta_int4_k1_unigram_int4 task=2wikimqa progress=100/200
2026-03-26 18:51:27,284 INFO longbench_official_benchmark: config=delta_int4_k1_unigram_int4 task=2wikimqa progress=110/200
2026-03-26 18:51:55,785 INFO longbench_official_benchmark: config=delta_int4_k1_unigram_int4 task=2wikimqa progress=120/200
2026-03-26 18:52:27,112 INFO longbench_official_benchmark: config=delta_int4_k1_unigram_int4 task=2wikimqa progress=130/200
2026-03-26 18:52:59,686 INFO longbench_official_benchmark: config=delta_int4_k1_unigram_int4 task=2wikimqa progress=140/200
2026-03-26 18:53:36,680 INFO longbench_official_benchmark: config=delta_int4_k1_unigram_int4 task=2wikimqa progress=150/200
2026-03-26 18:54:21,727 INFO longbench_official_benchmark: config=delta_int4_k1_unigram_int4 task=2wikimqa progress=160/200
2026-03-26 18:54:54,573 INFO longbench_official_benchmark: config=delta_int4_k1_unigram_int4 task=2wikimqa progress=170/200
2026-03-26 18:55:37,748 INFO longbench_official_benchmark: config=delta_int4_k1_unigram_int4 task=2wikimqa progress=180/200
2026-03-26 18:56:04,225 INFO longbench_official_benchmark: config=delta_int4_k1_unigram_int4 task=2wikimqa progress=190/200
2026-03-26 18:56:42,929 INFO longbench_official_benchmark: config=delta_int4_k1_unigram_int4 task=2wikimqa progress=200/200
/usr/local/lib/python3.10/dist-packages/fuzzywuzzy/fuzz.py:11: UserWarning: Using slow pure-python SequenceMatcher. Install python-Levenshtein to remove this warning
  warnings.warn('Using slow pure-python SequenceMatcher. Install python-Levenshtein to remove this warning')
Building prefix dict from the default dictionary ...
Loading model from cache /tmp/jieba.cache
Loading model cost 0.577 seconds.
Prefix dict has been built successfully.
Evaluating on: ['qasper.jsonl', 'result.json', '2wikimqa.jsonl', 'narrativeqa.jsonl', 'task_results.json', 'multifieldqa_zh.jsonl', 'multifieldqa_en.jsonl', 'hotpotqa.jsonl']
2026-03-26 18:56:43,910 INFO longbench_official_benchmark: task completed config=delta_int4_k1_unigram_int4 task=2wikimqa score=57.77 samples=200 summary=/root/ActivationPerturbationAnalysis/official_longbench/LongBench/pred/qwen14b_cpuonly_delta_int4_k1_unigram_int4/task_results.json
2026-03-26 18:57:57,080 INFO longbench_official_benchmark: config=delta_int4_k1_unigram_int4 task=musique progress=10/200
2026-03-26 18:59:11,648 INFO longbench_official_benchmark: config=delta_int4_k1_unigram_int4 task=musique progress=20/200
2026-03-26 19:00:27,598 INFO longbench_official_benchmark: config=delta_int4_k1_unigram_int4 task=musique progress=30/200
2026-03-26 19:01:36,977 INFO longbench_official_benchmark: config=delta_int4_k1_unigram_int4 task=musique progress=40/200
2026-03-26 19:02:55,161 INFO longbench_official_benchmark: config=delta_int4_k1_unigram_int4 task=musique progress=50/200
2026-03-26 19:04:10,086 INFO longbench_official_benchmark: config=delta_int4_k1_unigram_int4 task=musique progress=60/200
2026-03-26 19:05:20,739 INFO longbench_official_benchmark: config=delta_int4_k1_unigram_int4 task=musique progress=70/200
2026-03-26 19:06:37,967 INFO longbench_official_benchmark: config=delta_int4_k1_unigram_int4 task=musique progress=80/200
2026-03-26 19:07:57,026 INFO longbench_official_benchmark: config=delta_int4_k1_unigram_int4 task=musique progress=90/200
2026-03-26 19:09:14,321 INFO longbench_official_benchmark: config=delta_int4_k1_unigram_int4 task=musique progress=100/200
2026-03-26 19:10:27,366 INFO longbench_official_benchmark: config=delta_int4_k1_unigram_int4 task=musique progress=110/200
2026-03-26 19:11:45,502 INFO longbench_official_benchmark: config=delta_int4_k1_unigram_int4 task=musique progress=120/200
2026-03-26 19:13:00,584 INFO longbench_official_benchmark: config=delta_int4_k1_unigram_int4 task=musique progress=130/200
2026-03-26 19:14:13,596 INFO longbench_official_benchmark: config=delta_int4_k1_unigram_int4 task=musique progress=140/200
2026-03-26 19:15:30,480 INFO longbench_official_benchmark: config=delta_int4_k1_unigram_int4 task=musique progress=150/200
2026-03-26 19:16:54,611 INFO longbench_official_benchmark: config=delta_int4_k1_unigram_int4 task=musique progress=160/200
2026-03-26 19:18:09,080 INFO longbench_official_benchmark: config=delta_int4_k1_unigram_int4 task=musique progress=170/200
2026-03-26 19:19:23,551 INFO longbench_official_benchmark: config=delta_int4_k1_unigram_int4 task=musique progress=180/200
2026-03-26 19:20:39,953 INFO longbench_official_benchmark: config=delta_int4_k1_unigram_int4 task=musique progress=190/200
2026-03-26 19:21:49,076 INFO longbench_official_benchmark: config=delta_int4_k1_unigram_int4 task=musique progress=200/200
/usr/local/lib/python3.10/dist-packages/fuzzywuzzy/fuzz.py:11: UserWarning: Using slow pure-python SequenceMatcher. Install python-Levenshtein to remove this warning
  warnings.warn('Using slow pure-python SequenceMatcher. Install python-Levenshtein to remove this warning')
Building prefix dict from the default dictionary ...
Loading model from cache /tmp/jieba.cache
Loading model cost 0.564 seconds.
Prefix dict has been built successfully.
Evaluating on: ['qasper.jsonl', 'result.json', '2wikimqa.jsonl', 'narrativeqa.jsonl', 'task_results.json', 'multifieldqa_zh.jsonl', 'multifieldqa_en.jsonl', 'musique.jsonl', 'hotpotqa.jsonl']
2026-03-26 19:21:50,023 INFO longbench_official_benchmark: task completed config=delta_int4_k1_unigram_int4 task=musique score=37.26 samples=200 summary=/root/ActivationPerturbationAnalysis/official_longbench/LongBench/pred/qwen14b_cpuonly_delta_int4_k1_unigram_int4/task_results.json
2026-03-26 19:23:41,578 INFO longbench_official_benchmark: config=delta_int4_k1_unigram_int4 task=dureader progress=10/200
2026-03-26 19:25:28,056 INFO longbench_official_benchmark: config=delta_int4_k1_unigram_int4 task=dureader progress=20/200
2026-03-26 19:27:23,296 INFO longbench_official_benchmark: config=delta_int4_k1_unigram_int4 task=dureader progress=30/200
2026-03-26 19:29:13,708 INFO longbench_official_benchmark: config=delta_int4_k1_unigram_int4 task=dureader progress=40/200
2026-03-26 19:31:05,907 INFO longbench_official_benchmark: config=delta_int4_k1_unigram_int4 task=dureader progress=50/200
2026-03-26 19:32:58,141 INFO longbench_official_benchmark: config=delta_int4_k1_unigram_int4 task=dureader progress=60/200
2026-03-26 19:34:51,744 INFO longbench_official_benchmark: config=delta_int4_k1_unigram_int4 task=dureader progress=70/200
2026-03-26 19:36:37,275 INFO longbench_official_benchmark: config=delta_int4_k1_unigram_int4 task=dureader progress=80/200
2026-03-26 19:38:32,509 INFO longbench_official_benchmark: config=delta_int4_k1_unigram_int4 task=dureader progress=90/200
2026-03-26 19:40:11,128 INFO longbench_official_benchmark: config=delta_int4_k1_unigram_int4 task=dureader progress=100/200
2026-03-26 19:42:13,074 INFO longbench_official_benchmark: config=delta_int4_k1_unigram_int4 task=dureader progress=110/200
2026-03-26 19:44:09,623 INFO longbench_official_benchmark: config=delta_int4_k1_unigram_int4 task=dureader progress=120/200
2026-03-26 19:46:05,075 INFO longbench_official_benchmark: config=delta_int4_k1_unigram_int4 task=dureader progress=130/200
2026-03-26 19:47:57,268 INFO longbench_official_benchmark: config=delta_int4_k1_unigram_int4 task=dureader progress=140/200
2026-03-26 19:49:56,451 INFO longbench_official_benchmark: config=delta_int4_k1_unigram_int4 task=dureader progress=150/200
2026-03-26 19:51:36,892 INFO longbench_official_benchmark: config=delta_int4_k1_unigram_int4 task=dureader progress=160/200
2026-03-26 19:53:38,704 INFO longbench_official_benchmark: config=delta_int4_k1_unigram_int4 task=dureader progress=170/200
2026-03-26 19:55:25,687 INFO longbench_official_benchmark: config=delta_int4_k1_unigram_int4 task=dureader progress=180/200
2026-03-26 19:57:13,475 INFO longbench_official_benchmark: config=delta_int4_k1_unigram_int4 task=dureader progress=190/200
2026-03-26 19:59:02,046 INFO longbench_official_benchmark: config=delta_int4_k1_unigram_int4 task=dureader progress=200/200
/usr/local/lib/python3.10/dist-packages/fuzzywuzzy/fuzz.py:11: UserWarning: Using slow pure-python SequenceMatcher. Install python-Levenshtein to remove this warning
  warnings.warn('Using slow pure-python SequenceMatcher. Install python-Levenshtein to remove this warning')
Building prefix dict from the default dictionary ...
Loading model from cache /tmp/jieba.cache
Loading model cost 0.562 seconds.
Prefix dict has been built successfully.
Evaluating on: ['qasper.jsonl', 'result.json', 'dureader.jsonl', '2wikimqa.jsonl', 'narrativeqa.jsonl', 'task_results.json', 'multifieldqa_zh.jsonl', 'multifieldqa_en.jsonl', 'musique.jsonl', 'hotpotqa.jsonl']
2026-03-26 19:59:05,070 INFO longbench_official_benchmark: task completed config=delta_int4_k1_unigram_int4 task=dureader score=31.88 samples=200 summary=/root/ActivationPerturbationAnalysis/official_longbench/LongBench/pred/qwen14b_cpuonly_delta_int4_k1_unigram_int4/task_results.json
2026-03-26 20:04:02,952 INFO longbench_official_benchmark: config=delta_int4_k1_unigram_int4 task=gov_report progress=10/200
2026-03-26 20:08:58,609 INFO longbench_official_benchmark: config=delta_int4_k1_unigram_int4 task=gov_report progress=20/200
2026-03-26 20:14:21,252 INFO longbench_official_benchmark: config=delta_int4_k1_unigram_int4 task=gov_report progress=30/200
2026-03-26 20:18:27,961 INFO longbench_official_benchmark: config=delta_int4_k1_unigram_int4 task=gov_report progress=40/200
2026-03-26 20:24:26,269 INFO longbench_official_benchmark: config=delta_int4_k1_unigram_int4 task=gov_report progress=50/200
2026-03-26 20:30:11,107 INFO longbench_official_benchmark: config=delta_int4_k1_unigram_int4 task=gov_report progress=60/200
2026-03-26 20:35:01,794 INFO longbench_official_benchmark: config=delta_int4_k1_unigram_int4 task=gov_report progress=70/200
2026-03-26 20:39:40,121 INFO longbench_official_benchmark: config=delta_int4_k1_unigram_int4 task=gov_report progress=80/200
2026-03-26 20:43:42,897 INFO longbench_official_benchmark: config=delta_int4_k1_unigram_int4 task=gov_report progress=90/200
2026-03-26 20:49:03,564 INFO longbench_official_benchmark: config=delta_int4_k1_unigram_int4 task=gov_report progress=100/200
2026-03-26 20:52:39,548 INFO longbench_official_benchmark: config=delta_int4_k1_unigram_int4 task=gov_report progress=110/200
2026-03-26 20:57:38,378 INFO longbench_official_benchmark: config=delta_int4_k1_unigram_int4 task=gov_report progress=120/200
2026-03-26 21:03:16,624 INFO longbench_official_benchmark: config=delta_int4_k1_unigram_int4 task=gov_report progress=130/200
2026-03-26 21:07:16,637 INFO longbench_official_benchmark: config=delta_int4_k1_unigram_int4 task=gov_report progress=140/200
2026-03-26 21:10:48,529 INFO longbench_official_benchmark: config=delta_int4_k1_unigram_int4 task=gov_report progress=150/200
2026-03-26 21:15:30,686 INFO longbench_official_benchmark: config=delta_int4_k1_unigram_int4 task=gov_report progress=160/200
2026-03-26 21:18:57,611 INFO longbench_official_benchmark: config=delta_int4_k1_unigram_int4 task=gov_report progress=170/200
2026-03-26 21:24:07,982 INFO longbench_official_benchmark: config=delta_int4_k1_unigram_int4 task=gov_report progress=180/200
2026-03-26 21:28:26,338 INFO longbench_official_benchmark: config=delta_int4_k1_unigram_int4 task=gov_report progress=190/200
2026-03-26 21:32:28,408 INFO longbench_official_benchmark: config=delta_int4_k1_unigram_int4 task=gov_report progress=200/200
/usr/local/lib/python3.10/dist-packages/fuzzywuzzy/fuzz.py:11: UserWarning: Using slow pure-python SequenceMatcher. Install python-Levenshtein to remove this warning
  warnings.warn('Using slow pure-python SequenceMatcher. Install python-Levenshtein to remove this warning')
Building prefix dict from the default dictionary ...
Loading model from cache /tmp/jieba.cache
Loading model cost 0.572 seconds.
Prefix dict has been built successfully.
Evaluating on: ['qasper.jsonl', 'gov_report.jsonl', 'result.json', 'dureader.jsonl', '2wikimqa.jsonl', 'narrativeqa.jsonl', 'task_results.json', 'multifieldqa_zh.jsonl', 'multifieldqa_en.jsonl', 'musique.jsonl', 'hotpotqa.jsonl']
2026-03-26 21:32:52,543 INFO longbench_official_benchmark: task completed config=delta_int4_k1_unigram_int4 task=gov_report score=32.5 samples=200 summary=/root/ActivationPerturbationAnalysis/official_longbench/LongBench/pred/qwen14b_cpuonly_delta_int4_k1_unigram_int4/task_results.json
2026-03-26 21:34:45,238 INFO longbench_official_benchmark: config=delta_int4_k1_unigram_int4 task=qmsum progress=10/200
2026-03-26 21:36:50,537 INFO longbench_official_benchmark: config=delta_int4_k1_unigram_int4 task=qmsum progress=20/200
2026-03-26 21:39:12,286 INFO longbench_official_benchmark: config=delta_int4_k1_unigram_int4 task=qmsum progress=30/200
2026-03-26 21:41:30,337 INFO longbench_official_benchmark: config=delta_int4_k1_unigram_int4 task=qmsum progress=40/200
2026-03-26 21:43:07,991 INFO longbench_official_benchmark: config=delta_int4_k1_unigram_int4 task=qmsum progress=50/200
2026-03-26 21:44:50,651 INFO longbench_official_benchmark: config=delta_int4_k1_unigram_int4 task=qmsum progress=60/200
2026-03-26 21:46:59,476 INFO longbench_official_benchmark: config=delta_int4_k1_unigram_int4 task=qmsum progress=70/200
2026-03-26 21:49:00,361 INFO longbench_official_benchmark: config=delta_int4_k1_unigram_int4 task=qmsum progress=80/200
2026-03-26 21:51:36,289 INFO longbench_official_benchmark: config=delta_int4_k1_unigram_int4 task=qmsum progress=90/200
2026-03-26 21:53:58,516 INFO longbench_official_benchmark: config=delta_int4_k1_unigram_int4 task=qmsum progress=100/200
2026-03-26 21:55:47,869 INFO longbench_official_benchmark: config=delta_int4_k1_unigram_int4 task=qmsum progress=110/200
2026-03-26 21:58:07,556 INFO longbench_official_benchmark: config=delta_int4_k1_unigram_int4 task=qmsum progress=120/200
2026-03-26 22:00:18,195 INFO longbench_official_benchmark: config=delta_int4_k1_unigram_int4 task=qmsum progress=130/200
2026-03-26 22:02:41,527 INFO longbench_official_benchmark: config=delta_int4_k1_unigram_int4 task=qmsum progress=140/200
2026-03-26 22:04:56,235 INFO longbench_official_benchmark: config=delta_int4_k1_unigram_int4 task=qmsum progress=150/200
2026-03-26 22:06:54,540 INFO longbench_official_benchmark: config=delta_int4_k1_unigram_int4 task=qmsum progress=160/200
2026-03-26 22:08:59,839 INFO longbench_official_benchmark: config=delta_int4_k1_unigram_int4 task=qmsum progress=170/200
2026-03-26 22:11:07,474 INFO longbench_official_benchmark: config=delta_int4_k1_unigram_int4 task=qmsum progress=180/200
2026-03-26 22:13:43,249 INFO longbench_official_benchmark: config=delta_int4_k1_unigram_int4 task=qmsum progress=190/200
2026-03-26 22:15:32,894 INFO longbench_official_benchmark: config=delta_int4_k1_unigram_int4 task=qmsum progress=200/200
/usr/local/lib/python3.10/dist-packages/fuzzywuzzy/fuzz.py:11: UserWarning: Using slow pure-python SequenceMatcher. Install python-Levenshtein to remove this warning
  warnings.warn('Using slow pure-python SequenceMatcher. Install python-Levenshtein to remove this warning')
Building prefix dict from the default dictionary ...
Loading model from cache /tmp/jieba.cache
Loading model cost 0.597 seconds.
Prefix dict has been built successfully.
Evaluating on: ['qasper.jsonl', 'gov_report.jsonl', 'result.json', 'dureader.jsonl', 'qmsum.jsonl', '2wikimqa.jsonl', 'narrativeqa.jsonl', 'task_results.json', 'multifieldqa_zh.jsonl', 'multifieldqa_en.jsonl', 'musique.jsonl', 'hotpotqa.jsonl']
2026-03-26 22:15:57,918 INFO longbench_official_benchmark: task completed config=delta_int4_k1_unigram_int4 task=qmsum score=24.58 samples=200 summary=/root/ActivationPerturbationAnalysis/official_longbench/LongBench/pred/qwen14b_cpuonly_delta_int4_k1_unigram_int4/task_results.json
2026-03-26 22:18:32,387 INFO longbench_official_benchmark: config=delta_int4_k1_unigram_int4 task=multi_news progress=10/200
2026-03-26 22:21:24,234 INFO longbench_official_benchmark: config=delta_int4_k1_unigram_int4 task=multi_news progress=20/200
2026-03-26 22:24:10,801 INFO longbench_official_benchmark: config=delta_int4_k1_unigram_int4 task=multi_news progress=30/200
2026-03-26 22:26:51,109 INFO longbench_official_benchmark: config=delta_int4_k1_unigram_int4 task=multi_news progress=40/200
2026-03-26 22:30:04,631 INFO longbench_official_benchmark: config=delta_int4_k1_unigram_int4 task=multi_news progress=50/200
2026-03-26 22:33:20,545 INFO longbench_official_benchmark: config=delta_int4_k1_unigram_int4 task=multi_news progress=60/200
2026-03-26 22:35:57,492 INFO longbench_official_benchmark: config=delta_int4_k1_unigram_int4 task=multi_news progress=70/200
2026-03-26 22:38:49,906 INFO longbench_official_benchmark: config=delta_int4_k1_unigram_int4 task=multi_news progress=80/200
2026-03-26 22:42:07,676 INFO longbench_official_benchmark: config=delta_int4_k1_unigram_int4 task=multi_news progress=90/200
2026-03-26 22:44:42,038 INFO longbench_official_benchmark: config=delta_int4_k1_unigram_int4 task=multi_news progress=100/200
2026-03-26 22:47:52,439 INFO longbench_official_benchmark: config=delta_int4_k1_unigram_int4 task=multi_news progress=110/200
2026-03-26 22:50:37,456 INFO longbench_official_benchmark: config=delta_int4_k1_unigram_int4 task=multi_news progress=120/200
2026-03-26 22:53:24,593 INFO longbench_official_benchmark: config=delta_int4_k1_unigram_int4 task=multi_news progress=130/200
2026-03-26 22:56:26,686 INFO longbench_official_benchmark: config=delta_int4_k1_unigram_int4 task=multi_news progress=140/200
2026-03-26 22:59:26,507 INFO longbench_official_benchmark: config=delta_int4_k1_unigram_int4 task=multi_news progress=150/200
2026-03-26 23:02:12,668 INFO longbench_official_benchmark: config=delta_int4_k1_unigram_int4 task=multi_news progress=160/200
2026-03-26 23:04:50,811 INFO longbench_official_benchmark: config=delta_int4_k1_unigram_int4 task=multi_news progress=170/200
2026-03-26 23:07:24,262 INFO longbench_official_benchmark: config=delta_int4_k1_unigram_int4 task=multi_news progress=180/200
2026-03-26 23:10:22,153 INFO longbench_official_benchmark: config=delta_int4_k1_unigram_int4 task=multi_news progress=190/200
2026-03-26 23:12:52,953 INFO longbench_official_benchmark: config=delta_int4_k1_unigram_int4 task=multi_news progress=200/200
/usr/local/lib/python3.10/dist-packages/fuzzywuzzy/fuzz.py:11: UserWarning: Using slow pure-python SequenceMatcher. Install python-Levenshtein to remove this warning
  warnings.warn('Using slow pure-python SequenceMatcher. Install python-Levenshtein to remove this warning')
Building prefix dict from the default dictionary ...
Loading model from cache /tmp/jieba.cache
Loading model cost 0.571 seconds.
Prefix dict has been built successfully.
Evaluating on: ['qasper.jsonl', 'gov_report.jsonl', 'result.json', 'multi_news.jsonl', 'dureader.jsonl', 'qmsum.jsonl', '2wikimqa.jsonl', 'narrativeqa.jsonl', 'task_results.json', 'multifieldqa_zh.jsonl', 'multifieldqa_en.jsonl', 'musique.jsonl', 'hotpotqa.jsonl']
2026-03-26 23:13:26,630 INFO longbench_official_benchmark: task completed config=delta_int4_k1_unigram_int4 task=multi_news score=24.59 samples=200 summary=/root/ActivationPerturbationAnalysis/official_longbench/LongBench/pred/qwen14b_cpuonly_delta_int4_k1_unigram_int4/task_results.json
2026-03-26 23:16:40,115 INFO longbench_official_benchmark: config=delta_int4_k1_unigram_int4 task=vcsum progress=10/200
2026-03-26 23:19:56,874 INFO longbench_official_benchmark: config=delta_int4_k1_unigram_int4 task=vcsum progress=20/200
2026-03-26 23:24:09,068 INFO longbench_official_benchmark: config=delta_int4_k1_unigram_int4 task=vcsum progress=30/200
2026-03-26 23:27:40,197 INFO longbench_official_benchmark: config=delta_int4_k1_unigram_int4 task=vcsum progress=40/200
2026-03-26 23:31:36,370 INFO longbench_official_benchmark: config=delta_int4_k1_unigram_int4 task=vcsum progress=50/200
2026-03-26 23:35:12,285 INFO longbench_official_benchmark: config=delta_int4_k1_unigram_int4 task=vcsum progress=60/200
2026-03-26 23:38:43,584 INFO longbench_official_benchmark: config=delta_int4_k1_unigram_int4 task=vcsum progress=70/200
2026-03-26 23:42:01,481 INFO longbench_official_benchmark: config=delta_int4_k1_unigram_int4 task=vcsum progress=80/200
2026-03-26 23:45:47,270 INFO longbench_official_benchmark: config=delta_int4_k1_unigram_int4 task=vcsum progress=90/200
2026-03-26 23:49:00,592 INFO longbench_official_benchmark: config=delta_int4_k1_unigram_int4 task=vcsum progress=100/200
2026-03-26 23:52:27,536 INFO longbench_official_benchmark: config=delta_int4_k1_unigram_int4 task=vcsum progress=110/200
2026-03-26 23:55:14,539 INFO longbench_official_benchmark: config=delta_int4_k1_unigram_int4 task=vcsum progress=120/200
2026-03-26 23:58:32,360 INFO longbench_official_benchmark: config=delta_int4_k1_unigram_int4 task=vcsum progress=130/200
2026-03-27 00:01:21,566 INFO longbench_official_benchmark: config=delta_int4_k1_unigram_int4 task=vcsum progress=140/200
2026-03-27 00:04:59,377 INFO longbench_official_benchmark: config=delta_int4_k1_unigram_int4 task=vcsum progress=150/200
2026-03-27 00:09:33,408 INFO longbench_official_benchmark: config=delta_int4_k1_unigram_int4 task=vcsum progress=160/200
2026-03-27 00:12:53,817 INFO longbench_official_benchmark: config=delta_int4_k1_unigram_int4 task=vcsum progress=170/200
2026-03-27 00:16:01,322 INFO longbench_official_benchmark: config=delta_int4_k1_unigram_int4 task=vcsum progress=180/200
2026-03-27 00:19:56,377 INFO longbench_official_benchmark: config=delta_int4_k1_unigram_int4 task=vcsum progress=190/200
2026-03-27 00:23:11,352 INFO longbench_official_benchmark: config=delta_int4_k1_unigram_int4 task=vcsum progress=200/200
/usr/local/lib/python3.10/dist-packages/fuzzywuzzy/fuzz.py:11: UserWarning: Using slow pure-python SequenceMatcher. Install python-Levenshtein to remove this warning
  warnings.warn('Using slow pure-python SequenceMatcher. Install python-Levenshtein to remove this warning')
Building prefix dict from the default dictionary ...
Loading model from cache /tmp/jieba.cache
Loading model cost 0.573 seconds.
Prefix dict has been built successfully.
Evaluating on: ['qasper.jsonl', 'gov_report.jsonl', 'result.json', 'vcsum.jsonl', 'multi_news.jsonl', 'dureader.jsonl', 'qmsum.jsonl', '2wikimqa.jsonl', 'narrativeqa.jsonl', 'task_results.json', 'multifieldqa_zh.jsonl', 'multifieldqa_en.jsonl', 'musique.jsonl', 'hotpotqa.jsonl']
2026-03-27 00:23:50,187 INFO longbench_official_benchmark: task completed config=delta_int4_k1_unigram_int4 task=vcsum score=15.84 samples=200 summary=/root/ActivationPerturbationAnalysis/official_longbench/LongBench/pred/qwen14b_cpuonly_delta_int4_k1_unigram_int4/task_results.json
2026-03-27 00:24:46,829 INFO longbench_official_benchmark: config=delta_int4_k1_unigram_int4 task=trec progress=10/200
2026-03-27 00:25:41,653 INFO longbench_official_benchmark: config=delta_int4_k1_unigram_int4 task=trec progress=20/200
2026-03-27 00:26:38,223 INFO longbench_official_benchmark: config=delta_int4_k1_unigram_int4 task=trec progress=30/200
2026-03-27 00:27:27,081 INFO longbench_official_benchmark: config=delta_int4_k1_unigram_int4 task=trec progress=40/200
2026-03-27 00:28:26,065 INFO longbench_official_benchmark: config=delta_int4_k1_unigram_int4 task=trec progress=50/200
2026-03-27 00:29:17,873 INFO longbench_official_benchmark: config=delta_int4_k1_unigram_int4 task=trec progress=60/200
2026-03-27 00:30:08,462 INFO longbench_official_benchmark: config=delta_int4_k1_unigram_int4 task=trec progress=70/200
2026-03-27 00:31:11,498 INFO longbench_official_benchmark: config=delta_int4_k1_unigram_int4 task=trec progress=80/200
2026-03-27 00:32:14,726 INFO longbench_official_benchmark: config=delta_int4_k1_unigram_int4 task=trec progress=90/200
2026-03-27 00:33:25,478 INFO longbench_official_benchmark: config=delta_int4_k1_unigram_int4 task=trec progress=100/200
2026-03-27 00:34:19,623 INFO longbench_official_benchmark: config=delta_int4_k1_unigram_int4 task=trec progress=110/200
2026-03-27 00:35:21,476 INFO longbench_official_benchmark: config=delta_int4_k1_unigram_int4 task=trec progress=120/200
2026-03-27 00:36:18,028 INFO longbench_official_benchmark: config=delta_int4_k1_unigram_int4 task=trec progress=130/200
2026-03-27 00:37:19,602 INFO longbench_official_benchmark: config=delta_int4_k1_unigram_int4 task=trec progress=140/200
2026-03-27 00:38:23,542 INFO longbench_official_benchmark: config=delta_int4_k1_unigram_int4 task=trec progress=150/200
2026-03-27 00:39:20,351 INFO longbench_official_benchmark: config=delta_int4_k1_unigram_int4 task=trec progress=160/200
2026-03-27 00:40:20,599 INFO longbench_official_benchmark: config=delta_int4_k1_unigram_int4 task=trec progress=170/200
2026-03-27 00:41:16,252 INFO longbench_official_benchmark: config=delta_int4_k1_unigram_int4 task=trec progress=180/200
2026-03-27 00:42:13,182 INFO longbench_official_benchmark: config=delta_int4_k1_unigram_int4 task=trec progress=190/200
2026-03-27 00:43:12,101 INFO longbench_official_benchmark: config=delta_int4_k1_unigram_int4 task=trec progress=200/200
/usr/local/lib/python3.10/dist-packages/fuzzywuzzy/fuzz.py:11: UserWarning: Using slow pure-python SequenceMatcher. Install python-Levenshtein to remove this warning
  warnings.warn('Using slow pure-python SequenceMatcher. Install python-Levenshtein to remove this warning')
Building prefix dict from the default dictionary ...
Loading model from cache /tmp/jieba.cache
Loading model cost 0.563 seconds.
Prefix dict has been built successfully.
Evaluating on: ['trec.jsonl', 'qasper.jsonl', 'gov_report.jsonl', 'result.json', 'vcsum.jsonl', 'multi_news.jsonl', 'dureader.jsonl', 'qmsum.jsonl', '2wikimqa.jsonl', 'narrativeqa.jsonl', 'task_results.json', 'multifieldqa_zh.jsonl', 'multifieldqa_en.jsonl', 'musique.jsonl', 'hotpotqa.jsonl']
2026-03-27 00:43:51,132 INFO longbench_official_benchmark: task completed config=delta_int4_k1_unigram_int4 task=trec score=78.0 samples=200 summary=/root/ActivationPerturbationAnalysis/official_longbench/LongBench/pred/qwen14b_cpuonly_delta_int4_k1_unigram_int4/task_results.json
2026-03-27 00:44:55,339 INFO longbench_official_benchmark: config=delta_int4_k1_unigram_int4 task=triviaqa progress=10/200
2026-03-27 00:46:02,421 INFO longbench_official_benchmark: config=delta_int4_k1_unigram_int4 task=triviaqa progress=20/200
2026-03-27 00:47:11,732 INFO longbench_official_benchmark: config=delta_int4_k1_unigram_int4 task=triviaqa progress=30/200
2026-03-27 00:48:30,449 INFO longbench_official_benchmark: config=delta_int4_k1_unigram_int4 task=triviaqa progress=40/200
2026-03-27 00:49:32,831 INFO longbench_official_benchmark: config=delta_int4_k1_unigram_int4 task=triviaqa progress=50/200
2026-03-27 00:50:48,061 INFO longbench_official_benchmark: config=delta_int4_k1_unigram_int4 task=triviaqa progress=60/200
2026-03-27 00:51:55,252 INFO longbench_official_benchmark: config=delta_int4_k1_unigram_int4 task=triviaqa progress=70/200
2026-03-27 00:53:06,416 INFO longbench_official_benchmark: config=delta_int4_k1_unigram_int4 task=triviaqa progress=80/200
2026-03-27 00:54:08,213 INFO longbench_official_benchmark: config=delta_int4_k1_unigram_int4 task=triviaqa progress=90/200
2026-03-27 00:55:26,037 INFO longbench_official_benchmark: config=delta_int4_k1_unigram_int4 task=triviaqa progress=100/200
2026-03-27 00:57:07,812 INFO longbench_official_benchmark: config=delta_int4_k1_unigram_int4 task=triviaqa progress=110/200
2026-03-27 00:58:12,860 INFO longbench_official_benchmark: config=delta_int4_k1_unigram_int4 task=triviaqa progress=120/200
2026-03-27 00:59:31,339 INFO longbench_official_benchmark: config=delta_int4_k1_unigram_int4 task=triviaqa progress=130/200
2026-03-27 01:00:38,264 INFO longbench_official_benchmark: config=delta_int4_k1_unigram_int4 task=triviaqa progress=140/200
2026-03-27 01:01:55,699 INFO longbench_official_benchmark: config=delta_int4_k1_unigram_int4 task=triviaqa progress=150/200
2026-03-27 01:03:14,917 INFO longbench_official_benchmark: config=delta_int4_k1_unigram_int4 task=triviaqa progress=160/200
2026-03-27 01:04:18,435 INFO longbench_official_benchmark: config=delta_int4_k1_unigram_int4 task=triviaqa progress=170/200
2026-03-27 01:05:35,412 INFO longbench_official_benchmark: config=delta_int4_k1_unigram_int4 task=triviaqa progress=180/200
2026-03-27 01:06:41,557 INFO longbench_official_benchmark: config=delta_int4_k1_unigram_int4 task=triviaqa progress=190/200
2026-03-27 01:07:50,559 INFO longbench_official_benchmark: config=delta_int4_k1_unigram_int4 task=triviaqa progress=200/200
/usr/local/lib/python3.10/dist-packages/fuzzywuzzy/fuzz.py:11: UserWarning: Using slow pure-python SequenceMatcher. Install python-Levenshtein to remove this warning
  warnings.warn('Using slow pure-python SequenceMatcher. Install python-Levenshtein to remove this warning')
Building prefix dict from the default dictionary ...
Loading model from cache /tmp/jieba.cache
Loading model cost 0.566 seconds.
Prefix dict has been built successfully.
Evaluating on: ['trec.jsonl', 'qasper.jsonl', 'gov_report.jsonl', 'result.json', 'vcsum.jsonl', 'multi_news.jsonl', 'dureader.jsonl', 'qmsum.jsonl', '2wikimqa.jsonl', 'narrativeqa.jsonl', 'task_results.json', 'multifieldqa_zh.jsonl', 'multifieldqa_en.jsonl', 'musique.jsonl', 'hotpotqa.jsonl', 'triviaqa.jsonl']
2026-03-27 01:08:29,623 INFO longbench_official_benchmark: task completed config=delta_int4_k1_unigram_int4 task=triviaqa score=90.21 samples=200 summary=/root/ActivationPerturbationAnalysis/official_longbench/LongBench/pred/qwen14b_cpuonly_delta_int4_k1_unigram_int4/task_results.json
2026-03-27 01:10:22,225 INFO longbench_official_benchmark: config=delta_int4_k1_unigram_int4 task=samsum progress=10/200
2026-03-27 01:12:00,867 INFO longbench_official_benchmark: config=delta_int4_k1_unigram_int4 task=samsum progress=20/200
2026-03-27 01:14:04,362 INFO longbench_official_benchmark: config=delta_int4_k1_unigram_int4 task=samsum progress=30/200
2026-03-27 01:15:49,633 INFO longbench_official_benchmark: config=delta_int4_k1_unigram_int4 task=samsum progress=40/200
2026-03-27 01:17:25,919 INFO longbench_official_benchmark: config=delta_int4_k1_unigram_int4 task=samsum progress=50/200
2026-03-27 01:19:07,691 INFO longbench_official_benchmark: config=delta_int4_k1_unigram_int4 task=samsum progress=60/200
2026-03-27 01:20:44,660 INFO longbench_official_benchmark: config=delta_int4_k1_unigram_int4 task=samsum progress=70/200
2026-03-27 01:22:35,948 INFO longbench_official_benchmark: config=delta_int4_k1_unigram_int4 task=samsum progress=80/200
2026-03-27 01:24:16,047 INFO longbench_official_benchmark: config=delta_int4_k1_unigram_int4 task=samsum progress=90/200
2026-03-27 01:26:08,753 INFO longbench_official_benchmark: config=delta_int4_k1_unigram_int4 task=samsum progress=100/200
2026-03-27 01:27:44,951 INFO longbench_official_benchmark: config=delta_int4_k1_unigram_int4 task=samsum progress=110/200
2026-03-27 01:29:19,747 INFO longbench_official_benchmark: config=delta_int4_k1_unigram_int4 task=samsum progress=120/200
2026-03-27 01:30:56,985 INFO longbench_official_benchmark: config=delta_int4_k1_unigram_int4 task=samsum progress=130/200
2026-03-27 01:32:33,883 INFO longbench_official_benchmark: config=delta_int4_k1_unigram_int4 task=samsum progress=140/200
2026-03-27 01:34:35,208 INFO longbench_official_benchmark: config=delta_int4_k1_unigram_int4 task=samsum progress=150/200
2026-03-27 01:36:17,784 INFO longbench_official_benchmark: config=delta_int4_k1_unigram_int4 task=samsum progress=160/200
2026-03-27 01:38:09,034 INFO longbench_official_benchmark: config=delta_int4_k1_unigram_int4 task=samsum progress=170/200
2026-03-27 01:39:55,517 INFO longbench_official_benchmark: config=delta_int4_k1_unigram_int4 task=samsum progress=180/200
2026-03-27 01:41:43,925 INFO longbench_official_benchmark: config=delta_int4_k1_unigram_int4 task=samsum progress=190/200
2026-03-27 01:43:32,275 INFO longbench_official_benchmark: config=delta_int4_k1_unigram_int4 task=samsum progress=200/200
/usr/local/lib/python3.10/dist-packages/fuzzywuzzy/fuzz.py:11: UserWarning: Using slow pure-python SequenceMatcher. Install python-Levenshtein to remove this warning
  warnings.warn('Using slow pure-python SequenceMatcher. Install python-Levenshtein to remove this warning')
Building prefix dict from the default dictionary ...
Loading model from cache /tmp/jieba.cache
Loading model cost 0.559 seconds.
Prefix dict has been built successfully.
Evaluating on: ['trec.jsonl', 'qasper.jsonl', 'gov_report.jsonl', 'result.json', 'vcsum.jsonl', 'multi_news.jsonl', 'dureader.jsonl', 'qmsum.jsonl', '2wikimqa.jsonl', 'narrativeqa.jsonl', 'task_results.json', 'samsum.jsonl', 'multifieldqa_zh.jsonl', 'multifieldqa_en.jsonl', 'musique.jsonl', 'hotpotqa.jsonl', 'triviaqa.jsonl']
2026-03-27 01:44:11,539 INFO longbench_official_benchmark: task completed config=delta_int4_k1_unigram_int4 task=samsum score=47.71 samples=200 summary=/root/ActivationPerturbationAnalysis/official_longbench/LongBench/pred/qwen14b_cpuonly_delta_int4_k1_unigram_int4/task_results.json
2026-03-27 01:45:32,230 INFO longbench_official_benchmark: config=delta_int4_k1_unigram_int4 task=lsht progress=10/200
2026-03-27 01:47:32,313 INFO longbench_official_benchmark: config=delta_int4_k1_unigram_int4 task=lsht progress=20/200
2026-03-27 01:49:03,062 INFO longbench_official_benchmark: config=delta_int4_k1_unigram_int4 task=lsht progress=30/200
2026-03-27 01:50:31,912 INFO longbench_official_benchmark: config=delta_int4_k1_unigram_int4 task=lsht progress=40/200
2026-03-27 01:51:56,368 INFO longbench_official_benchmark: config=delta_int4_k1_unigram_int4 task=lsht progress=50/200
2026-03-27 01:53:45,031 INFO longbench_official_benchmark: config=delta_int4_k1_unigram_int4 task=lsht progress=60/200
2026-03-27 01:55:23,021 INFO longbench_official_benchmark: config=delta_int4_k1_unigram_int4 task=lsht progress=70/200
2026-03-27 01:57:25,734 INFO longbench_official_benchmark: config=delta_int4_k1_unigram_int4 task=lsht progress=80/200
2026-03-27 01:59:21,578 INFO longbench_official_benchmark: config=delta_int4_k1_unigram_int4 task=lsht progress=90/200
2026-03-27 02:01:33,862 INFO longbench_official_benchmark: config=delta_int4_k1_unigram_int4 task=lsht progress=100/200
2026-03-27 02:03:30,748 INFO longbench_official_benchmark: config=delta_int4_k1_unigram_int4 task=lsht progress=110/200
2026-03-27 02:05:11,766 INFO longbench_official_benchmark: config=delta_int4_k1_unigram_int4 task=lsht progress=120/200
2026-03-27 02:06:57,069 INFO longbench_official_benchmark: config=delta_int4_k1_unigram_int4 task=lsht progress=130/200
2026-03-27 02:08:53,484 INFO longbench_official_benchmark: config=delta_int4_k1_unigram_int4 task=lsht progress=140/200
2026-03-27 02:10:20,436 INFO longbench_official_benchmark: config=delta_int4_k1_unigram_int4 task=lsht progress=150/200
2026-03-27 02:12:08,813 INFO longbench_official_benchmark: config=delta_int4_k1_unigram_int4 task=lsht progress=160/200
2026-03-27 02:14:00,256 INFO longbench_official_benchmark: config=delta_int4_k1_unigram_int4 task=lsht progress=170/200
2026-03-27 02:15:41,236 INFO longbench_official_benchmark: config=delta_int4_k1_unigram_int4 task=lsht progress=180/200
2026-03-27 02:17:11,824 INFO longbench_official_benchmark: config=delta_int4_k1_unigram_int4 task=lsht progress=190/200
2026-03-27 02:18:51,740 INFO longbench_official_benchmark: config=delta_int4_k1_unigram_int4 task=lsht progress=200/200
/usr/local/lib/python3.10/dist-packages/fuzzywuzzy/fuzz.py:11: UserWarning: Using slow pure-python SequenceMatcher. Install python-Levenshtein to remove this warning
  warnings.warn('Using slow pure-python SequenceMatcher. Install python-Levenshtein to remove this warning')
Building prefix dict from the default dictionary ...
Loading model from cache /tmp/jieba.cache
Loading model cost 0.557 seconds.
Prefix dict has been built successfully.
Evaluating on: ['trec.jsonl', 'qasper.jsonl', 'gov_report.jsonl', 'result.json', 'vcsum.jsonl', 'multi_news.jsonl', 'dureader.jsonl', 'qmsum.jsonl', '2wikimqa.jsonl', 'narrativeqa.jsonl', 'task_results.json', 'samsum.jsonl', 'multifieldqa_zh.jsonl', 'lsht.jsonl', 'multifieldqa_en.jsonl', 'musique.jsonl', 'hotpotqa.jsonl', 'triviaqa.jsonl']
2026-03-27 02:19:31,075 INFO longbench_official_benchmark: task completed config=delta_int4_k1_unigram_int4 task=lsht score=49.5 samples=200 summary=/root/ActivationPerturbationAnalysis/official_longbench/LongBench/pred/qwen14b_cpuonly_delta_int4_k1_unigram_int4/task_results.json
2026-03-27 02:20:50,045 INFO longbench_official_benchmark: config=delta_int4_k1_unigram_int4 task=passage_count progress=10/200
2026-03-27 02:22:08,182 INFO longbench_official_benchmark: config=delta_int4_k1_unigram_int4 task=passage_count progress=20/200
2026-03-27 02:23:23,592 INFO longbench_official_benchmark: config=delta_int4_k1_unigram_int4 task=passage_count progress=30/200
2026-03-27 02:24:52,312 INFO longbench_official_benchmark: config=delta_int4_k1_unigram_int4 task=passage_count progress=40/200
2026-03-27 02:26:15,616 INFO longbench_official_benchmark: config=delta_int4_k1_unigram_int4 task=passage_count progress=50/200
2026-03-27 02:27:28,764 INFO longbench_official_benchmark: config=delta_int4_k1_unigram_int4 task=passage_count progress=60/200
2026-03-27 02:28:40,746 INFO longbench_official_benchmark: config=delta_int4_k1_unigram_int4 task=passage_count progress=70/200
2026-03-27 02:29:49,889 INFO longbench_official_benchmark: config=delta_int4_k1_unigram_int4 task=passage_count progress=80/200
2026-03-27 02:30:56,800 INFO longbench_official_benchmark: config=delta_int4_k1_unigram_int4 task=passage_count progress=90/200
2026-03-27 02:32:05,297 INFO longbench_official_benchmark: config=delta_int4_k1_unigram_int4 task=passage_count progress=100/200
2026-03-27 02:33:26,936 INFO longbench_official_benchmark: config=delta_int4_k1_unigram_int4 task=passage_count progress=110/200
2026-03-27 02:34:40,015 INFO longbench_official_benchmark: config=delta_int4_k1_unigram_int4 task=passage_count progress=120/200
2026-03-27 02:36:01,106 INFO longbench_official_benchmark: config=delta_int4_k1_unigram_int4 task=passage_count progress=130/200
2026-03-27 02:37:14,556 INFO longbench_official_benchmark: config=delta_int4_k1_unigram_int4 task=passage_count progress=140/200
2026-03-27 02:38:47,550 INFO longbench_official_benchmark: config=delta_int4_k1_unigram_int4 task=passage_count progress=150/200
2026-03-27 02:39:55,080 INFO longbench_official_benchmark: config=delta_int4_k1_unigram_int4 task=passage_count progress=160/200
2026-03-27 02:41:23,390 INFO longbench_official_benchmark: config=delta_int4_k1_unigram_int4 task=passage_count progress=170/200
2026-03-27 02:42:37,974 INFO longbench_official_benchmark: config=delta_int4_k1_unigram_int4 task=passage_count progress=180/200
2026-03-27 02:44:00,825 INFO longbench_official_benchmark: config=delta_int4_k1_unigram_int4 task=passage_count progress=190/200
2026-03-27 02:45:23,935 INFO longbench_official_benchmark: config=delta_int4_k1_unigram_int4 task=passage_count progress=200/200
/usr/local/lib/python3.10/dist-packages/fuzzywuzzy/fuzz.py:11: UserWarning: Using slow pure-python SequenceMatcher. Install python-Levenshtein to remove this warning
  warnings.warn('Using slow pure-python SequenceMatcher. Install python-Levenshtein to remove this warning')
Building prefix dict from the default dictionary ...
Loading model from cache /tmp/jieba.cache
Loading model cost 0.562 seconds.
Prefix dict has been built successfully.
Evaluating on: ['trec.jsonl', 'qasper.jsonl', 'gov_report.jsonl', 'result.json', 'vcsum.jsonl', 'multi_news.jsonl', 'dureader.jsonl', 'qmsum.jsonl', '2wikimqa.jsonl', 'narrativeqa.jsonl', 'task_results.json', 'samsum.jsonl', 'multifieldqa_zh.jsonl', 'lsht.jsonl', 'multifieldqa_en.jsonl', 'passage_count.jsonl', 'musique.jsonl', 'hotpotqa.jsonl', 'triviaqa.jsonl']
2026-03-27 02:46:03,138 INFO longbench_official_benchmark: task completed config=delta_int4_k1_unigram_int4 task=passage_count score=12.38 samples=200 summary=/root/ActivationPerturbationAnalysis/official_longbench/LongBench/pred/qwen14b_cpuonly_delta_int4_k1_unigram_int4/task_results.json
2026-03-27 02:46:58,008 INFO longbench_official_benchmark: config=delta_int4_k1_unigram_int4 task=passage_retrieval_en progress=10/200
2026-03-27 02:48:02,556 INFO longbench_official_benchmark: config=delta_int4_k1_unigram_int4 task=passage_retrieval_en progress=20/200
2026-03-27 02:49:03,752 INFO longbench_official_benchmark: config=delta_int4_k1_unigram_int4 task=passage_retrieval_en progress=30/200
2026-03-27 02:50:03,476 INFO longbench_official_benchmark: config=delta_int4_k1_unigram_int4 task=passage_retrieval_en progress=40/200
2026-03-27 02:51:05,752 INFO longbench_official_benchmark: config=delta_int4_k1_unigram_int4 task=passage_retrieval_en progress=50/200
2026-03-27 02:52:07,626 INFO longbench_official_benchmark: config=delta_int4_k1_unigram_int4 task=passage_retrieval_en progress=60/200
2026-03-27 02:53:09,549 INFO longbench_official_benchmark: config=delta_int4_k1_unigram_int4 task=passage_retrieval_en progress=70/200
2026-03-27 02:54:09,699 INFO longbench_official_benchmark: config=delta_int4_k1_unigram_int4 task=passage_retrieval_en progress=80/200
2026-03-27 02:55:09,210 INFO longbench_official_benchmark: config=delta_int4_k1_unigram_int4 task=passage_retrieval_en progress=90/200
2026-03-27 02:56:10,519 INFO longbench_official_benchmark: config=delta_int4_k1_unigram_int4 task=passage_retrieval_en progress=100/200
2026-03-27 02:57:14,090 INFO longbench_official_benchmark: config=delta_int4_k1_unigram_int4 task=passage_retrieval_en progress=110/200
2026-03-27 02:58:13,746 INFO longbench_official_benchmark: config=delta_int4_k1_unigram_int4 task=passage_retrieval_en progress=120/200
2026-03-27 02:59:12,487 INFO longbench_official_benchmark: config=delta_int4_k1_unigram_int4 task=passage_retrieval_en progress=130/200
2026-03-27 03:00:12,077 INFO longbench_official_benchmark: config=delta_int4_k1_unigram_int4 task=passage_retrieval_en progress=140/200
2026-03-27 03:01:12,035 INFO longbench_official_benchmark: config=delta_int4_k1_unigram_int4 task=passage_retrieval_en progress=150/200
2026-03-27 03:02:11,444 INFO longbench_official_benchmark: config=delta_int4_k1_unigram_int4 task=passage_retrieval_en progress=160/200
2026-03-27 03:03:08,250 INFO longbench_official_benchmark: config=delta_int4_k1_unigram_int4 task=passage_retrieval_en progress=170/200
2026-03-27 03:04:05,916 INFO longbench_official_benchmark: config=delta_int4_k1_unigram_int4 task=passage_retrieval_en progress=180/200
2026-03-27 03:05:07,014 INFO longbench_official_benchmark: config=delta_int4_k1_unigram_int4 task=passage_retrieval_en progress=190/200
2026-03-27 03:06:08,532 INFO longbench_official_benchmark: config=delta_int4_k1_unigram_int4 task=passage_retrieval_en progress=200/200
/usr/local/lib/python3.10/dist-packages/fuzzywuzzy/fuzz.py:11: UserWarning: Using slow pure-python SequenceMatcher. Install python-Levenshtein to remove this warning
  warnings.warn('Using slow pure-python SequenceMatcher. Install python-Levenshtein to remove this warning')
Building prefix dict from the default dictionary ...
Loading model from cache /tmp/jieba.cache
Loading model cost 0.572 seconds.
Prefix dict has been built successfully.
Evaluating on: ['trec.jsonl', 'qasper.jsonl', 'gov_report.jsonl', 'result.json', 'vcsum.jsonl', 'multi_news.jsonl', 'dureader.jsonl', 'qmsum.jsonl', '2wikimqa.jsonl', 'passage_retrieval_en.jsonl', 'narrativeqa.jsonl', 'task_results.json', 'samsum.jsonl', 'multifieldqa_zh.jsonl', 'lsht.jsonl', 'multifieldqa_en.jsonl', 'passage_count.jsonl', 'musique.jsonl', 'hotpotqa.jsonl', 'triviaqa.jsonl']
2026-03-27 03:06:47,742 INFO longbench_official_benchmark: task completed config=delta_int4_k1_unigram_int4 task=passage_retrieval_en score=98.75 samples=200 summary=/root/ActivationPerturbationAnalysis/official_longbench/LongBench/pred/qwen14b_cpuonly_delta_int4_k1_unigram_int4/task_results.json
2026-03-27 03:07:09,543 INFO longbench_official_benchmark: config=delta_int4_k1_unigram_int4 task=passage_retrieval_zh progress=10/200
2026-03-27 03:07:30,875 INFO longbench_official_benchmark: config=delta_int4_k1_unigram_int4 task=passage_retrieval_zh progress=20/200
2026-03-27 03:07:53,393 INFO longbench_official_benchmark: config=delta_int4_k1_unigram_int4 task=passage_retrieval_zh progress=30/200
2026-03-27 03:08:17,676 INFO longbench_official_benchmark: config=delta_int4_k1_unigram_int4 task=passage_retrieval_zh progress=40/200
2026-03-27 03:08:40,931 INFO longbench_official_benchmark: config=delta_int4_k1_unigram_int4 task=passage_retrieval_zh progress=50/200
2026-03-27 03:09:03,217 INFO longbench_official_benchmark: config=delta_int4_k1_unigram_int4 task=passage_retrieval_zh progress=60/200
2026-03-27 03:09:25,982 INFO longbench_official_benchmark: config=delta_int4_k1_unigram_int4 task=passage_retrieval_zh progress=70/200
2026-03-27 03:09:48,039 INFO longbench_official_benchmark: config=delta_int4_k1_unigram_int4 task=passage_retrieval_zh progress=80/200
2026-03-27 03:10:09,126 INFO longbench_official_benchmark: config=delta_int4_k1_unigram_int4 task=passage_retrieval_zh progress=90/200
2026-03-27 03:10:32,676 INFO longbench_official_benchmark: config=delta_int4_k1_unigram_int4 task=passage_retrieval_zh progress=100/200
2026-03-27 03:10:55,769 INFO longbench_official_benchmark: config=delta_int4_k1_unigram_int4 task=passage_retrieval_zh progress=110/200
2026-03-27 03:11:20,886 INFO longbench_official_benchmark: config=delta_int4_k1_unigram_int4 task=passage_retrieval_zh progress=120/200
2026-03-27 03:11:43,895 INFO longbench_official_benchmark: config=delta_int4_k1_unigram_int4 task=passage_retrieval_zh progress=130/200
2026-03-27 03:12:06,379 INFO longbench_official_benchmark: config=delta_int4_k1_unigram_int4 task=passage_retrieval_zh progress=140/200
2026-03-27 03:12:30,268 INFO longbench_official_benchmark: config=delta_int4_k1_unigram_int4 task=passage_retrieval_zh progress=150/200
2026-03-27 03:12:51,231 INFO longbench_official_benchmark: config=delta_int4_k1_unigram_int4 task=passage_retrieval_zh progress=160/200
2026-03-27 03:13:13,628 INFO longbench_official_benchmark: config=delta_int4_k1_unigram_int4 task=passage_retrieval_zh progress=170/200
2026-03-27 03:13:36,273 INFO longbench_official_benchmark: config=delta_int4_k1_unigram_int4 task=passage_retrieval_zh progress=180/200
2026-03-27 03:13:58,911 INFO longbench_official_benchmark: config=delta_int4_k1_unigram_int4 task=passage_retrieval_zh progress=190/200
2026-03-27 03:14:23,459 INFO longbench_official_benchmark: config=delta_int4_k1_unigram_int4 task=passage_retrieval_zh progress=200/200
/usr/local/lib/python3.10/dist-packages/fuzzywuzzy/fuzz.py:11: UserWarning: Using slow pure-python SequenceMatcher. Install python-Levenshtein to remove this warning
  warnings.warn('Using slow pure-python SequenceMatcher. Install python-Levenshtein to remove this warning')
Building prefix dict from the default dictionary ...
Loading model from cache /tmp/jieba.cache
Loading model cost 0.571 seconds.
Prefix dict has been built successfully.
Evaluating on: ['trec.jsonl', 'qasper.jsonl', 'gov_report.jsonl', 'result.json', 'vcsum.jsonl', 'multi_news.jsonl', 'dureader.jsonl', 'qmsum.jsonl', 'passage_retrieval_zh.jsonl', '2wikimqa.jsonl', 'passage_retrieval_en.jsonl', 'narrativeqa.jsonl', 'task_results.json', 'samsum.jsonl', 'multifieldqa_zh.jsonl', 'lsht.jsonl', 'multifieldqa_en.jsonl', 'passage_count.jsonl', 'musique.jsonl', 'hotpotqa.jsonl', 'triviaqa.jsonl']
2026-03-27 03:15:02,597 INFO longbench_official_benchmark: task completed config=delta_int4_k1_unigram_int4 task=passage_retrieval_zh score=98.58 samples=200 summary=/root/ActivationPerturbationAnalysis/official_longbench/LongBench/pred/qwen14b_cpuonly_delta_int4_k1_unigram_int4/task_results.json
2026-03-27 03:15:42,244 INFO longbench_official_benchmark: config=delta_int4_k1_unigram_int4 task=lcc progress=10/500
2026-03-27 03:16:17,497 INFO longbench_official_benchmark: config=delta_int4_k1_unigram_int4 task=lcc progress=20/500
2026-03-27 03:17:04,362 INFO longbench_official_benchmark: config=delta_int4_k1_unigram_int4 task=lcc progress=30/500
2026-03-27 03:17:39,934 INFO longbench_official_benchmark: config=delta_int4_k1_unigram_int4 task=lcc progress=40/500
2026-03-27 03:18:15,648 INFO longbench_official_benchmark: config=delta_int4_k1_unigram_int4 task=lcc progress=50/500
2026-03-27 03:18:57,501 INFO longbench_official_benchmark: config=delta_int4_k1_unigram_int4 task=lcc progress=60/500
2026-03-27 03:19:31,614 INFO longbench_official_benchmark: config=delta_int4_k1_unigram_int4 task=lcc progress=70/500
2026-03-27 03:20:06,330 INFO longbench_official_benchmark: config=delta_int4_k1_unigram_int4 task=lcc progress=80/500
2026-03-27 03:20:45,685 INFO longbench_official_benchmark: config=delta_int4_k1_unigram_int4 task=lcc progress=90/500
2026-03-27 03:21:23,989 INFO longbench_official_benchmark: config=delta_int4_k1_unigram_int4 task=lcc progress=100/500
2026-03-27 03:22:04,284 INFO longbench_official_benchmark: config=delta_int4_k1_unigram_int4 task=lcc progress=110/500
2026-03-27 03:22:42,116 INFO longbench_official_benchmark: config=delta_int4_k1_unigram_int4 task=lcc progress=120/500
2026-03-27 03:23:18,200 INFO longbench_official_benchmark: config=delta_int4_k1_unigram_int4 task=lcc progress=130/500
2026-03-27 03:23:52,754 INFO longbench_official_benchmark: config=delta_int4_k1_unigram_int4 task=lcc progress=140/500
2026-03-27 03:24:28,335 INFO longbench_official_benchmark: config=delta_int4_k1_unigram_int4 task=lcc progress=150/500
2026-03-27 03:25:05,417 INFO longbench_official_benchmark: config=delta_int4_k1_unigram_int4 task=lcc progress=160/500
2026-03-27 03:25:44,042 INFO longbench_official_benchmark: config=delta_int4_k1_unigram_int4 task=lcc progress=170/500
2026-03-27 03:26:23,559 INFO longbench_official_benchmark: config=delta_int4_k1_unigram_int4 task=lcc progress=180/500
2026-03-27 03:26:59,645 INFO longbench_official_benchmark: config=delta_int4_k1_unigram_int4 task=lcc progress=190/500
2026-03-27 03:27:34,297 INFO longbench_official_benchmark: config=delta_int4_k1_unigram_int4 task=lcc progress=200/500
2026-03-27 03:28:15,415 INFO longbench_official_benchmark: config=delta_int4_k1_unigram_int4 task=lcc progress=210/500
2026-03-27 03:28:49,013 INFO longbench_official_benchmark: config=delta_int4_k1_unigram_int4 task=lcc progress=220/500
2026-03-27 03:29:25,801 INFO longbench_official_benchmark: config=delta_int4_k1_unigram_int4 task=lcc progress=230/500
2026-03-27 03:29:59,096 INFO longbench_official_benchmark: config=delta_int4_k1_unigram_int4 task=lcc progress=240/500
2026-03-27 03:30:50,162 INFO longbench_official_benchmark: config=delta_int4_k1_unigram_int4 task=lcc progress=250/500
2026-03-27 03:31:34,352 INFO longbench_official_benchmark: config=delta_int4_k1_unigram_int4 task=lcc progress=260/500
2026-03-27 03:32:39,823 INFO longbench_official_benchmark: config=delta_int4_k1_unigram_int4 task=lcc progress=270/500
2026-03-27 03:33:23,826 INFO longbench_official_benchmark: config=delta_int4_k1_unigram_int4 task=lcc progress=280/500
2026-03-27 03:33:57,594 INFO longbench_official_benchmark: config=delta_int4_k1_unigram_int4 task=lcc progress=290/500
2026-03-27 03:34:39,316 INFO longbench_official_benchmark: config=delta_int4_k1_unigram_int4 task=lcc progress=300/500
2026-03-27 03:35:18,151 INFO longbench_official_benchmark: config=delta_int4_k1_unigram_int4 task=lcc progress=310/500
2026-03-27 03:35:53,826 INFO longbench_official_benchmark: config=delta_int4_k1_unigram_int4 task=lcc progress=320/500
2026-03-27 03:36:38,072 INFO longbench_official_benchmark: config=delta_int4_k1_unigram_int4 task=lcc progress=330/500
2026-03-27 03:37:18,257 INFO longbench_official_benchmark: config=delta_int4_k1_unigram_int4 task=lcc progress=340/500
2026-03-27 03:37:54,767 INFO longbench_official_benchmark: config=delta_int4_k1_unigram_int4 task=lcc progress=350/500
2026-03-27 03:38:30,594 INFO longbench_official_benchmark: config=delta_int4_k1_unigram_int4 task=lcc progress=360/500
2026-03-27 03:39:08,731 INFO longbench_official_benchmark: config=delta_int4_k1_unigram_int4 task=lcc progress=370/500
2026-03-27 03:39:46,122 INFO longbench_official_benchmark: config=delta_int4_k1_unigram_int4 task=lcc progress=380/500
2026-03-27 03:40:21,282 INFO longbench_official_benchmark: config=delta_int4_k1_unigram_int4 task=lcc progress=390/500
2026-03-27 03:41:00,187 INFO longbench_official_benchmark: config=delta_int4_k1_unigram_int4 task=lcc progress=400/500
2026-03-27 03:41:36,904 INFO longbench_official_benchmark: config=delta_int4_k1_unigram_int4 task=lcc progress=410/500
2026-03-27 03:42:14,412 INFO longbench_official_benchmark: config=delta_int4_k1_unigram_int4 task=lcc progress=420/500
2026-03-27 03:42:50,854 INFO longbench_official_benchmark: config=delta_int4_k1_unigram_int4 task=lcc progress=430/500
2026-03-27 03:43:26,989 INFO longbench_official_benchmark: config=delta_int4_k1_unigram_int4 task=lcc progress=440/500
2026-03-27 03:44:02,448 INFO longbench_official_benchmark: config=delta_int4_k1_unigram_int4 task=lcc progress=450/500
2026-03-27 03:44:42,877 INFO longbench_official_benchmark: config=delta_int4_k1_unigram_int4 task=lcc progress=460/500
2026-03-27 03:45:24,385 INFO longbench_official_benchmark: config=delta_int4_k1_unigram_int4 task=lcc progress=470/500
2026-03-27 03:46:00,102 INFO longbench_official_benchmark: config=delta_int4_k1_unigram_int4 task=lcc progress=480/500
2026-03-27 03:46:36,750 INFO longbench_official_benchmark: config=delta_int4_k1_unigram_int4 task=lcc progress=490/500
2026-03-27 03:47:13,795 INFO longbench_official_benchmark: config=delta_int4_k1_unigram_int4 task=lcc progress=500/500
/usr/local/lib/python3.10/dist-packages/fuzzywuzzy/fuzz.py:11: UserWarning: Using slow pure-python SequenceMatcher. Install python-Levenshtein to remove this warning
  warnings.warn('Using slow pure-python SequenceMatcher. Install python-Levenshtein to remove this warning')
Building prefix dict from the default dictionary ...
Loading model from cache /tmp/jieba.cache
Loading model cost 0.564 seconds.
Prefix dict has been built successfully.
Evaluating on: ['trec.jsonl', 'qasper.jsonl', 'gov_report.jsonl', 'result.json', 'vcsum.jsonl', 'lcc.jsonl', 'multi_news.jsonl', 'dureader.jsonl', 'qmsum.jsonl', 'passage_retrieval_zh.jsonl', '2wikimqa.jsonl', 'passage_retrieval_en.jsonl', 'narrativeqa.jsonl', 'task_results.json', 'samsum.jsonl', 'multifieldqa_zh.jsonl', 'lsht.jsonl', 'multifieldqa_en.jsonl', 'passage_count.jsonl', 'musique.jsonl', 'hotpotqa.jsonl', 'triviaqa.jsonl']
2026-03-27 03:47:52,884 INFO longbench_official_benchmark: task completed config=delta_int4_k1_unigram_int4 task=lcc score=64.94 samples=500 summary=/root/ActivationPerturbationAnalysis/official_longbench/LongBench/pred/qwen14b_cpuonly_delta_int4_k1_unigram_int4/task_results.json
2026-03-27 03:49:42,643 INFO longbench_official_benchmark: config=delta_int4_k1_unigram_int4 task=repobench-p progress=10/500
2026-03-27 03:50:54,851 INFO longbench_official_benchmark: config=delta_int4_k1_unigram_int4 task=repobench-p progress=20/500
2026-03-27 03:52:21,400 INFO longbench_official_benchmark: config=delta_int4_k1_unigram_int4 task=repobench-p progress=30/500
2026-03-27 03:53:47,352 INFO longbench_official_benchmark: config=delta_int4_k1_unigram_int4 task=repobench-p progress=40/500
2026-03-27 03:55:19,075 INFO longbench_official_benchmark: config=delta_int4_k1_unigram_int4 task=repobench-p progress=50/500
2026-03-27 03:56:50,943 INFO longbench_official_benchmark: config=delta_int4_k1_unigram_int4 task=repobench-p progress=60/500
2026-03-27 03:58:08,774 INFO longbench_official_benchmark: config=delta_int4_k1_unigram_int4 task=repobench-p progress=70/500
2026-03-27 03:59:46,998 INFO longbench_official_benchmark: config=delta_int4_k1_unigram_int4 task=repobench-p progress=80/500
2026-03-27 04:00:59,983 INFO longbench_official_benchmark: config=delta_int4_k1_unigram_int4 task=repobench-p progress=90/500
2026-03-27 04:02:29,487 INFO longbench_official_benchmark: config=delta_int4_k1_unigram_int4 task=repobench-p progress=100/500
2026-03-27 04:03:33,500 INFO longbench_official_benchmark: config=delta_int4_k1_unigram_int4 task=repobench-p progress=110/500
2026-03-27 04:04:43,831 INFO longbench_official_benchmark: config=delta_int4_k1_unigram_int4 task=repobench-p progress=120/500
2026-03-27 04:06:14,173 INFO longbench_official_benchmark: config=delta_int4_k1_unigram_int4 task=repobench-p progress=130/500
2026-03-27 04:07:37,177 INFO longbench_official_benchmark: config=delta_int4_k1_unigram_int4 task=repobench-p progress=140/500
2026-03-27 04:08:50,442 INFO longbench_official_benchmark: config=delta_int4_k1_unigram_int4 task=repobench-p progress=150/500
2026-03-27 04:10:12,454 INFO longbench_official_benchmark: config=delta_int4_k1_unigram_int4 task=repobench-p progress=160/500
2026-03-27 04:11:40,280 INFO longbench_official_benchmark: config=delta_int4_k1_unigram_int4 task=repobench-p progress=170/500
2026-03-27 04:12:59,652 INFO longbench_official_benchmark: config=delta_int4_k1_unigram_int4 task=repobench-p progress=180/500
2026-03-27 04:14:28,694 INFO longbench_official_benchmark: config=delta_int4_k1_unigram_int4 task=repobench-p progress=190/500
2026-03-27 04:15:46,282 INFO longbench_official_benchmark: config=delta_int4_k1_unigram_int4 task=repobench-p progress=200/500
2026-03-27 04:16:41,126 INFO longbench_official_benchmark: config=delta_int4_k1_unigram_int4 task=repobench-p progress=210/500
2026-03-27 04:17:56,334 INFO longbench_official_benchmark: config=delta_int4_k1_unigram_int4 task=repobench-p progress=220/500
2026-03-27 04:19:22,191 INFO longbench_official_benchmark: config=delta_int4_k1_unigram_int4 task=repobench-p progress=230/500
2026-03-27 04:20:54,309 INFO longbench_official_benchmark: config=delta_int4_k1_unigram_int4 task=repobench-p progress=240/500
2026-03-27 04:22:13,933 INFO longbench_official_benchmark: config=delta_int4_k1_unigram_int4 task=repobench-p progress=250/500
2026-03-27 04:23:52,855 INFO longbench_official_benchmark: config=delta_int4_k1_unigram_int4 task=repobench-p progress=260/500
2026-03-27 04:25:33,953 INFO longbench_official_benchmark: config=delta_int4_k1_unigram_int4 task=repobench-p progress=270/500
2026-03-27 04:26:56,361 INFO longbench_official_benchmark: config=delta_int4_k1_unigram_int4 task=repobench-p progress=280/500
2026-03-27 04:28:16,936 INFO longbench_official_benchmark: config=delta_int4_k1_unigram_int4 task=repobench-p progress=290/500
2026-03-27 04:29:29,383 INFO longbench_official_benchmark: config=delta_int4_k1_unigram_int4 task=repobench-p progress=300/500
2026-03-27 04:31:17,917 INFO longbench_official_benchmark: config=delta_int4_k1_unigram_int4 task=repobench-p progress=310/500
2026-03-27 04:33:00,930 INFO longbench_official_benchmark: config=delta_int4_k1_unigram_int4 task=repobench-p progress=320/500
2026-03-27 04:34:23,065 INFO longbench_official_benchmark: config=delta_int4_k1_unigram_int4 task=repobench-p progress=330/500
2026-03-27 04:35:35,462 INFO longbench_official_benchmark: config=delta_int4_k1_unigram_int4 task=repobench-p progress=340/500
2026-03-27 04:37:02,254 INFO longbench_official_benchmark: config=delta_int4_k1_unigram_int4 task=repobench-p progress=350/500
2026-03-27 04:38:47,182 INFO longbench_official_benchmark: config=delta_int4_k1_unigram_int4 task=repobench-p progress=360/500
2026-03-27 04:40:04,283 INFO longbench_official_benchmark: config=delta_int4_k1_unigram_int4 task=repobench-p progress=370/500
2026-03-27 04:41:45,046 INFO longbench_official_benchmark: config=delta_int4_k1_unigram_int4 task=repobench-p progress=380/500
2026-03-27 04:43:11,258 INFO longbench_official_benchmark: config=delta_int4_k1_unigram_int4 task=repobench-p progress=390/500
2026-03-27 04:44:20,399 INFO longbench_official_benchmark: config=delta_int4_k1_unigram_int4 task=repobench-p progress=400/500
2026-03-27 04:45:35,912 INFO longbench_official_benchmark: config=delta_int4_k1_unigram_int4 task=repobench-p progress=410/500
2026-03-27 04:47:00,453 INFO longbench_official_benchmark: config=delta_int4_k1_unigram_int4 task=repobench-p progress=420/500
2026-03-27 04:48:10,989 INFO longbench_official_benchmark: config=delta_int4_k1_unigram_int4 task=repobench-p progress=430/500
2026-03-27 04:49:34,313 INFO longbench_official_benchmark: config=delta_int4_k1_unigram_int4 task=repobench-p progress=440/500
2026-03-27 04:50:41,318 INFO longbench_official_benchmark: config=delta_int4_k1_unigram_int4 task=repobench-p progress=450/500
2026-03-27 04:52:11,094 INFO longbench_official_benchmark: config=delta_int4_k1_unigram_int4 task=repobench-p progress=460/500
2026-03-27 04:53:30,124 INFO longbench_official_benchmark: config=delta_int4_k1_unigram_int4 task=repobench-p progress=470/500
2026-03-27 04:54:46,726 INFO longbench_official_benchmark: config=delta_int4_k1_unigram_int4 task=repobench-p progress=480/500
2026-03-27 04:56:18,587 INFO longbench_official_benchmark: config=delta_int4_k1_unigram_int4 task=repobench-p progress=490/500
2026-03-27 04:57:37,208 INFO longbench_official_benchmark: config=delta_int4_k1_unigram_int4 task=repobench-p progress=500/500
/usr/local/lib/python3.10/dist-packages/fuzzywuzzy/fuzz.py:11: UserWarning: Using slow pure-python SequenceMatcher. Install python-Levenshtein to remove this warning
  warnings.warn('Using slow pure-python SequenceMatcher. Install python-Levenshtein to remove this warning')
Building prefix dict from the default dictionary ...
Loading model from cache /tmp/jieba.cache
Loading model cost 0.565 seconds.
Prefix dict has been built successfully.
Evaluating on: ['trec.jsonl', 'qasper.jsonl', 'gov_report.jsonl', 'result.json', 'vcsum.jsonl', 'lcc.jsonl', 'multi_news.jsonl', 'dureader.jsonl', 'qmsum.jsonl', 'passage_retrieval_zh.jsonl', '2wikimqa.jsonl', 'passage_retrieval_en.jsonl', 'narrativeqa.jsonl', 'task_results.json', 'samsum.jsonl', 'multifieldqa_zh.jsonl', 'lsht.jsonl', 'multifieldqa_en.jsonl', 'passage_count.jsonl', 'repobench-p.jsonl', 'musique.jsonl', 'hotpotqa.jsonl', 'triviaqa.jsonl']
2026-03-27 04:58:16,438 INFO longbench_official_benchmark: task completed config=delta_int4_k1_unigram_int4 task=repobench-p score=52.76 samples=500 summary=/root/ActivationPerturbationAnalysis/official_longbench/LongBench/pred/qwen14b_cpuonly_delta_int4_k1_unigram_int4/task_results.json
2026-03-27 04:58:16,438 INFO longbench_official_benchmark: Official eval completed for qwen14b_cpuonly_delta_int4_k1_unigram_int4
