/usr/local/lib/python3.10/dist-packages/torch/cuda/__init__.py:61: FutureWarning: The pynvml package is deprecated. Please install nvidia-ml-py instead. If you did not install pynvml directly, please report this to the maintainers of the package that installed pynvml for you.
  import pynvml  # type: ignore[import]
Sliding Window Attention is enabled but not implemented for `sdpa`; unexpected results may be encountered.
Loading checkpoint shards:   0%|          | 0/8 [00:00<?, ?it/s]Loading checkpoint shards:  12%|█▎        | 1/8 [00:01<00:07,  1.10s/it]Loading checkpoint shards:  25%|██▌       | 2/8 [00:01<00:05,  1.09it/s]Loading checkpoint shards:  38%|███▊      | 3/8 [00:02<00:04,  1.17it/s]Loading checkpoint shards:  50%|█████     | 4/8 [00:03<00:03,  1.21it/s]Loading checkpoint shards:  62%|██████▎   | 5/8 [00:04<00:02,  1.26it/s]Loading checkpoint shards:  75%|███████▌  | 6/8 [00:04<00:01,  1.29it/s]Loading checkpoint shards:  88%|████████▊ | 7/8 [00:05<00:00,  1.32it/s]Loading checkpoint shards: 100%|██████████| 8/8 [00:06<00:00,  1.36it/s]Loading checkpoint shards: 100%|██████████| 8/8 [00:06<00:00,  1.26it/s]
/usr/local/lib/python3.10/dist-packages/transformers/generation/configuration_utils.py:636: UserWarning: `do_sample` is set to `False`. However, `top_p` is set to `0.8` -- this flag is only used in sample-based generation modes. You should set `do_sample=True` or unset `top_p`.
  warnings.warn(
/usr/local/lib/python3.10/dist-packages/transformers/generation/configuration_utils.py:653: UserWarning: `do_sample` is set to `False`. However, `top_k` is set to `20` -- this flag is only used in sample-based generation modes. You should set `do_sample=True` or unset `top_k`.
  warnings.warn(
This is a friendly reminder - the current text generation call will exceed the model's predefined maximum length (32768). Depending on the model, you may observe exceptions, performance degradation, or nothing at all.
2026-03-24 05:52:46,771 INFO longbench_official_benchmark: config=fp16_baseline task=narrativeqa progress=10/200
2026-03-24 05:53:42,585 INFO longbench_official_benchmark: config=fp16_baseline task=narrativeqa progress=20/200
2026-03-24 05:54:48,398 INFO longbench_official_benchmark: config=fp16_baseline task=narrativeqa progress=30/200
2026-03-24 05:55:56,658 INFO longbench_official_benchmark: config=fp16_baseline task=narrativeqa progress=40/200
2026-03-24 05:57:01,583 INFO longbench_official_benchmark: config=fp16_baseline task=narrativeqa progress=50/200
2026-03-24 05:58:21,003 INFO longbench_official_benchmark: config=fp16_baseline task=narrativeqa progress=60/200
2026-03-24 05:59:13,658 INFO longbench_official_benchmark: config=fp16_baseline task=narrativeqa progress=70/200
2026-03-24 06:00:13,191 INFO longbench_official_benchmark: config=fp16_baseline task=narrativeqa progress=80/200
2026-03-24 06:01:12,126 INFO longbench_official_benchmark: config=fp16_baseline task=narrativeqa progress=90/200
2026-03-24 06:02:08,182 INFO longbench_official_benchmark: config=fp16_baseline task=narrativeqa progress=100/200
2026-03-24 06:03:21,633 INFO longbench_official_benchmark: config=fp16_baseline task=narrativeqa progress=110/200
2026-03-24 06:04:37,957 INFO longbench_official_benchmark: config=fp16_baseline task=narrativeqa progress=120/200
2026-03-24 06:05:40,671 INFO longbench_official_benchmark: config=fp16_baseline task=narrativeqa progress=130/200
2026-03-24 06:06:31,463 INFO longbench_official_benchmark: config=fp16_baseline task=narrativeqa progress=140/200
2026-03-24 06:07:36,437 INFO longbench_official_benchmark: config=fp16_baseline task=narrativeqa progress=150/200
2026-03-24 06:08:34,613 INFO longbench_official_benchmark: config=fp16_baseline task=narrativeqa progress=160/200
2026-03-24 06:09:33,223 INFO longbench_official_benchmark: config=fp16_baseline task=narrativeqa progress=170/200
2026-03-24 06:10:34,313 INFO longbench_official_benchmark: config=fp16_baseline task=narrativeqa progress=180/200
2026-03-24 06:11:28,139 INFO longbench_official_benchmark: config=fp16_baseline task=narrativeqa progress=190/200
2026-03-24 06:12:27,341 INFO longbench_official_benchmark: config=fp16_baseline task=narrativeqa progress=200/200
2026-03-24 06:12:43,101 INFO longbench_official_benchmark: config=fp16_baseline task=qasper progress=10/200
2026-03-24 06:13:10,375 INFO longbench_official_benchmark: config=fp16_baseline task=qasper progress=20/200
2026-03-24 06:13:24,632 INFO longbench_official_benchmark: config=fp16_baseline task=qasper progress=30/200
2026-03-24 06:13:39,306 INFO longbench_official_benchmark: config=fp16_baseline task=qasper progress=40/200
2026-03-24 06:13:53,301 INFO longbench_official_benchmark: config=fp16_baseline task=qasper progress=50/200
2026-03-24 06:14:11,556 INFO longbench_official_benchmark: config=fp16_baseline task=qasper progress=60/200
2026-03-24 06:14:27,034 INFO longbench_official_benchmark: config=fp16_baseline task=qasper progress=70/200
2026-03-24 06:14:39,958 INFO longbench_official_benchmark: config=fp16_baseline task=qasper progress=80/200
2026-03-24 06:14:53,291 INFO longbench_official_benchmark: config=fp16_baseline task=qasper progress=90/200
2026-03-24 06:15:05,099 INFO longbench_official_benchmark: config=fp16_baseline task=qasper progress=100/200
2026-03-24 06:15:21,131 INFO longbench_official_benchmark: config=fp16_baseline task=qasper progress=110/200
2026-03-24 06:15:39,348 INFO longbench_official_benchmark: config=fp16_baseline task=qasper progress=120/200
2026-03-24 06:15:56,213 INFO longbench_official_benchmark: config=fp16_baseline task=qasper progress=130/200
2026-03-24 06:16:15,581 INFO longbench_official_benchmark: config=fp16_baseline task=qasper progress=140/200
2026-03-24 06:16:29,560 INFO longbench_official_benchmark: config=fp16_baseline task=qasper progress=150/200
2026-03-24 06:16:46,103 INFO longbench_official_benchmark: config=fp16_baseline task=qasper progress=160/200
2026-03-24 06:16:59,388 INFO longbench_official_benchmark: config=fp16_baseline task=qasper progress=170/200
2026-03-24 06:17:15,492 INFO longbench_official_benchmark: config=fp16_baseline task=qasper progress=180/200
2026-03-24 06:17:28,303 INFO longbench_official_benchmark: config=fp16_baseline task=qasper progress=190/200
2026-03-24 06:17:42,586 INFO longbench_official_benchmark: config=fp16_baseline task=qasper progress=200/200
2026-03-24 06:18:07,154 INFO longbench_official_benchmark: config=fp16_baseline task=multifieldqa_en progress=10/150
2026-03-24 06:18:32,272 INFO longbench_official_benchmark: config=fp16_baseline task=multifieldqa_en progress=20/150
2026-03-24 06:18:54,616 INFO longbench_official_benchmark: config=fp16_baseline task=multifieldqa_en progress=30/150
2026-03-24 06:19:15,653 INFO longbench_official_benchmark: config=fp16_baseline task=multifieldqa_en progress=40/150
2026-03-24 06:19:37,178 INFO longbench_official_benchmark: config=fp16_baseline task=multifieldqa_en progress=50/150
2026-03-24 06:19:52,303 INFO longbench_official_benchmark: config=fp16_baseline task=multifieldqa_en progress=60/150
2026-03-24 06:20:16,699 INFO longbench_official_benchmark: config=fp16_baseline task=multifieldqa_en progress=70/150
2026-03-24 06:20:40,633 INFO longbench_official_benchmark: config=fp16_baseline task=multifieldqa_en progress=80/150
2026-03-24 06:21:02,966 INFO longbench_official_benchmark: config=fp16_baseline task=multifieldqa_en progress=90/150
2026-03-24 06:21:34,120 INFO longbench_official_benchmark: config=fp16_baseline task=multifieldqa_en progress=100/150
2026-03-24 06:22:03,713 INFO longbench_official_benchmark: config=fp16_baseline task=multifieldqa_en progress=110/150
2026-03-24 06:22:31,585 INFO longbench_official_benchmark: config=fp16_baseline task=multifieldqa_en progress=120/150
2026-03-24 06:22:52,308 INFO longbench_official_benchmark: config=fp16_baseline task=multifieldqa_en progress=130/150
2026-03-24 06:23:17,879 INFO longbench_official_benchmark: config=fp16_baseline task=multifieldqa_en progress=140/150
2026-03-24 06:23:44,606 INFO longbench_official_benchmark: config=fp16_baseline task=multifieldqa_en progress=150/150
2026-03-24 06:23:56,135 INFO longbench_official_benchmark: config=fp16_baseline task=multifieldqa_zh progress=10/200
2026-03-24 06:24:11,186 INFO longbench_official_benchmark: config=fp16_baseline task=multifieldqa_zh progress=20/200
2026-03-24 06:24:27,183 INFO longbench_official_benchmark: config=fp16_baseline task=multifieldqa_zh progress=30/200
2026-03-24 06:24:39,785 INFO longbench_official_benchmark: config=fp16_baseline task=multifieldqa_zh progress=40/200
2026-03-24 06:24:54,438 INFO longbench_official_benchmark: config=fp16_baseline task=multifieldqa_zh progress=50/200
2026-03-24 06:25:05,948 INFO longbench_official_benchmark: config=fp16_baseline task=multifieldqa_zh progress=60/200
2026-03-24 06:25:21,957 INFO longbench_official_benchmark: config=fp16_baseline task=multifieldqa_zh progress=70/200
2026-03-24 06:25:33,828 INFO longbench_official_benchmark: config=fp16_baseline task=multifieldqa_zh progress=80/200
2026-03-24 06:25:49,534 INFO longbench_official_benchmark: config=fp16_baseline task=multifieldqa_zh progress=90/200
2026-03-24 06:26:00,641 INFO longbench_official_benchmark: config=fp16_baseline task=multifieldqa_zh progress=100/200
2026-03-24 06:26:12,381 INFO longbench_official_benchmark: config=fp16_baseline task=multifieldqa_zh progress=110/200
2026-03-24 06:26:23,259 INFO longbench_official_benchmark: config=fp16_baseline task=multifieldqa_zh progress=120/200
2026-03-24 06:26:36,497 INFO longbench_official_benchmark: config=fp16_baseline task=multifieldqa_zh progress=130/200
2026-03-24 06:26:56,463 INFO longbench_official_benchmark: config=fp16_baseline task=multifieldqa_zh progress=140/200
2026-03-24 06:27:16,640 INFO longbench_official_benchmark: config=fp16_baseline task=multifieldqa_zh progress=150/200
2026-03-24 06:27:34,389 INFO longbench_official_benchmark: config=fp16_baseline task=multifieldqa_zh progress=160/200
2026-03-24 06:27:52,204 INFO longbench_official_benchmark: config=fp16_baseline task=multifieldqa_zh progress=170/200
2026-03-24 06:28:08,110 INFO longbench_official_benchmark: config=fp16_baseline task=multifieldqa_zh progress=180/200
2026-03-24 06:28:23,017 INFO longbench_official_benchmark: config=fp16_baseline task=multifieldqa_zh progress=190/200
2026-03-24 06:28:37,786 INFO longbench_official_benchmark: config=fp16_baseline task=multifieldqa_zh progress=200/200
2026-03-24 06:29:04,499 INFO longbench_official_benchmark: config=fp16_baseline task=hotpotqa progress=10/200
2026-03-24 06:29:34,034 INFO longbench_official_benchmark: config=fp16_baseline task=hotpotqa progress=20/200
2026-03-24 06:29:57,648 INFO longbench_official_benchmark: config=fp16_baseline task=hotpotqa progress=30/200
2026-03-24 06:30:32,714 INFO longbench_official_benchmark: config=fp16_baseline task=hotpotqa progress=40/200
2026-03-24 06:31:00,891 INFO longbench_official_benchmark: config=fp16_baseline task=hotpotqa progress=50/200
2026-03-24 06:31:28,142 INFO longbench_official_benchmark: config=fp16_baseline task=hotpotqa progress=60/200
2026-03-24 06:31:57,704 INFO longbench_official_benchmark: config=fp16_baseline task=hotpotqa progress=70/200
2026-03-24 06:32:21,511 INFO longbench_official_benchmark: config=fp16_baseline task=hotpotqa progress=80/200
2026-03-24 06:32:48,823 INFO longbench_official_benchmark: config=fp16_baseline task=hotpotqa progress=90/200
2026-03-24 06:33:19,806 INFO longbench_official_benchmark: config=fp16_baseline task=hotpotqa progress=100/200
2026-03-24 06:33:49,712 INFO longbench_official_benchmark: config=fp16_baseline task=hotpotqa progress=110/200
2026-03-24 06:34:19,786 INFO longbench_official_benchmark: config=fp16_baseline task=hotpotqa progress=120/200
2026-03-24 06:34:39,966 INFO longbench_official_benchmark: config=fp16_baseline task=hotpotqa progress=130/200
2026-03-24 06:35:06,625 INFO longbench_official_benchmark: config=fp16_baseline task=hotpotqa progress=140/200
2026-03-24 06:35:37,922 INFO longbench_official_benchmark: config=fp16_baseline task=hotpotqa progress=150/200
2026-03-24 06:36:03,417 INFO longbench_official_benchmark: config=fp16_baseline task=hotpotqa progress=160/200
2026-03-24 06:36:29,935 INFO longbench_official_benchmark: config=fp16_baseline task=hotpotqa progress=170/200
2026-03-24 06:37:00,954 INFO longbench_official_benchmark: config=fp16_baseline task=hotpotqa progress=180/200
2026-03-24 06:37:25,535 INFO longbench_official_benchmark: config=fp16_baseline task=hotpotqa progress=190/200
2026-03-24 06:37:46,781 INFO longbench_official_benchmark: config=fp16_baseline task=hotpotqa progress=200/200
2026-03-24 06:38:02,606 INFO longbench_official_benchmark: config=fp16_baseline task=2wikimqa progress=10/200
2026-03-24 06:38:16,275 INFO longbench_official_benchmark: config=fp16_baseline task=2wikimqa progress=20/200
2026-03-24 06:38:31,202 INFO longbench_official_benchmark: config=fp16_baseline task=2wikimqa progress=30/200
2026-03-24 06:38:47,416 INFO longbench_official_benchmark: config=fp16_baseline task=2wikimqa progress=40/200
2026-03-24 06:39:00,835 INFO longbench_official_benchmark: config=fp16_baseline task=2wikimqa progress=50/200
2026-03-24 06:39:14,700 INFO longbench_official_benchmark: config=fp16_baseline task=2wikimqa progress=60/200
2026-03-24 06:39:25,821 INFO longbench_official_benchmark: config=fp16_baseline task=2wikimqa progress=70/200
2026-03-24 06:39:40,519 INFO longbench_official_benchmark: config=fp16_baseline task=2wikimqa progress=80/200
2026-03-24 06:39:56,457 INFO longbench_official_benchmark: config=fp16_baseline task=2wikimqa progress=90/200
2026-03-24 06:40:14,918 INFO longbench_official_benchmark: config=fp16_baseline task=2wikimqa progress=100/200
2026-03-24 06:40:27,147 INFO longbench_official_benchmark: config=fp16_baseline task=2wikimqa progress=110/200
2026-03-24 06:40:39,334 INFO longbench_official_benchmark: config=fp16_baseline task=2wikimqa progress=120/200
2026-03-24 06:40:53,599 INFO longbench_official_benchmark: config=fp16_baseline task=2wikimqa progress=130/200
2026-03-24 06:41:07,553 INFO longbench_official_benchmark: config=fp16_baseline task=2wikimqa progress=140/200
2026-03-24 06:41:23,593 INFO longbench_official_benchmark: config=fp16_baseline task=2wikimqa progress=150/200
2026-03-24 06:41:44,440 INFO longbench_official_benchmark: config=fp16_baseline task=2wikimqa progress=160/200
2026-03-24 06:41:58,685 INFO longbench_official_benchmark: config=fp16_baseline task=2wikimqa progress=170/200
2026-03-24 06:42:17,995 INFO longbench_official_benchmark: config=fp16_baseline task=2wikimqa progress=180/200
2026-03-24 06:42:30,668 INFO longbench_official_benchmark: config=fp16_baseline task=2wikimqa progress=190/200
2026-03-24 06:42:46,990 INFO longbench_official_benchmark: config=fp16_baseline task=2wikimqa progress=200/200
2026-03-24 06:43:21,495 INFO longbench_official_benchmark: config=fp16_baseline task=musique progress=10/200
2026-03-24 06:43:55,977 INFO longbench_official_benchmark: config=fp16_baseline task=musique progress=20/200
2026-03-24 06:44:30,645 INFO longbench_official_benchmark: config=fp16_baseline task=musique progress=30/200
2026-03-24 06:45:02,461 INFO longbench_official_benchmark: config=fp16_baseline task=musique progress=40/200
2026-03-24 06:45:39,641 INFO longbench_official_benchmark: config=fp16_baseline task=musique progress=50/200
2026-03-24 06:46:16,213 INFO longbench_official_benchmark: config=fp16_baseline task=musique progress=60/200
2026-03-24 06:46:49,630 INFO longbench_official_benchmark: config=fp16_baseline task=musique progress=70/200
2026-03-24 06:47:26,485 INFO longbench_official_benchmark: config=fp16_baseline task=musique progress=80/200
2026-03-24 06:48:03,933 INFO longbench_official_benchmark: config=fp16_baseline task=musique progress=90/200
2026-03-24 06:48:38,633 INFO longbench_official_benchmark: config=fp16_baseline task=musique progress=100/200
2026-03-24 06:49:12,078 INFO longbench_official_benchmark: config=fp16_baseline task=musique progress=110/200
2026-03-24 06:49:48,251 INFO longbench_official_benchmark: config=fp16_baseline task=musique progress=120/200
2026-03-24 06:50:25,471 INFO longbench_official_benchmark: config=fp16_baseline task=musique progress=130/200
2026-03-24 06:50:59,752 INFO longbench_official_benchmark: config=fp16_baseline task=musique progress=140/200
2026-03-24 06:51:36,540 INFO longbench_official_benchmark: config=fp16_baseline task=musique progress=150/200
2026-03-24 06:52:17,712 INFO longbench_official_benchmark: config=fp16_baseline task=musique progress=160/200
2026-03-24 06:52:51,213 INFO longbench_official_benchmark: config=fp16_baseline task=musique progress=170/200
2026-03-24 06:53:25,036 INFO longbench_official_benchmark: config=fp16_baseline task=musique progress=180/200
2026-03-24 06:54:00,166 INFO longbench_official_benchmark: config=fp16_baseline task=musique progress=190/200
2026-03-24 06:54:32,041 INFO longbench_official_benchmark: config=fp16_baseline task=musique progress=200/200
2026-03-24 06:55:55,774 INFO longbench_official_benchmark: config=fp16_baseline task=dureader progress=10/200
2026-03-24 06:57:17,321 INFO longbench_official_benchmark: config=fp16_baseline task=dureader progress=20/200
2026-03-24 06:58:41,515 INFO longbench_official_benchmark: config=fp16_baseline task=dureader progress=30/200
2026-03-24 07:00:04,611 INFO longbench_official_benchmark: config=fp16_baseline task=dureader progress=40/200
2026-03-24 07:01:30,783 INFO longbench_official_benchmark: config=fp16_baseline task=dureader progress=50/200
2026-03-24 07:02:53,201 INFO longbench_official_benchmark: config=fp16_baseline task=dureader progress=60/200
2026-03-24 07:04:15,037 INFO longbench_official_benchmark: config=fp16_baseline task=dureader progress=70/200
2026-03-24 07:05:35,520 INFO longbench_official_benchmark: config=fp16_baseline task=dureader progress=80/200
2026-03-24 07:07:01,687 INFO longbench_official_benchmark: config=fp16_baseline task=dureader progress=90/200
2026-03-24 07:08:13,848 INFO longbench_official_benchmark: config=fp16_baseline task=dureader progress=100/200
2026-03-24 07:09:42,975 INFO longbench_official_benchmark: config=fp16_baseline task=dureader progress=110/200
2026-03-24 07:11:04,335 INFO longbench_official_benchmark: config=fp16_baseline task=dureader progress=120/200
2026-03-24 07:12:27,288 INFO longbench_official_benchmark: config=fp16_baseline task=dureader progress=130/200
2026-03-24 07:13:51,844 INFO longbench_official_benchmark: config=fp16_baseline task=dureader progress=140/200
2026-03-24 07:15:21,743 INFO longbench_official_benchmark: config=fp16_baseline task=dureader progress=150/200
2026-03-24 07:16:36,686 INFO longbench_official_benchmark: config=fp16_baseline task=dureader progress=160/200
2026-03-24 07:18:10,303 INFO longbench_official_benchmark: config=fp16_baseline task=dureader progress=170/200
2026-03-24 07:19:29,691 INFO longbench_official_benchmark: config=fp16_baseline task=dureader progress=180/200
2026-03-24 07:20:50,133 INFO longbench_official_benchmark: config=fp16_baseline task=dureader progress=190/200
2026-03-24 07:22:08,264 INFO longbench_official_benchmark: config=fp16_baseline task=dureader progress=200/200
2026-03-24 07:26:21,154 INFO longbench_official_benchmark: config=fp16_baseline task=gov_report progress=10/200
2026-03-24 07:30:22,984 INFO longbench_official_benchmark: config=fp16_baseline task=gov_report progress=20/200
2026-03-24 07:35:24,304 INFO longbench_official_benchmark: config=fp16_baseline task=gov_report progress=30/200
2026-03-24 07:39:10,831 INFO longbench_official_benchmark: config=fp16_baseline task=gov_report progress=40/200
2026-03-24 07:44:29,816 INFO longbench_official_benchmark: config=fp16_baseline task=gov_report progress=50/200
2026-03-24 07:49:22,356 INFO longbench_official_benchmark: config=fp16_baseline task=gov_report progress=60/200
2026-03-24 07:53:40,212 INFO longbench_official_benchmark: config=fp16_baseline task=gov_report progress=70/200
2026-03-24 07:57:24,993 INFO longbench_official_benchmark: config=fp16_baseline task=gov_report progress=80/200
2026-03-24 08:01:13,753 INFO longbench_official_benchmark: config=fp16_baseline task=gov_report progress=90/200
2026-03-24 08:06:07,975 INFO longbench_official_benchmark: config=fp16_baseline task=gov_report progress=100/200
2026-03-24 08:09:35,407 INFO longbench_official_benchmark: config=fp16_baseline task=gov_report progress=110/200
2026-03-24 08:13:38,791 INFO longbench_official_benchmark: config=fp16_baseline task=gov_report progress=120/200
2026-03-24 08:18:48,965 INFO longbench_official_benchmark: config=fp16_baseline task=gov_report progress=130/200
2026-03-24 08:22:26,014 INFO longbench_official_benchmark: config=fp16_baseline task=gov_report progress=140/200
2026-03-24 08:26:03,323 INFO longbench_official_benchmark: config=fp16_baseline task=gov_report progress=150/200
2026-03-24 08:30:06,980 INFO longbench_official_benchmark: config=fp16_baseline task=gov_report progress=160/200
2026-03-24 08:33:22,025 INFO longbench_official_benchmark: config=fp16_baseline task=gov_report progress=170/200
2026-03-24 08:37:53,309 INFO longbench_official_benchmark: config=fp16_baseline task=gov_report progress=180/200
2026-03-24 08:42:00,615 INFO longbench_official_benchmark: config=fp16_baseline task=gov_report progress=190/200
2026-03-24 08:45:43,275 INFO longbench_official_benchmark: config=fp16_baseline task=gov_report progress=200/200
2026-03-24 08:46:54,517 INFO longbench_official_benchmark: config=fp16_baseline task=qmsum progress=10/200
2026-03-24 08:48:20,482 INFO longbench_official_benchmark: config=fp16_baseline task=qmsum progress=20/200
2026-03-24 08:49:57,580 INFO longbench_official_benchmark: config=fp16_baseline task=qmsum progress=30/200
2026-03-24 08:51:30,760 INFO longbench_official_benchmark: config=fp16_baseline task=qmsum progress=40/200
2026-03-24 08:52:37,466 INFO longbench_official_benchmark: config=fp16_baseline task=qmsum progress=50/200
2026-03-24 08:53:49,698 INFO longbench_official_benchmark: config=fp16_baseline task=qmsum progress=60/200
2026-03-24 08:55:27,213 INFO longbench_official_benchmark: config=fp16_baseline task=qmsum progress=70/200
2026-03-24 08:56:45,218 INFO longbench_official_benchmark: config=fp16_baseline task=qmsum progress=80/200
2026-03-24 08:58:36,905 INFO longbench_official_benchmark: config=fp16_baseline task=qmsum progress=90/200
2026-03-24 09:00:16,122 INFO longbench_official_benchmark: config=fp16_baseline task=qmsum progress=100/200
2026-03-24 09:01:31,851 INFO longbench_official_benchmark: config=fp16_baseline task=qmsum progress=110/200
2026-03-24 09:03:10,395 INFO longbench_official_benchmark: config=fp16_baseline task=qmsum progress=120/200
2026-03-24 09:04:39,648 INFO longbench_official_benchmark: config=fp16_baseline task=qmsum progress=130/200
2026-03-24 09:06:23,971 INFO longbench_official_benchmark: config=fp16_baseline task=qmsum progress=140/200
2026-03-24 09:07:56,398 INFO longbench_official_benchmark: config=fp16_baseline task=qmsum progress=150/200
2026-03-24 09:09:20,238 INFO longbench_official_benchmark: config=fp16_baseline task=qmsum progress=160/200
2026-03-24 09:10:48,748 INFO longbench_official_benchmark: config=fp16_baseline task=qmsum progress=170/200
2026-03-24 09:12:17,277 INFO longbench_official_benchmark: config=fp16_baseline task=qmsum progress=180/200
2026-03-24 09:14:10,616 INFO longbench_official_benchmark: config=fp16_baseline task=qmsum progress=190/200
2026-03-24 09:15:20,060 INFO longbench_official_benchmark: config=fp16_baseline task=qmsum progress=200/200
2026-03-24 09:18:16,338 INFO longbench_official_benchmark: config=fp16_baseline task=multi_news progress=10/200
2026-03-24 09:21:17,857 INFO longbench_official_benchmark: config=fp16_baseline task=multi_news progress=20/200
2026-03-24 09:24:00,591 INFO longbench_official_benchmark: config=fp16_baseline task=multi_news progress=30/200
2026-03-24 09:26:55,050 INFO longbench_official_benchmark: config=fp16_baseline task=multi_news progress=40/200
2026-03-24 09:30:03,035 INFO longbench_official_benchmark: config=fp16_baseline task=multi_news progress=50/200
2026-03-24 09:33:12,230 INFO longbench_official_benchmark: config=fp16_baseline task=multi_news progress=60/200
2026-03-24 09:36:07,138 INFO longbench_official_benchmark: config=fp16_baseline task=multi_news progress=70/200
2026-03-24 09:39:07,988 INFO longbench_official_benchmark: config=fp16_baseline task=multi_news progress=80/200
2026-03-24 09:42:28,131 INFO longbench_official_benchmark: config=fp16_baseline task=multi_news progress=90/200
2026-03-24 09:45:08,533 INFO longbench_official_benchmark: config=fp16_baseline task=multi_news progress=100/200
2026-03-24 09:48:22,761 INFO longbench_official_benchmark: config=fp16_baseline task=multi_news progress=110/200
2026-03-24 09:51:20,239 INFO longbench_official_benchmark: config=fp16_baseline task=multi_news progress=120/200
2026-03-24 09:54:13,108 INFO longbench_official_benchmark: config=fp16_baseline task=multi_news progress=130/200
2026-03-24 09:57:19,827 INFO longbench_official_benchmark: config=fp16_baseline task=multi_news progress=140/200
2026-03-24 10:00:19,460 INFO longbench_official_benchmark: config=fp16_baseline task=multi_news progress=150/200
2026-03-24 10:03:09,688 INFO longbench_official_benchmark: config=fp16_baseline task=multi_news progress=160/200
2026-03-24 10:06:00,603 INFO longbench_official_benchmark: config=fp16_baseline task=multi_news progress=170/200
2026-03-24 10:08:53,451 INFO longbench_official_benchmark: config=fp16_baseline task=multi_news progress=180/200
2026-03-24 10:11:52,355 INFO longbench_official_benchmark: config=fp16_baseline task=multi_news progress=190/200
2026-03-24 10:14:40,003 INFO longbench_official_benchmark: config=fp16_baseline task=multi_news progress=200/200
2026-03-24 10:17:31,133 INFO longbench_official_benchmark: config=fp16_baseline task=vcsum progress=10/200
2026-03-24 10:20:20,094 INFO longbench_official_benchmark: config=fp16_baseline task=vcsum progress=20/200
2026-03-24 10:24:07,375 INFO longbench_official_benchmark: config=fp16_baseline task=vcsum progress=30/200
2026-03-24 10:27:16,979 INFO longbench_official_benchmark: config=fp16_baseline task=vcsum progress=40/200
2026-03-24 10:30:54,726 INFO longbench_official_benchmark: config=fp16_baseline task=vcsum progress=50/200
2026-03-24 10:34:08,016 INFO longbench_official_benchmark: config=fp16_baseline task=vcsum progress=60/200
2026-03-24 10:37:25,115 INFO longbench_official_benchmark: config=fp16_baseline task=vcsum progress=70/200
2026-03-24 10:40:14,366 INFO longbench_official_benchmark: config=fp16_baseline task=vcsum progress=80/200
2026-03-24 10:43:21,015 INFO longbench_official_benchmark: config=fp16_baseline task=vcsum progress=90/200
2026-03-24 10:46:21,605 INFO longbench_official_benchmark: config=fp16_baseline task=vcsum progress=100/200
2026-03-24 10:49:42,137 INFO longbench_official_benchmark: config=fp16_baseline task=vcsum progress=110/200
2026-03-24 10:52:09,871 INFO longbench_official_benchmark: config=fp16_baseline task=vcsum progress=120/200
2026-03-24 10:55:00,982 INFO longbench_official_benchmark: config=fp16_baseline task=vcsum progress=130/200
2026-03-24 10:57:32,793 INFO longbench_official_benchmark: config=fp16_baseline task=vcsum progress=140/200
2026-03-24 11:00:39,728 INFO longbench_official_benchmark: config=fp16_baseline task=vcsum progress=150/200
2026-03-24 11:04:18,026 INFO longbench_official_benchmark: config=fp16_baseline task=vcsum progress=160/200
2026-03-24 11:07:22,372 INFO longbench_official_benchmark: config=fp16_baseline task=vcsum progress=170/200
2026-03-24 11:09:54,441 INFO longbench_official_benchmark: config=fp16_baseline task=vcsum progress=180/200
2026-03-24 11:13:11,067 INFO longbench_official_benchmark: config=fp16_baseline task=vcsum progress=190/200
2026-03-24 11:16:04,737 INFO longbench_official_benchmark: config=fp16_baseline task=vcsum progress=200/200
2026-03-24 11:16:44,810 INFO longbench_official_benchmark: config=fp16_baseline task=trec progress=10/200
2026-03-24 11:17:24,093 INFO longbench_official_benchmark: config=fp16_baseline task=trec progress=20/200
2026-03-24 11:18:04,058 INFO longbench_official_benchmark: config=fp16_baseline task=trec progress=30/200
2026-03-24 11:18:40,583 INFO longbench_official_benchmark: config=fp16_baseline task=trec progress=40/200
2026-03-24 11:19:22,655 INFO longbench_official_benchmark: config=fp16_baseline task=trec progress=50/200
2026-03-24 11:20:00,935 INFO longbench_official_benchmark: config=fp16_baseline task=trec progress=60/200
2026-03-24 11:20:38,700 INFO longbench_official_benchmark: config=fp16_baseline task=trec progress=70/200
2026-03-24 11:21:22,769 INFO longbench_official_benchmark: config=fp16_baseline task=trec progress=80/200
2026-03-24 11:22:06,638 INFO longbench_official_benchmark: config=fp16_baseline task=trec progress=90/200
2026-03-24 11:22:54,685 INFO longbench_official_benchmark: config=fp16_baseline task=trec progress=100/200
2026-03-24 11:23:34,130 INFO longbench_official_benchmark: config=fp16_baseline task=trec progress=110/200
2026-03-24 11:24:17,434 INFO longbench_official_benchmark: config=fp16_baseline task=trec progress=120/200
2026-03-24 11:24:57,883 INFO longbench_official_benchmark: config=fp16_baseline task=trec progress=130/200
2026-03-24 11:25:41,156 INFO longbench_official_benchmark: config=fp16_baseline task=trec progress=140/200
2026-03-24 11:26:25,197 INFO longbench_official_benchmark: config=fp16_baseline task=trec progress=150/200
2026-03-24 11:27:06,202 INFO longbench_official_benchmark: config=fp16_baseline task=trec progress=160/200
2026-03-24 11:27:48,108 INFO longbench_official_benchmark: config=fp16_baseline task=trec progress=170/200
2026-03-24 11:28:28,005 INFO longbench_official_benchmark: config=fp16_baseline task=trec progress=180/200
2026-03-24 11:29:08,114 INFO longbench_official_benchmark: config=fp16_baseline task=trec progress=190/200
2026-03-24 11:29:49,862 INFO longbench_official_benchmark: config=fp16_baseline task=trec progress=200/200
2026-03-24 11:30:27,373 INFO longbench_official_benchmark: config=fp16_baseline task=triviaqa progress=10/200
2026-03-24 11:31:06,115 INFO longbench_official_benchmark: config=fp16_baseline task=triviaqa progress=20/200
2026-03-24 11:31:45,256 INFO longbench_official_benchmark: config=fp16_baseline task=triviaqa progress=30/200
2026-03-24 11:32:30,755 INFO longbench_official_benchmark: config=fp16_baseline task=triviaqa progress=40/200
2026-03-24 11:33:05,160 INFO longbench_official_benchmark: config=fp16_baseline task=triviaqa progress=50/200
2026-03-24 11:33:48,751 INFO longbench_official_benchmark: config=fp16_baseline task=triviaqa progress=60/200
2026-03-24 11:34:28,058 INFO longbench_official_benchmark: config=fp16_baseline task=triviaqa progress=70/200
2026-03-24 11:35:09,012 INFO longbench_official_benchmark: config=fp16_baseline task=triviaqa progress=80/200
2026-03-24 11:35:44,696 INFO longbench_official_benchmark: config=fp16_baseline task=triviaqa progress=90/200
2026-03-24 11:36:29,250 INFO longbench_official_benchmark: config=fp16_baseline task=triviaqa progress=100/200
2026-03-24 11:37:26,077 INFO longbench_official_benchmark: config=fp16_baseline task=triviaqa progress=110/200
2026-03-24 11:38:02,670 INFO longbench_official_benchmark: config=fp16_baseline task=triviaqa progress=120/200
2026-03-24 11:38:50,119 INFO longbench_official_benchmark: config=fp16_baseline task=triviaqa progress=130/200
2026-03-24 11:39:29,121 INFO longbench_official_benchmark: config=fp16_baseline task=triviaqa progress=140/200
2026-03-24 11:40:12,881 INFO longbench_official_benchmark: config=fp16_baseline task=triviaqa progress=150/200
2026-03-24 11:40:57,680 INFO longbench_official_benchmark: config=fp16_baseline task=triviaqa progress=160/200
2026-03-24 11:41:32,120 INFO longbench_official_benchmark: config=fp16_baseline task=triviaqa progress=170/200
2026-03-24 11:42:16,248 INFO longbench_official_benchmark: config=fp16_baseline task=triviaqa progress=180/200
2026-03-24 11:42:55,680 INFO longbench_official_benchmark: config=fp16_baseline task=triviaqa progress=190/200
2026-03-24 11:43:32,577 INFO longbench_official_benchmark: config=fp16_baseline task=triviaqa progress=200/200
2026-03-24 11:45:01,173 INFO longbench_official_benchmark: config=fp16_baseline task=samsum progress=10/200
2026-03-24 11:46:18,096 INFO longbench_official_benchmark: config=fp16_baseline task=samsum progress=20/200
2026-03-24 11:47:46,309 INFO longbench_official_benchmark: config=fp16_baseline task=samsum progress=30/200
2026-03-24 11:49:10,639 INFO longbench_official_benchmark: config=fp16_baseline task=samsum progress=40/200
2026-03-24 11:50:25,795 INFO longbench_official_benchmark: config=fp16_baseline task=samsum progress=50/200
2026-03-24 11:51:43,778 INFO longbench_official_benchmark: config=fp16_baseline task=samsum progress=60/200
2026-03-24 11:53:02,314 INFO longbench_official_benchmark: config=fp16_baseline task=samsum progress=70/200
2026-03-24 11:54:28,417 INFO longbench_official_benchmark: config=fp16_baseline task=samsum progress=80/200
2026-03-24 11:55:47,294 INFO longbench_official_benchmark: config=fp16_baseline task=samsum progress=90/200
2026-03-24 11:57:14,970 INFO longbench_official_benchmark: config=fp16_baseline task=samsum progress=100/200
2026-03-24 11:58:30,129 INFO longbench_official_benchmark: config=fp16_baseline task=samsum progress=110/200
2026-03-24 11:59:41,476 INFO longbench_official_benchmark: config=fp16_baseline task=samsum progress=120/200
2026-03-24 12:00:59,831 INFO longbench_official_benchmark: config=fp16_baseline task=samsum progress=130/200
2026-03-24 12:02:10,343 INFO longbench_official_benchmark: config=fp16_baseline task=samsum progress=140/200
2026-03-24 12:03:31,430 INFO longbench_official_benchmark: config=fp16_baseline task=samsum progress=150/200
2026-03-24 12:04:47,262 INFO longbench_official_benchmark: config=fp16_baseline task=samsum progress=160/200
2026-03-24 12:06:09,806 INFO longbench_official_benchmark: config=fp16_baseline task=samsum progress=170/200
2026-03-24 12:07:27,213 INFO longbench_official_benchmark: config=fp16_baseline task=samsum progress=180/200
2026-03-24 12:08:50,398 INFO longbench_official_benchmark: config=fp16_baseline task=samsum progress=190/200
2026-03-24 12:10:18,004 INFO longbench_official_benchmark: config=fp16_baseline task=samsum progress=200/200
2026-03-24 12:11:16,940 INFO longbench_official_benchmark: config=fp16_baseline task=lsht progress=10/200
2026-03-24 12:12:31,967 INFO longbench_official_benchmark: config=fp16_baseline task=lsht progress=20/200
2026-03-24 12:13:32,745 INFO longbench_official_benchmark: config=fp16_baseline task=lsht progress=30/200
2026-03-24 12:14:22,403 INFO longbench_official_benchmark: config=fp16_baseline task=lsht progress=40/200
2026-03-24 12:15:19,022 INFO longbench_official_benchmark: config=fp16_baseline task=lsht progress=50/200
2026-03-24 12:16:24,766 INFO longbench_official_benchmark: config=fp16_baseline task=lsht progress=60/200
2026-03-24 12:17:28,031 INFO longbench_official_benchmark: config=fp16_baseline task=lsht progress=70/200
2026-03-24 12:18:41,757 INFO longbench_official_benchmark: config=fp16_baseline task=lsht progress=80/200
2026-03-24 12:19:49,957 INFO longbench_official_benchmark: config=fp16_baseline task=lsht progress=90/200
2026-03-24 12:21:16,664 INFO longbench_official_benchmark: config=fp16_baseline task=lsht progress=100/200
2026-03-24 12:22:33,272 INFO longbench_official_benchmark: config=fp16_baseline task=lsht progress=110/200
2026-03-24 12:23:28,464 INFO longbench_official_benchmark: config=fp16_baseline task=lsht progress=120/200
2026-03-24 12:24:32,325 INFO longbench_official_benchmark: config=fp16_baseline task=lsht progress=130/200
2026-03-24 12:25:49,615 INFO longbench_official_benchmark: config=fp16_baseline task=lsht progress=140/200
2026-03-24 12:26:45,443 INFO longbench_official_benchmark: config=fp16_baseline task=lsht progress=150/200
2026-03-24 12:27:56,723 INFO longbench_official_benchmark: config=fp16_baseline task=lsht progress=160/200
2026-03-24 12:29:03,534 INFO longbench_official_benchmark: config=fp16_baseline task=lsht progress=170/200
2026-03-24 12:29:59,971 INFO longbench_official_benchmark: config=fp16_baseline task=lsht progress=180/200
2026-03-24 12:30:57,184 INFO longbench_official_benchmark: config=fp16_baseline task=lsht progress=190/200
2026-03-24 12:31:59,046 INFO longbench_official_benchmark: config=fp16_baseline task=lsht progress=200/200
2026-03-24 12:32:46,742 INFO longbench_official_benchmark: config=fp16_baseline task=passage_count progress=10/200
2026-03-24 12:33:31,446 INFO longbench_official_benchmark: config=fp16_baseline task=passage_count progress=20/200
2026-03-24 12:34:14,545 INFO longbench_official_benchmark: config=fp16_baseline task=passage_count progress=30/200
2026-03-24 12:35:05,667 INFO longbench_official_benchmark: config=fp16_baseline task=passage_count progress=40/200
2026-03-24 12:35:53,311 INFO longbench_official_benchmark: config=fp16_baseline task=passage_count progress=50/200
2026-03-24 12:36:34,893 INFO longbench_official_benchmark: config=fp16_baseline task=passage_count progress=60/200
2026-03-24 12:37:13,679 INFO longbench_official_benchmark: config=fp16_baseline task=passage_count progress=70/200
2026-03-24 12:37:51,963 INFO longbench_official_benchmark: config=fp16_baseline task=passage_count progress=80/200
2026-03-24 12:38:28,350 INFO longbench_official_benchmark: config=fp16_baseline task=passage_count progress=90/200
2026-03-24 12:39:09,311 INFO longbench_official_benchmark: config=fp16_baseline task=passage_count progress=100/200
2026-03-24 12:39:54,845 INFO longbench_official_benchmark: config=fp16_baseline task=passage_count progress=110/200
2026-03-24 12:40:36,261 INFO longbench_official_benchmark: config=fp16_baseline task=passage_count progress=120/200
2026-03-24 12:41:19,022 INFO longbench_official_benchmark: config=fp16_baseline task=passage_count progress=130/200
2026-03-24 12:42:04,335 INFO longbench_official_benchmark: config=fp16_baseline task=passage_count progress=140/200
2026-03-24 12:42:56,032 INFO longbench_official_benchmark: config=fp16_baseline task=passage_count progress=150/200
2026-03-24 12:43:37,241 INFO longbench_official_benchmark: config=fp16_baseline task=passage_count progress=160/200
2026-03-24 12:44:28,427 INFO longbench_official_benchmark: config=fp16_baseline task=passage_count progress=170/200
2026-03-24 12:45:13,031 INFO longbench_official_benchmark: config=fp16_baseline task=passage_count progress=180/200
2026-03-24 12:46:00,680 INFO longbench_official_benchmark: config=fp16_baseline task=passage_count progress=190/200
2026-03-24 12:46:43,508 INFO longbench_official_benchmark: config=fp16_baseline task=passage_count progress=200/200
2026-03-24 12:47:13,297 INFO longbench_official_benchmark: config=fp16_baseline task=passage_retrieval_en progress=10/200
2026-03-24 12:47:44,259 INFO longbench_official_benchmark: config=fp16_baseline task=passage_retrieval_en progress=20/200
2026-03-24 12:48:12,924 INFO longbench_official_benchmark: config=fp16_baseline task=passage_retrieval_en progress=30/200
2026-03-24 12:48:41,626 INFO longbench_official_benchmark: config=fp16_baseline task=passage_retrieval_en progress=40/200
2026-03-24 12:49:13,257 INFO longbench_official_benchmark: config=fp16_baseline task=passage_retrieval_en progress=50/200
2026-03-24 12:49:44,487 INFO longbench_official_benchmark: config=fp16_baseline task=passage_retrieval_en progress=60/200
2026-03-24 12:50:13,366 INFO longbench_official_benchmark: config=fp16_baseline task=passage_retrieval_en progress=70/200
2026-03-24 12:50:41,732 INFO longbench_official_benchmark: config=fp16_baseline task=passage_retrieval_en progress=80/200
2026-03-24 12:51:10,893 INFO longbench_official_benchmark: config=fp16_baseline task=passage_retrieval_en progress=90/200
2026-03-24 12:51:39,698 INFO longbench_official_benchmark: config=fp16_baseline task=passage_retrieval_en progress=100/200
2026-03-24 12:52:09,876 INFO longbench_official_benchmark: config=fp16_baseline task=passage_retrieval_en progress=110/200
2026-03-24 12:52:39,073 INFO longbench_official_benchmark: config=fp16_baseline task=passage_retrieval_en progress=120/200
2026-03-24 12:53:06,075 INFO longbench_official_benchmark: config=fp16_baseline task=passage_retrieval_en progress=130/200
2026-03-24 12:53:35,592 INFO longbench_official_benchmark: config=fp16_baseline task=passage_retrieval_en progress=140/200
2026-03-24 12:54:03,287 INFO longbench_official_benchmark: config=fp16_baseline task=passage_retrieval_en progress=150/200
2026-03-24 12:54:32,635 INFO longbench_official_benchmark: config=fp16_baseline task=passage_retrieval_en progress=160/200
2026-03-24 12:54:59,462 INFO longbench_official_benchmark: config=fp16_baseline task=passage_retrieval_en progress=170/200
2026-03-24 12:55:26,421 INFO longbench_official_benchmark: config=fp16_baseline task=passage_retrieval_en progress=180/200
2026-03-24 12:55:54,932 INFO longbench_official_benchmark: config=fp16_baseline task=passage_retrieval_en progress=190/200
2026-03-24 12:56:24,218 INFO longbench_official_benchmark: config=fp16_baseline task=passage_retrieval_en progress=200/200
2026-03-24 12:56:34,693 INFO longbench_official_benchmark: config=fp16_baseline task=passage_retrieval_zh progress=10/200
2026-03-24 12:56:44,589 INFO longbench_official_benchmark: config=fp16_baseline task=passage_retrieval_zh progress=20/200
2026-03-24 12:56:55,236 INFO longbench_official_benchmark: config=fp16_baseline task=passage_retrieval_zh progress=30/200
2026-03-24 12:57:06,639 INFO longbench_official_benchmark: config=fp16_baseline task=passage_retrieval_zh progress=40/200
2026-03-24 12:57:17,928 INFO longbench_official_benchmark: config=fp16_baseline task=passage_retrieval_zh progress=50/200
2026-03-24 12:57:28,357 INFO longbench_official_benchmark: config=fp16_baseline task=passage_retrieval_zh progress=60/200
2026-03-24 12:57:39,172 INFO longbench_official_benchmark: config=fp16_baseline task=passage_retrieval_zh progress=70/200
2026-03-24 12:57:49,692 INFO longbench_official_benchmark: config=fp16_baseline task=passage_retrieval_zh progress=80/200
2026-03-24 12:57:59,873 INFO longbench_official_benchmark: config=fp16_baseline task=passage_retrieval_zh progress=90/200
2026-03-24 12:58:10,933 INFO longbench_official_benchmark: config=fp16_baseline task=passage_retrieval_zh progress=100/200
2026-03-24 12:58:21,619 INFO longbench_official_benchmark: config=fp16_baseline task=passage_retrieval_zh progress=110/200
2026-03-24 12:58:33,576 INFO longbench_official_benchmark: config=fp16_baseline task=passage_retrieval_zh progress=120/200
2026-03-24 12:58:44,660 INFO longbench_official_benchmark: config=fp16_baseline task=passage_retrieval_zh progress=130/200
2026-03-24 12:58:55,390 INFO longbench_official_benchmark: config=fp16_baseline task=passage_retrieval_zh progress=140/200
2026-03-24 12:59:06,400 INFO longbench_official_benchmark: config=fp16_baseline task=passage_retrieval_zh progress=150/200
2026-03-24 12:59:16,451 INFO longbench_official_benchmark: config=fp16_baseline task=passage_retrieval_zh progress=160/200
2026-03-24 12:59:27,005 INFO longbench_official_benchmark: config=fp16_baseline task=passage_retrieval_zh progress=170/200
2026-03-24 12:59:37,544 INFO longbench_official_benchmark: config=fp16_baseline task=passage_retrieval_zh progress=180/200
2026-03-24 12:59:48,152 INFO longbench_official_benchmark: config=fp16_baseline task=passage_retrieval_zh progress=190/200
2026-03-24 13:00:00,079 INFO longbench_official_benchmark: config=fp16_baseline task=passage_retrieval_zh progress=200/200
2026-03-24 13:00:31,430 INFO longbench_official_benchmark: config=fp16_baseline task=lcc progress=10/500
2026-03-24 13:01:00,160 INFO longbench_official_benchmark: config=fp16_baseline task=lcc progress=20/500
2026-03-24 13:01:35,122 INFO longbench_official_benchmark: config=fp16_baseline task=lcc progress=30/500
2026-03-24 13:02:04,337 INFO longbench_official_benchmark: config=fp16_baseline task=lcc progress=40/500
2026-03-24 13:02:33,258 INFO longbench_official_benchmark: config=fp16_baseline task=lcc progress=50/500
2026-03-24 13:03:06,068 INFO longbench_official_benchmark: config=fp16_baseline task=lcc progress=60/500
2026-03-24 13:03:34,413 INFO longbench_official_benchmark: config=fp16_baseline task=lcc progress=70/500
2026-03-24 13:04:03,343 INFO longbench_official_benchmark: config=fp16_baseline task=lcc progress=80/500
2026-03-24 13:04:34,156 INFO longbench_official_benchmark: config=fp16_baseline task=lcc progress=90/500
2026-03-24 13:05:04,735 INFO longbench_official_benchmark: config=fp16_baseline task=lcc progress=100/500
2026-03-24 13:05:36,021 INFO longbench_official_benchmark: config=fp16_baseline task=lcc progress=110/500
2026-03-24 13:06:06,458 INFO longbench_official_benchmark: config=fp16_baseline task=lcc progress=120/500
2026-03-24 13:06:36,116 INFO longbench_official_benchmark: config=fp16_baseline task=lcc progress=130/500
2026-03-24 13:07:04,727 INFO longbench_official_benchmark: config=fp16_baseline task=lcc progress=140/500
2026-03-24 13:07:33,956 INFO longbench_official_benchmark: config=fp16_baseline task=lcc progress=150/500
2026-03-24 13:08:03,783 INFO longbench_official_benchmark: config=fp16_baseline task=lcc progress=160/500
2026-03-24 13:08:34,549 INFO longbench_official_benchmark: config=fp16_baseline task=lcc progress=170/500
2026-03-24 13:09:05,905 INFO longbench_official_benchmark: config=fp16_baseline task=lcc progress=180/500
2026-03-24 13:09:35,515 INFO longbench_official_benchmark: config=fp16_baseline task=lcc progress=190/500
2026-03-24 13:10:04,456 INFO longbench_official_benchmark: config=fp16_baseline task=lcc progress=200/500
2026-03-24 13:10:36,886 INFO longbench_official_benchmark: config=fp16_baseline task=lcc progress=210/500
2026-03-24 13:11:05,370 INFO longbench_official_benchmark: config=fp16_baseline task=lcc progress=220/500
2026-03-24 13:11:34,837 INFO longbench_official_benchmark: config=fp16_baseline task=lcc progress=230/500
2026-03-24 13:12:03,369 INFO longbench_official_benchmark: config=fp16_baseline task=lcc progress=240/500
2026-03-24 13:12:41,317 INFO longbench_official_benchmark: config=fp16_baseline task=lcc progress=250/500
2026-03-24 13:13:16,398 INFO longbench_official_benchmark: config=fp16_baseline task=lcc progress=260/500
2026-03-24 13:14:06,175 INFO longbench_official_benchmark: config=fp16_baseline task=lcc progress=270/500
2026-03-24 13:14:37,224 INFO longbench_official_benchmark: config=fp16_baseline task=lcc progress=280/500
2026-03-24 13:15:06,008 INFO longbench_official_benchmark: config=fp16_baseline task=lcc progress=290/500
2026-03-24 13:15:39,639 INFO longbench_official_benchmark: config=fp16_baseline task=lcc progress=300/500
2026-03-24 13:16:11,596 INFO longbench_official_benchmark: config=fp16_baseline task=lcc progress=310/500
2026-03-24 13:16:41,171 INFO longbench_official_benchmark: config=fp16_baseline task=lcc progress=320/500
2026-03-24 13:17:16,080 INFO longbench_official_benchmark: config=fp16_baseline task=lcc progress=330/500
2026-03-24 13:17:48,621 INFO longbench_official_benchmark: config=fp16_baseline task=lcc progress=340/500
2026-03-24 13:18:18,358 INFO longbench_official_benchmark: config=fp16_baseline task=lcc progress=350/500
2026-03-24 13:18:48,150 INFO longbench_official_benchmark: config=fp16_baseline task=lcc progress=360/500
2026-03-24 13:19:18,674 INFO longbench_official_benchmark: config=fp16_baseline task=lcc progress=370/500
2026-03-24 13:19:49,135 INFO longbench_official_benchmark: config=fp16_baseline task=lcc progress=380/500
2026-03-24 13:20:18,748 INFO longbench_official_benchmark: config=fp16_baseline task=lcc progress=390/500
2026-03-24 13:20:49,461 INFO longbench_official_benchmark: config=fp16_baseline task=lcc progress=400/500
2026-03-24 13:21:19,158 INFO longbench_official_benchmark: config=fp16_baseline task=lcc progress=410/500
2026-03-24 13:21:49,567 INFO longbench_official_benchmark: config=fp16_baseline task=lcc progress=420/500
2026-03-24 13:22:19,669 INFO longbench_official_benchmark: config=fp16_baseline task=lcc progress=430/500
2026-03-24 13:22:49,531 INFO longbench_official_benchmark: config=fp16_baseline task=lcc progress=440/500
2026-03-24 13:23:19,311 INFO longbench_official_benchmark: config=fp16_baseline task=lcc progress=450/500
2026-03-24 13:23:51,284 INFO longbench_official_benchmark: config=fp16_baseline task=lcc progress=460/500
2026-03-24 13:24:23,364 INFO longbench_official_benchmark: config=fp16_baseline task=lcc progress=470/500
2026-03-24 13:24:52,392 INFO longbench_official_benchmark: config=fp16_baseline task=lcc progress=480/500
2026-03-24 13:25:21,933 INFO longbench_official_benchmark: config=fp16_baseline task=lcc progress=490/500
2026-03-24 13:25:51,916 INFO longbench_official_benchmark: config=fp16_baseline task=lcc progress=500/500
2026-03-24 13:27:04,535 INFO longbench_official_benchmark: config=fp16_baseline task=repobench-p progress=10/500
2026-03-24 13:27:52,188 INFO longbench_official_benchmark: config=fp16_baseline task=repobench-p progress=20/500
2026-03-24 13:28:49,758 INFO longbench_official_benchmark: config=fp16_baseline task=repobench-p progress=30/500
2026-03-24 13:29:47,060 INFO longbench_official_benchmark: config=fp16_baseline task=repobench-p progress=40/500
2026-03-24 13:30:47,407 INFO longbench_official_benchmark: config=fp16_baseline task=repobench-p progress=50/500
2026-03-24 13:31:50,648 INFO longbench_official_benchmark: config=fp16_baseline task=repobench-p progress=60/500
2026-03-24 13:32:41,619 INFO longbench_official_benchmark: config=fp16_baseline task=repobench-p progress=70/500
2026-03-24 13:33:46,933 INFO longbench_official_benchmark: config=fp16_baseline task=repobench-p progress=80/500
2026-03-24 13:34:34,592 INFO longbench_official_benchmark: config=fp16_baseline task=repobench-p progress=90/500
2026-03-24 13:35:33,730 INFO longbench_official_benchmark: config=fp16_baseline task=repobench-p progress=100/500
2026-03-24 13:36:17,629 INFO longbench_official_benchmark: config=fp16_baseline task=repobench-p progress=110/500
2026-03-24 13:37:05,901 INFO longbench_official_benchmark: config=fp16_baseline task=repobench-p progress=120/500
2026-03-24 13:38:05,860 INFO longbench_official_benchmark: config=fp16_baseline task=repobench-p progress=130/500
2026-03-24 13:39:00,867 INFO longbench_official_benchmark: config=fp16_baseline task=repobench-p progress=140/500
2026-03-24 13:39:50,105 INFO longbench_official_benchmark: config=fp16_baseline task=repobench-p progress=150/500
2026-03-24 13:40:45,484 INFO longbench_official_benchmark: config=fp16_baseline task=repobench-p progress=160/500
2026-03-24 13:41:42,784 INFO longbench_official_benchmark: config=fp16_baseline task=repobench-p progress=170/500
2026-03-24 13:42:35,110 INFO longbench_official_benchmark: config=fp16_baseline task=repobench-p progress=180/500
2026-03-24 13:43:36,061 INFO longbench_official_benchmark: config=fp16_baseline task=repobench-p progress=190/500
2026-03-24 13:44:27,173 INFO longbench_official_benchmark: config=fp16_baseline task=repobench-p progress=200/500
2026-03-24 13:45:06,395 INFO longbench_official_benchmark: config=fp16_baseline task=repobench-p progress=210/500
2026-03-24 13:45:57,324 INFO longbench_official_benchmark: config=fp16_baseline task=repobench-p progress=220/500
2026-03-24 13:46:54,790 INFO longbench_official_benchmark: config=fp16_baseline task=repobench-p progress=230/500
2026-03-24 13:47:57,272 INFO longbench_official_benchmark: config=fp16_baseline task=repobench-p progress=240/500
2026-03-24 13:48:50,418 INFO longbench_official_benchmark: config=fp16_baseline task=repobench-p progress=250/500
2026-03-24 13:49:56,613 INFO longbench_official_benchmark: config=fp16_baseline task=repobench-p progress=260/500
2026-03-24 13:51:03,000 INFO longbench_official_benchmark: config=fp16_baseline task=repobench-p progress=270/500
2026-03-24 13:51:57,887 INFO longbench_official_benchmark: config=fp16_baseline task=repobench-p progress=280/500
2026-03-24 13:52:54,901 INFO longbench_official_benchmark: config=fp16_baseline task=repobench-p progress=290/500
2026-03-24 13:53:41,957 INFO longbench_official_benchmark: config=fp16_baseline task=repobench-p progress=300/500
2026-03-24 13:54:53,829 INFO longbench_official_benchmark: config=fp16_baseline task=repobench-p progress=310/500
2026-03-24 13:56:02,062 INFO longbench_official_benchmark: config=fp16_baseline task=repobench-p progress=320/500
2026-03-24 13:56:55,790 INFO longbench_official_benchmark: config=fp16_baseline task=repobench-p progress=330/500
2026-03-24 13:57:44,436 INFO longbench_official_benchmark: config=fp16_baseline task=repobench-p progress=340/500
2026-03-24 13:58:43,413 INFO longbench_official_benchmark: config=fp16_baseline task=repobench-p progress=350/500
2026-03-24 13:59:50,847 INFO longbench_official_benchmark: config=fp16_baseline task=repobench-p progress=360/500
2026-03-24 14:00:44,003 INFO longbench_official_benchmark: config=fp16_baseline task=repobench-p progress=370/500
2026-03-24 14:01:50,681 INFO longbench_official_benchmark: config=fp16_baseline task=repobench-p progress=380/500
2026-03-24 14:02:50,240 INFO longbench_official_benchmark: config=fp16_baseline task=repobench-p progress=390/500
2026-03-24 14:03:36,595 INFO longbench_official_benchmark: config=fp16_baseline task=repobench-p progress=400/500
2026-03-24 14:04:28,256 INFO longbench_official_benchmark: config=fp16_baseline task=repobench-p progress=410/500
2026-03-24 14:05:24,273 INFO longbench_official_benchmark: config=fp16_baseline task=repobench-p progress=420/500
2026-03-24 14:06:12,058 INFO longbench_official_benchmark: config=fp16_baseline task=repobench-p progress=430/500
2026-03-24 14:07:08,346 INFO longbench_official_benchmark: config=fp16_baseline task=repobench-p progress=440/500
2026-03-24 14:07:54,294 INFO longbench_official_benchmark: config=fp16_baseline task=repobench-p progress=450/500
2026-03-24 14:08:53,736 INFO longbench_official_benchmark: config=fp16_baseline task=repobench-p progress=460/500
2026-03-24 14:09:47,238 INFO longbench_official_benchmark: config=fp16_baseline task=repobench-p progress=470/500
2026-03-24 14:10:40,092 INFO longbench_official_benchmark: config=fp16_baseline task=repobench-p progress=480/500
2026-03-24 14:11:41,661 INFO longbench_official_benchmark: config=fp16_baseline task=repobench-p progress=490/500
2026-03-24 14:12:32,733 INFO longbench_official_benchmark: config=fp16_baseline task=repobench-p progress=500/500
/usr/local/lib/python3.10/dist-packages/fuzzywuzzy/fuzz.py:11: UserWarning: Using slow pure-python SequenceMatcher. Install python-Levenshtein to remove this warning
  warnings.warn('Using slow pure-python SequenceMatcher. Install python-Levenshtein to remove this warning')
Building prefix dict from the default dictionary ...
Loading model from cache /tmp/jieba.cache
Loading model cost 0.567 seconds.
Prefix dict has been built successfully.
Evaluating on: ['trec.jsonl', 'qasper.jsonl', 'gov_report.jsonl', 'result.json', 'vcsum.jsonl', 'lcc.jsonl', 'multi_news.jsonl', 'dureader.jsonl', 'qmsum.jsonl', 'passage_retrieval_zh.jsonl', '2wikimqa.jsonl', 'passage_retrieval_en.jsonl', 'narrativeqa.jsonl', 'samsum.jsonl', 'multifieldqa_zh.jsonl', 'lsht.jsonl', 'multifieldqa_en.jsonl', 'passage_count.jsonl', 'repobench-p.jsonl', 'musique.jsonl', 'hotpotqa.jsonl', 'triviaqa.jsonl']
2026-03-24 14:13:12,004 INFO longbench_official_benchmark: Official eval completed for qwen14b_fp16_baseline
