/usr/local/lib/python3.10/dist-packages/torch/cuda/__init__.py:61: FutureWarning: The pynvml package is deprecated. Please install nvidia-ml-py instead. If you did not install pynvml directly, please report this to the maintainers of the package that installed pynvml for you.
  import pynvml  # type: ignore[import]
Sliding Window Attention is enabled but not implemented for `sdpa`; unexpected results may be encountered.
Loading checkpoint shards:   0%|          | 0/8 [00:00<?, ?it/s]Loading checkpoint shards:  12%|█▎        | 1/8 [00:01<00:07,  1.02s/it]Loading checkpoint shards:  25%|██▌       | 2/8 [00:01<00:05,  1.12it/s]Loading checkpoint shards:  38%|███▊      | 3/8 [00:02<00:04,  1.18it/s]Loading checkpoint shards:  50%|█████     | 4/8 [00:03<00:03,  1.20it/s]Loading checkpoint shards:  62%|██████▎   | 5/8 [00:04<00:02,  1.18it/s]Loading checkpoint shards:  75%|███████▌  | 6/8 [00:05<00:01,  1.20it/s]Loading checkpoint shards:  88%|████████▊ | 7/8 [00:05<00:00,  1.22it/s]Loading checkpoint shards: 100%|██████████| 8/8 [00:06<00:00,  1.14it/s]Loading checkpoint shards: 100%|██████████| 8/8 [00:06<00:00,  1.16it/s]
2026-03-26 17:09:32,153 INFO longbench_official_benchmark: config=delta_int2_k4_unigram_int4 task=narrativeqa progress=10/200
2026-03-26 17:11:23,862 INFO longbench_official_benchmark: config=delta_int2_k4_unigram_int4 task=narrativeqa progress=20/200
2026-03-26 17:14:12,212 INFO longbench_official_benchmark: config=delta_int2_k4_unigram_int4 task=narrativeqa progress=30/200
2026-03-26 17:16:30,940 INFO longbench_official_benchmark: config=delta_int2_k4_unigram_int4 task=narrativeqa progress=40/200
2026-03-26 17:19:07,638 INFO longbench_official_benchmark: config=delta_int2_k4_unigram_int4 task=narrativeqa progress=50/200
2026-03-26 17:22:15,213 INFO longbench_official_benchmark: config=delta_int2_k4_unigram_int4 task=narrativeqa progress=60/200
2026-03-26 17:24:12,240 INFO longbench_official_benchmark: config=delta_int2_k4_unigram_int4 task=narrativeqa progress=70/200
2026-03-26 17:26:33,384 INFO longbench_official_benchmark: config=delta_int2_k4_unigram_int4 task=narrativeqa progress=80/200
2026-03-26 17:29:00,356 INFO longbench_official_benchmark: config=delta_int2_k4_unigram_int4 task=narrativeqa progress=90/200
2026-03-26 17:31:10,443 INFO longbench_official_benchmark: config=delta_int2_k4_unigram_int4 task=narrativeqa progress=100/200
2026-03-26 17:34:05,790 INFO longbench_official_benchmark: config=delta_int2_k4_unigram_int4 task=narrativeqa progress=110/200
2026-03-26 17:37:03,565 INFO longbench_official_benchmark: config=delta_int2_k4_unigram_int4 task=narrativeqa progress=120/200
2026-03-26 17:39:45,557 INFO longbench_official_benchmark: config=delta_int2_k4_unigram_int4 task=narrativeqa progress=130/200
2026-03-26 17:41:45,769 INFO longbench_official_benchmark: config=delta_int2_k4_unigram_int4 task=narrativeqa progress=140/200
2026-03-26 17:43:54,742 INFO longbench_official_benchmark: config=delta_int2_k4_unigram_int4 task=narrativeqa progress=150/200
2026-03-26 17:46:19,116 INFO longbench_official_benchmark: config=delta_int2_k4_unigram_int4 task=narrativeqa progress=160/200
2026-03-26 17:48:24,824 INFO longbench_official_benchmark: config=delta_int2_k4_unigram_int4 task=narrativeqa progress=170/200
2026-03-26 17:50:38,437 INFO longbench_official_benchmark: config=delta_int2_k4_unigram_int4 task=narrativeqa progress=180/200
2026-03-26 17:52:42,342 INFO longbench_official_benchmark: config=delta_int2_k4_unigram_int4 task=narrativeqa progress=190/200
2026-03-26 17:55:23,120 INFO longbench_official_benchmark: config=delta_int2_k4_unigram_int4 task=narrativeqa progress=200/200
/usr/local/lib/python3.10/dist-packages/fuzzywuzzy/fuzz.py:11: UserWarning: Using slow pure-python SequenceMatcher. Install python-Levenshtein to remove this warning
  warnings.warn('Using slow pure-python SequenceMatcher. Install python-Levenshtein to remove this warning')
Evaluating on: ['narrativeqa.jsonl']
2026-03-26 17:55:23,426 INFO longbench_official_benchmark: task completed config=delta_int2_k4_unigram_int4 task=narrativeqa score=16.24 samples=200 summary=/root/ActivationPerturbationAnalysis/official_longbench/LongBench/pred/qwen14b_cpuonly_delta_int2_k4_unigram_int4/task_results.json
2026-03-26 17:55:51,992 INFO longbench_official_benchmark: config=delta_int2_k4_unigram_int4 task=qasper progress=10/200
2026-03-26 17:56:35,615 INFO longbench_official_benchmark: config=delta_int2_k4_unigram_int4 task=qasper progress=20/200
2026-03-26 17:57:02,892 INFO longbench_official_benchmark: config=delta_int2_k4_unigram_int4 task=qasper progress=30/200
2026-03-26 17:57:32,807 INFO longbench_official_benchmark: config=delta_int2_k4_unigram_int4 task=qasper progress=40/200
2026-03-26 17:57:57,467 INFO longbench_official_benchmark: config=delta_int2_k4_unigram_int4 task=qasper progress=50/200
2026-03-26 17:58:35,609 INFO longbench_official_benchmark: config=delta_int2_k4_unigram_int4 task=qasper progress=60/200
2026-03-26 17:59:04,100 INFO longbench_official_benchmark: config=delta_int2_k4_unigram_int4 task=qasper progress=70/200
2026-03-26 17:59:31,318 INFO longbench_official_benchmark: config=delta_int2_k4_unigram_int4 task=qasper progress=80/200
2026-03-26 17:59:57,010 INFO longbench_official_benchmark: config=delta_int2_k4_unigram_int4 task=qasper progress=90/200
2026-03-26 18:00:20,037 INFO longbench_official_benchmark: config=delta_int2_k4_unigram_int4 task=qasper progress=100/200
2026-03-26 18:00:47,635 INFO longbench_official_benchmark: config=delta_int2_k4_unigram_int4 task=qasper progress=110/200
2026-03-26 18:01:13,869 INFO longbench_official_benchmark: config=delta_int2_k4_unigram_int4 task=qasper progress=120/200
2026-03-26 18:01:43,156 INFO longbench_official_benchmark: config=delta_int2_k4_unigram_int4 task=qasper progress=130/200
2026-03-26 18:02:13,829 INFO longbench_official_benchmark: config=delta_int2_k4_unigram_int4 task=qasper progress=140/200
2026-03-26 18:02:40,412 INFO longbench_official_benchmark: config=delta_int2_k4_unigram_int4 task=qasper progress=150/200
2026-03-26 18:03:06,417 INFO longbench_official_benchmark: config=delta_int2_k4_unigram_int4 task=qasper progress=160/200
2026-03-26 18:03:33,100 INFO longbench_official_benchmark: config=delta_int2_k4_unigram_int4 task=qasper progress=170/200
2026-03-26 18:04:03,325 INFO longbench_official_benchmark: config=delta_int2_k4_unigram_int4 task=qasper progress=180/200
2026-03-26 18:04:27,221 INFO longbench_official_benchmark: config=delta_int2_k4_unigram_int4 task=qasper progress=190/200
2026-03-26 18:04:54,087 INFO longbench_official_benchmark: config=delta_int2_k4_unigram_int4 task=qasper progress=200/200
/usr/local/lib/python3.10/dist-packages/fuzzywuzzy/fuzz.py:11: UserWarning: Using slow pure-python SequenceMatcher. Install python-Levenshtein to remove this warning
  warnings.warn('Using slow pure-python SequenceMatcher. Install python-Levenshtein to remove this warning')
Evaluating on: ['qasper.jsonl', 'result.json', 'narrativeqa.jsonl', 'task_results.json']
2026-03-26 18:04:54,330 INFO longbench_official_benchmark: task completed config=delta_int2_k4_unigram_int4 task=qasper score=44.77 samples=200 summary=/root/ActivationPerturbationAnalysis/official_longbench/LongBench/pred/qwen14b_cpuonly_delta_int2_k4_unigram_int4/task_results.json
2026-03-26 18:05:38,555 INFO longbench_official_benchmark: config=delta_int2_k4_unigram_int4 task=multifieldqa_en progress=10/150
2026-03-26 18:06:29,540 INFO longbench_official_benchmark: config=delta_int2_k4_unigram_int4 task=multifieldqa_en progress=20/150
2026-03-26 18:07:10,616 INFO longbench_official_benchmark: config=delta_int2_k4_unigram_int4 task=multifieldqa_en progress=30/150
2026-03-26 18:07:48,568 INFO longbench_official_benchmark: config=delta_int2_k4_unigram_int4 task=multifieldqa_en progress=40/150
2026-03-26 18:08:23,630 INFO longbench_official_benchmark: config=delta_int2_k4_unigram_int4 task=multifieldqa_en progress=50/150
2026-03-26 18:08:51,919 INFO longbench_official_benchmark: config=delta_int2_k4_unigram_int4 task=multifieldqa_en progress=60/150
2026-03-26 18:09:32,743 INFO longbench_official_benchmark: config=delta_int2_k4_unigram_int4 task=multifieldqa_en progress=70/150
2026-03-26 18:10:15,279 INFO longbench_official_benchmark: config=delta_int2_k4_unigram_int4 task=multifieldqa_en progress=80/150
2026-03-26 18:10:52,653 INFO longbench_official_benchmark: config=delta_int2_k4_unigram_int4 task=multifieldqa_en progress=90/150
2026-03-26 18:11:47,226 INFO longbench_official_benchmark: config=delta_int2_k4_unigram_int4 task=multifieldqa_en progress=100/150
2026-03-26 18:12:37,528 INFO longbench_official_benchmark: config=delta_int2_k4_unigram_int4 task=multifieldqa_en progress=110/150
2026-03-26 18:13:26,302 INFO longbench_official_benchmark: config=delta_int2_k4_unigram_int4 task=multifieldqa_en progress=120/150
2026-03-26 18:14:02,022 INFO longbench_official_benchmark: config=delta_int2_k4_unigram_int4 task=multifieldqa_en progress=130/150
2026-03-26 18:14:48,430 INFO longbench_official_benchmark: config=delta_int2_k4_unigram_int4 task=multifieldqa_en progress=140/150
2026-03-26 18:15:29,857 INFO longbench_official_benchmark: config=delta_int2_k4_unigram_int4 task=multifieldqa_en progress=150/150
/usr/local/lib/python3.10/dist-packages/fuzzywuzzy/fuzz.py:11: UserWarning: Using slow pure-python SequenceMatcher. Install python-Levenshtein to remove this warning
  warnings.warn('Using slow pure-python SequenceMatcher. Install python-Levenshtein to remove this warning')
Evaluating on: ['qasper.jsonl', 'result.json', 'narrativeqa.jsonl', 'task_results.json', 'multifieldqa_en.jsonl']
2026-03-26 18:15:30,186 INFO longbench_official_benchmark: task completed config=delta_int2_k4_unigram_int4 task=multifieldqa_en score=54.77 samples=150 summary=/root/ActivationPerturbationAnalysis/official_longbench/LongBench/pred/qwen14b_cpuonly_delta_int2_k4_unigram_int4/task_results.json
2026-03-26 18:15:50,961 INFO longbench_official_benchmark: config=delta_int2_k4_unigram_int4 task=multifieldqa_zh progress=10/200
2026-03-26 18:16:15,232 INFO longbench_official_benchmark: config=delta_int2_k4_unigram_int4 task=multifieldqa_zh progress=20/200
2026-03-26 18:16:40,437 INFO longbench_official_benchmark: config=delta_int2_k4_unigram_int4 task=multifieldqa_zh progress=30/200
2026-03-26 18:17:06,412 INFO longbench_official_benchmark: config=delta_int2_k4_unigram_int4 task=multifieldqa_zh progress=40/200
2026-03-26 18:17:32,692 INFO longbench_official_benchmark: config=delta_int2_k4_unigram_int4 task=multifieldqa_zh progress=50/200
2026-03-26 18:17:56,706 INFO longbench_official_benchmark: config=delta_int2_k4_unigram_int4 task=multifieldqa_zh progress=60/200
2026-03-26 18:18:24,770 INFO longbench_official_benchmark: config=delta_int2_k4_unigram_int4 task=multifieldqa_zh progress=70/200
2026-03-26 18:18:44,191 INFO longbench_official_benchmark: config=delta_int2_k4_unigram_int4 task=multifieldqa_zh progress=80/200
2026-03-26 18:19:14,364 INFO longbench_official_benchmark: config=delta_int2_k4_unigram_int4 task=multifieldqa_zh progress=90/200
2026-03-26 18:19:34,003 INFO longbench_official_benchmark: config=delta_int2_k4_unigram_int4 task=multifieldqa_zh progress=100/200
2026-03-26 18:19:55,808 INFO longbench_official_benchmark: config=delta_int2_k4_unigram_int4 task=multifieldqa_zh progress=110/200
2026-03-26 18:20:16,742 INFO longbench_official_benchmark: config=delta_int2_k4_unigram_int4 task=multifieldqa_zh progress=120/200
2026-03-26 18:20:42,477 INFO longbench_official_benchmark: config=delta_int2_k4_unigram_int4 task=multifieldqa_zh progress=130/200
2026-03-26 18:21:15,327 INFO longbench_official_benchmark: config=delta_int2_k4_unigram_int4 task=multifieldqa_zh progress=140/200
2026-03-26 18:21:46,879 INFO longbench_official_benchmark: config=delta_int2_k4_unigram_int4 task=multifieldqa_zh progress=150/200
2026-03-26 18:22:13,836 INFO longbench_official_benchmark: config=delta_int2_k4_unigram_int4 task=multifieldqa_zh progress=160/200
2026-03-26 18:22:44,755 INFO longbench_official_benchmark: config=delta_int2_k4_unigram_int4 task=multifieldqa_zh progress=170/200
2026-03-26 18:23:13,395 INFO longbench_official_benchmark: config=delta_int2_k4_unigram_int4 task=multifieldqa_zh progress=180/200
2026-03-26 18:23:42,309 INFO longbench_official_benchmark: config=delta_int2_k4_unigram_int4 task=multifieldqa_zh progress=190/200
2026-03-26 18:24:08,503 INFO longbench_official_benchmark: config=delta_int2_k4_unigram_int4 task=multifieldqa_zh progress=200/200
/usr/local/lib/python3.10/dist-packages/fuzzywuzzy/fuzz.py:11: UserWarning: Using slow pure-python SequenceMatcher. Install python-Levenshtein to remove this warning
  warnings.warn('Using slow pure-python SequenceMatcher. Install python-Levenshtein to remove this warning')
Building prefix dict from the default dictionary ...
Loading model from cache /tmp/jieba.cache
Loading model cost 0.561 seconds.
Prefix dict has been built successfully.
Evaluating on: ['qasper.jsonl', 'result.json', 'narrativeqa.jsonl', 'task_results.json', 'multifieldqa_zh.jsonl', 'multifieldqa_en.jsonl']
2026-03-26 18:24:09,433 INFO longbench_official_benchmark: task completed config=delta_int2_k4_unigram_int4 task=multifieldqa_zh score=63.05 samples=200 summary=/root/ActivationPerturbationAnalysis/official_longbench/LongBench/pred/qwen14b_cpuonly_delta_int2_k4_unigram_int4/task_results.json
2026-03-26 18:25:09,425 INFO longbench_official_benchmark: config=delta_int2_k4_unigram_int4 task=hotpotqa progress=10/200
2026-03-26 18:26:11,751 INFO longbench_official_benchmark: config=delta_int2_k4_unigram_int4 task=hotpotqa progress=20/200
2026-03-26 18:27:03,575 INFO longbench_official_benchmark: config=delta_int2_k4_unigram_int4 task=hotpotqa progress=30/200
2026-03-26 18:28:15,058 INFO longbench_official_benchmark: config=delta_int2_k4_unigram_int4 task=hotpotqa progress=40/200
2026-03-26 18:29:17,714 INFO longbench_official_benchmark: config=delta_int2_k4_unigram_int4 task=hotpotqa progress=50/200
2026-03-26 18:30:17,376 INFO longbench_official_benchmark: config=delta_int2_k4_unigram_int4 task=hotpotqa progress=60/200
2026-03-26 18:31:19,786 INFO longbench_official_benchmark: config=delta_int2_k4_unigram_int4 task=hotpotqa progress=70/200
2026-03-26 18:32:13,936 INFO longbench_official_benchmark: config=delta_int2_k4_unigram_int4 task=hotpotqa progress=80/200
2026-03-26 18:33:13,459 INFO longbench_official_benchmark: config=delta_int2_k4_unigram_int4 task=hotpotqa progress=90/200
2026-03-26 18:34:19,238 INFO longbench_official_benchmark: config=delta_int2_k4_unigram_int4 task=hotpotqa progress=100/200
2026-03-26 18:35:25,248 INFO longbench_official_benchmark: config=delta_int2_k4_unigram_int4 task=hotpotqa progress=110/200
2026-03-26 18:36:28,039 INFO longbench_official_benchmark: config=delta_int2_k4_unigram_int4 task=hotpotqa progress=120/200
2026-03-26 18:37:15,852 INFO longbench_official_benchmark: config=delta_int2_k4_unigram_int4 task=hotpotqa progress=130/200
2026-03-26 18:38:12,182 INFO longbench_official_benchmark: config=delta_int2_k4_unigram_int4 task=hotpotqa progress=140/200
2026-03-26 18:39:20,576 INFO longbench_official_benchmark: config=delta_int2_k4_unigram_int4 task=hotpotqa progress=150/200
2026-03-26 18:40:18,825 INFO longbench_official_benchmark: config=delta_int2_k4_unigram_int4 task=hotpotqa progress=160/200
2026-03-26 18:41:15,060 INFO longbench_official_benchmark: config=delta_int2_k4_unigram_int4 task=hotpotqa progress=170/200
2026-03-26 18:42:18,002 INFO longbench_official_benchmark: config=delta_int2_k4_unigram_int4 task=hotpotqa progress=180/200
2026-03-26 18:43:13,373 INFO longbench_official_benchmark: config=delta_int2_k4_unigram_int4 task=hotpotqa progress=190/200
2026-03-26 18:44:04,577 INFO longbench_official_benchmark: config=delta_int2_k4_unigram_int4 task=hotpotqa progress=200/200
/usr/local/lib/python3.10/dist-packages/fuzzywuzzy/fuzz.py:11: UserWarning: Using slow pure-python SequenceMatcher. Install python-Levenshtein to remove this warning
  warnings.warn('Using slow pure-python SequenceMatcher. Install python-Levenshtein to remove this warning')
Building prefix dict from the default dictionary ...
Loading model from cache /tmp/jieba.cache
Loading model cost 0.564 seconds.
Prefix dict has been built successfully.
Evaluating on: ['qasper.jsonl', 'result.json', 'narrativeqa.jsonl', 'task_results.json', 'multifieldqa_zh.jsonl', 'multifieldqa_en.jsonl', 'hotpotqa.jsonl']
2026-03-26 18:44:05,462 INFO longbench_official_benchmark: task completed config=delta_int2_k4_unigram_int4 task=hotpotqa score=62.74 samples=200 summary=/root/ActivationPerturbationAnalysis/official_longbench/LongBench/pred/qwen14b_cpuonly_delta_int2_k4_unigram_int4/task_results.json
2026-03-26 18:44:41,220 INFO longbench_official_benchmark: config=delta_int2_k4_unigram_int4 task=2wikimqa progress=10/200
2026-03-26 18:45:13,048 INFO longbench_official_benchmark: config=delta_int2_k4_unigram_int4 task=2wikimqa progress=20/200
2026-03-26 18:45:45,471 INFO longbench_official_benchmark: config=delta_int2_k4_unigram_int4 task=2wikimqa progress=30/200
2026-03-26 18:46:20,926 INFO longbench_official_benchmark: config=delta_int2_k4_unigram_int4 task=2wikimqa progress=40/200
2026-03-26 18:46:51,673 INFO longbench_official_benchmark: config=delta_int2_k4_unigram_int4 task=2wikimqa progress=50/200
2026-03-26 18:47:22,873 INFO longbench_official_benchmark: config=delta_int2_k4_unigram_int4 task=2wikimqa progress=60/200
2026-03-26 18:47:47,845 INFO longbench_official_benchmark: config=delta_int2_k4_unigram_int4 task=2wikimqa progress=70/200
2026-03-26 18:48:20,746 INFO longbench_official_benchmark: config=delta_int2_k4_unigram_int4 task=2wikimqa progress=80/200
2026-03-26 18:48:57,727 INFO longbench_official_benchmark: config=delta_int2_k4_unigram_int4 task=2wikimqa progress=90/200
2026-03-26 18:49:37,653 INFO longbench_official_benchmark: config=delta_int2_k4_unigram_int4 task=2wikimqa progress=100/200
2026-03-26 18:50:05,306 INFO longbench_official_benchmark: config=delta_int2_k4_unigram_int4 task=2wikimqa progress=110/200
2026-03-26 18:50:32,780 INFO longbench_official_benchmark: config=delta_int2_k4_unigram_int4 task=2wikimqa progress=120/200
2026-03-26 18:51:03,667 INFO longbench_official_benchmark: config=delta_int2_k4_unigram_int4 task=2wikimqa progress=130/200
2026-03-26 18:51:35,165 INFO longbench_official_benchmark: config=delta_int2_k4_unigram_int4 task=2wikimqa progress=140/200
2026-03-26 18:52:12,060 INFO longbench_official_benchmark: config=delta_int2_k4_unigram_int4 task=2wikimqa progress=150/200
2026-03-26 18:52:58,276 INFO longbench_official_benchmark: config=delta_int2_k4_unigram_int4 task=2wikimqa progress=160/200
2026-03-26 18:53:32,070 INFO longbench_official_benchmark: config=delta_int2_k4_unigram_int4 task=2wikimqa progress=170/200
2026-03-26 18:54:13,540 INFO longbench_official_benchmark: config=delta_int2_k4_unigram_int4 task=2wikimqa progress=180/200
2026-03-26 18:54:40,047 INFO longbench_official_benchmark: config=delta_int2_k4_unigram_int4 task=2wikimqa progress=190/200
2026-03-26 18:55:18,048 INFO longbench_official_benchmark: config=delta_int2_k4_unigram_int4 task=2wikimqa progress=200/200
/usr/local/lib/python3.10/dist-packages/fuzzywuzzy/fuzz.py:11: UserWarning: Using slow pure-python SequenceMatcher. Install python-Levenshtein to remove this warning
  warnings.warn('Using slow pure-python SequenceMatcher. Install python-Levenshtein to remove this warning')
Building prefix dict from the default dictionary ...
Loading model from cache /tmp/jieba.cache
Loading model cost 0.571 seconds.
Prefix dict has been built successfully.
Evaluating on: ['qasper.jsonl', 'result.json', '2wikimqa.jsonl', 'narrativeqa.jsonl', 'task_results.json', 'multifieldqa_zh.jsonl', 'multifieldqa_en.jsonl', 'hotpotqa.jsonl']
2026-03-26 18:55:19,385 INFO longbench_official_benchmark: task completed config=delta_int2_k4_unigram_int4 task=2wikimqa score=58.64 samples=200 summary=/root/ActivationPerturbationAnalysis/official_longbench/LongBench/pred/qwen14b_cpuonly_delta_int2_k4_unigram_int4/task_results.json
2026-03-26 18:56:31,488 INFO longbench_official_benchmark: config=delta_int2_k4_unigram_int4 task=musique progress=10/200
2026-03-26 18:57:48,620 INFO longbench_official_benchmark: config=delta_int2_k4_unigram_int4 task=musique progress=20/200
2026-03-26 18:59:04,806 INFO longbench_official_benchmark: config=delta_int2_k4_unigram_int4 task=musique progress=30/200
2026-03-26 19:00:13,886 INFO longbench_official_benchmark: config=delta_int2_k4_unigram_int4 task=musique progress=40/200
2026-03-26 19:01:31,211 INFO longbench_official_benchmark: config=delta_int2_k4_unigram_int4 task=musique progress=50/200
2026-03-26 19:02:46,102 INFO longbench_official_benchmark: config=delta_int2_k4_unigram_int4 task=musique progress=60/200
2026-03-26 19:03:55,125 INFO longbench_official_benchmark: config=delta_int2_k4_unigram_int4 task=musique progress=70/200
2026-03-26 19:05:11,886 INFO longbench_official_benchmark: config=delta_int2_k4_unigram_int4 task=musique progress=80/200
2026-03-26 19:06:29,807 INFO longbench_official_benchmark: config=delta_int2_k4_unigram_int4 task=musique progress=90/200
2026-03-26 19:07:44,329 INFO longbench_official_benchmark: config=delta_int2_k4_unigram_int4 task=musique progress=100/200
2026-03-26 19:08:56,443 INFO longbench_official_benchmark: config=delta_int2_k4_unigram_int4 task=musique progress=110/200
2026-03-26 19:10:14,030 INFO longbench_official_benchmark: config=delta_int2_k4_unigram_int4 task=musique progress=120/200
2026-03-26 19:11:29,024 INFO longbench_official_benchmark: config=delta_int2_k4_unigram_int4 task=musique progress=130/200
2026-03-26 19:12:41,090 INFO longbench_official_benchmark: config=delta_int2_k4_unigram_int4 task=musique progress=140/200
2026-03-26 19:14:00,371 INFO longbench_official_benchmark: config=delta_int2_k4_unigram_int4 task=musique progress=150/200
2026-03-26 19:15:24,648 INFO longbench_official_benchmark: config=delta_int2_k4_unigram_int4 task=musique progress=160/200
2026-03-26 19:16:37,992 INFO longbench_official_benchmark: config=delta_int2_k4_unigram_int4 task=musique progress=170/200
2026-03-26 19:17:52,160 INFO longbench_official_benchmark: config=delta_int2_k4_unigram_int4 task=musique progress=180/200
2026-03-26 19:19:08,329 INFO longbench_official_benchmark: config=delta_int2_k4_unigram_int4 task=musique progress=190/200
2026-03-26 19:20:16,983 INFO longbench_official_benchmark: config=delta_int2_k4_unigram_int4 task=musique progress=200/200
/usr/local/lib/python3.10/dist-packages/fuzzywuzzy/fuzz.py:11: UserWarning: Using slow pure-python SequenceMatcher. Install python-Levenshtein to remove this warning
  warnings.warn('Using slow pure-python SequenceMatcher. Install python-Levenshtein to remove this warning')
Building prefix dict from the default dictionary ...
Loading model from cache /tmp/jieba.cache
Loading model cost 0.577 seconds.
Prefix dict has been built successfully.
Evaluating on: ['qasper.jsonl', 'result.json', '2wikimqa.jsonl', 'narrativeqa.jsonl', 'task_results.json', 'multifieldqa_zh.jsonl', 'multifieldqa_en.jsonl', 'musique.jsonl', 'hotpotqa.jsonl']
2026-03-26 19:20:17,971 INFO longbench_official_benchmark: task completed config=delta_int2_k4_unigram_int4 task=musique score=38.19 samples=200 summary=/root/ActivationPerturbationAnalysis/official_longbench/LongBench/pred/qwen14b_cpuonly_delta_int2_k4_unigram_int4/task_results.json
2026-03-26 19:22:09,578 INFO longbench_official_benchmark: config=delta_int2_k4_unigram_int4 task=dureader progress=10/200
2026-03-26 19:23:56,013 INFO longbench_official_benchmark: config=delta_int2_k4_unigram_int4 task=dureader progress=20/200
2026-03-26 19:25:50,333 INFO longbench_official_benchmark: config=delta_int2_k4_unigram_int4 task=dureader progress=30/200
2026-03-26 19:27:40,049 INFO longbench_official_benchmark: config=delta_int2_k4_unigram_int4 task=dureader progress=40/200
2026-03-26 19:29:32,765 INFO longbench_official_benchmark: config=delta_int2_k4_unigram_int4 task=dureader progress=50/200
2026-03-26 19:31:24,909 INFO longbench_official_benchmark: config=delta_int2_k4_unigram_int4 task=dureader progress=60/200
2026-03-26 19:33:16,481 INFO longbench_official_benchmark: config=delta_int2_k4_unigram_int4 task=dureader progress=70/200
2026-03-26 19:35:01,573 INFO longbench_official_benchmark: config=delta_int2_k4_unigram_int4 task=dureader progress=80/200
2026-03-26 19:36:57,545 INFO longbench_official_benchmark: config=delta_int2_k4_unigram_int4 task=dureader progress=90/200
2026-03-26 19:38:35,524 INFO longbench_official_benchmark: config=delta_int2_k4_unigram_int4 task=dureader progress=100/200
2026-03-26 19:40:38,375 INFO longbench_official_benchmark: config=delta_int2_k4_unigram_int4 task=dureader progress=110/200
2026-03-26 19:42:30,018 INFO longbench_official_benchmark: config=delta_int2_k4_unigram_int4 task=dureader progress=120/200
2026-03-26 19:44:25,013 INFO longbench_official_benchmark: config=delta_int2_k4_unigram_int4 task=dureader progress=130/200
2026-03-26 19:46:17,467 INFO longbench_official_benchmark: config=delta_int2_k4_unigram_int4 task=dureader progress=140/200
2026-03-26 19:48:14,672 INFO longbench_official_benchmark: config=delta_int2_k4_unigram_int4 task=dureader progress=150/200
2026-03-26 19:49:55,878 INFO longbench_official_benchmark: config=delta_int2_k4_unigram_int4 task=dureader progress=160/200
2026-03-26 19:51:57,780 INFO longbench_official_benchmark: config=delta_int2_k4_unigram_int4 task=dureader progress=170/200
2026-03-26 19:53:44,903 INFO longbench_official_benchmark: config=delta_int2_k4_unigram_int4 task=dureader progress=180/200
2026-03-26 19:55:32,416 INFO longbench_official_benchmark: config=delta_int2_k4_unigram_int4 task=dureader progress=190/200
2026-03-26 19:57:19,302 INFO longbench_official_benchmark: config=delta_int2_k4_unigram_int4 task=dureader progress=200/200
/usr/local/lib/python3.10/dist-packages/fuzzywuzzy/fuzz.py:11: UserWarning: Using slow pure-python SequenceMatcher. Install python-Levenshtein to remove this warning
  warnings.warn('Using slow pure-python SequenceMatcher. Install python-Levenshtein to remove this warning')
Building prefix dict from the default dictionary ...
Loading model from cache /tmp/jieba.cache
Loading model cost 0.565 seconds.
Prefix dict has been built successfully.
Evaluating on: ['qasper.jsonl', 'result.json', 'dureader.jsonl', '2wikimqa.jsonl', 'narrativeqa.jsonl', 'task_results.json', 'multifieldqa_zh.jsonl', 'multifieldqa_en.jsonl', 'musique.jsonl', 'hotpotqa.jsonl']
2026-03-26 19:57:22,446 INFO longbench_official_benchmark: task completed config=delta_int2_k4_unigram_int4 task=dureader score=31.58 samples=200 summary=/root/ActivationPerturbationAnalysis/official_longbench/LongBench/pred/qwen14b_cpuonly_delta_int2_k4_unigram_int4/task_results.json
2026-03-26 20:02:26,534 INFO longbench_official_benchmark: config=delta_int2_k4_unigram_int4 task=gov_report progress=10/200
2026-03-26 20:07:19,374 INFO longbench_official_benchmark: config=delta_int2_k4_unigram_int4 task=gov_report progress=20/200
2026-03-26 20:12:39,555 INFO longbench_official_benchmark: config=delta_int2_k4_unigram_int4 task=gov_report progress=30/200
2026-03-26 20:16:41,095 INFO longbench_official_benchmark: config=delta_int2_k4_unigram_int4 task=gov_report progress=40/200
2026-03-26 20:22:46,176 INFO longbench_official_benchmark: config=delta_int2_k4_unigram_int4 task=gov_report progress=50/200
2026-03-26 20:28:40,494 INFO longbench_official_benchmark: config=delta_int2_k4_unigram_int4 task=gov_report progress=60/200
2026-03-26 20:33:16,742 INFO longbench_official_benchmark: config=delta_int2_k4_unigram_int4 task=gov_report progress=70/200
2026-03-26 20:37:56,170 INFO longbench_official_benchmark: config=delta_int2_k4_unigram_int4 task=gov_report progress=80/200
2026-03-26 20:42:03,663 INFO longbench_official_benchmark: config=delta_int2_k4_unigram_int4 task=gov_report progress=90/200
2026-03-26 20:47:13,323 INFO longbench_official_benchmark: config=delta_int2_k4_unigram_int4 task=gov_report progress=100/200
2026-03-26 20:51:04,077 INFO longbench_official_benchmark: config=delta_int2_k4_unigram_int4 task=gov_report progress=110/200
2026-03-26 20:56:05,742 INFO longbench_official_benchmark: config=delta_int2_k4_unigram_int4 task=gov_report progress=120/200
2026-03-26 21:01:34,217 INFO longbench_official_benchmark: config=delta_int2_k4_unigram_int4 task=gov_report progress=130/200
2026-03-26 21:05:37,721 INFO longbench_official_benchmark: config=delta_int2_k4_unigram_int4 task=gov_report progress=140/200
2026-03-26 21:09:21,293 INFO longbench_official_benchmark: config=delta_int2_k4_unigram_int4 task=gov_report progress=150/200
2026-03-26 21:13:45,830 INFO longbench_official_benchmark: config=delta_int2_k4_unigram_int4 task=gov_report progress=160/200
2026-03-26 21:17:10,175 INFO longbench_official_benchmark: config=delta_int2_k4_unigram_int4 task=gov_report progress=170/200
2026-03-26 21:22:22,973 INFO longbench_official_benchmark: config=delta_int2_k4_unigram_int4 task=gov_report progress=180/200
2026-03-26 21:26:39,789 INFO longbench_official_benchmark: config=delta_int2_k4_unigram_int4 task=gov_report progress=190/200
2026-03-26 21:30:43,300 INFO longbench_official_benchmark: config=delta_int2_k4_unigram_int4 task=gov_report progress=200/200
/usr/local/lib/python3.10/dist-packages/fuzzywuzzy/fuzz.py:11: UserWarning: Using slow pure-python SequenceMatcher. Install python-Levenshtein to remove this warning
  warnings.warn('Using slow pure-python SequenceMatcher. Install python-Levenshtein to remove this warning')
Building prefix dict from the default dictionary ...
Loading model from cache /tmp/jieba.cache
Loading model cost 0.573 seconds.
Prefix dict has been built successfully.
Evaluating on: ['qasper.jsonl', 'gov_report.jsonl', 'result.json', 'dureader.jsonl', '2wikimqa.jsonl', 'narrativeqa.jsonl', 'task_results.json', 'multifieldqa_zh.jsonl', 'multifieldqa_en.jsonl', 'musique.jsonl', 'hotpotqa.jsonl']
2026-03-26 21:31:07,542 INFO longbench_official_benchmark: task completed config=delta_int2_k4_unigram_int4 task=gov_report score=32.48 samples=200 summary=/root/ActivationPerturbationAnalysis/official_longbench/LongBench/pred/qwen14b_cpuonly_delta_int2_k4_unigram_int4/task_results.json
2026-03-26 21:33:00,257 INFO longbench_official_benchmark: config=delta_int2_k4_unigram_int4 task=qmsum progress=10/200
2026-03-26 21:35:02,219 INFO longbench_official_benchmark: config=delta_int2_k4_unigram_int4 task=qmsum progress=20/200
2026-03-26 21:37:17,701 INFO longbench_official_benchmark: config=delta_int2_k4_unigram_int4 task=qmsum progress=30/200
2026-03-26 21:39:36,586 INFO longbench_official_benchmark: config=delta_int2_k4_unigram_int4 task=qmsum progress=40/200
2026-03-26 21:41:16,766 INFO longbench_official_benchmark: config=delta_int2_k4_unigram_int4 task=qmsum progress=50/200
2026-03-26 21:43:01,447 INFO longbench_official_benchmark: config=delta_int2_k4_unigram_int4 task=qmsum progress=60/200
2026-03-26 21:45:05,457 INFO longbench_official_benchmark: config=delta_int2_k4_unigram_int4 task=qmsum progress=70/200
2026-03-26 21:47:11,343 INFO longbench_official_benchmark: config=delta_int2_k4_unigram_int4 task=qmsum progress=80/200
2026-03-26 21:49:47,630 INFO longbench_official_benchmark: config=delta_int2_k4_unigram_int4 task=qmsum progress=90/200
2026-03-26 21:52:09,412 INFO longbench_official_benchmark: config=delta_int2_k4_unigram_int4 task=qmsum progress=100/200
2026-03-26 21:53:55,726 INFO longbench_official_benchmark: config=delta_int2_k4_unigram_int4 task=qmsum progress=110/200
2026-03-26 21:56:23,663 INFO longbench_official_benchmark: config=delta_int2_k4_unigram_int4 task=qmsum progress=120/200
2026-03-26 21:58:34,695 INFO longbench_official_benchmark: config=delta_int2_k4_unigram_int4 task=qmsum progress=130/200
2026-03-26 22:00:57,073 INFO longbench_official_benchmark: config=delta_int2_k4_unigram_int4 task=qmsum progress=140/200
2026-03-26 22:03:08,934 INFO longbench_official_benchmark: config=delta_int2_k4_unigram_int4 task=qmsum progress=150/200
2026-03-26 22:05:07,359 INFO longbench_official_benchmark: config=delta_int2_k4_unigram_int4 task=qmsum progress=160/200
2026-03-26 22:07:13,974 INFO longbench_official_benchmark: config=delta_int2_k4_unigram_int4 task=qmsum progress=170/200
2026-03-26 22:09:19,034 INFO longbench_official_benchmark: config=delta_int2_k4_unigram_int4 task=qmsum progress=180/200
2026-03-26 22:11:49,991 INFO longbench_official_benchmark: config=delta_int2_k4_unigram_int4 task=qmsum progress=190/200
2026-03-26 22:13:40,692 INFO longbench_official_benchmark: config=delta_int2_k4_unigram_int4 task=qmsum progress=200/200
/usr/local/lib/python3.10/dist-packages/fuzzywuzzy/fuzz.py:11: UserWarning: Using slow pure-python SequenceMatcher. Install python-Levenshtein to remove this warning
  warnings.warn('Using slow pure-python SequenceMatcher. Install python-Levenshtein to remove this warning')
Building prefix dict from the default dictionary ...
Loading model from cache /tmp/jieba.cache
Loading model cost 0.572 seconds.
Prefix dict has been built successfully.
Evaluating on: ['qasper.jsonl', 'gov_report.jsonl', 'result.json', 'dureader.jsonl', 'qmsum.jsonl', '2wikimqa.jsonl', 'narrativeqa.jsonl', 'task_results.json', 'multifieldqa_zh.jsonl', 'multifieldqa_en.jsonl', 'musique.jsonl', 'hotpotqa.jsonl']
2026-03-26 22:14:05,781 INFO longbench_official_benchmark: task completed config=delta_int2_k4_unigram_int4 task=qmsum score=24.34 samples=200 summary=/root/ActivationPerturbationAnalysis/official_longbench/LongBench/pred/qwen14b_cpuonly_delta_int2_k4_unigram_int4/task_results.json
2026-03-26 22:16:49,274 INFO longbench_official_benchmark: config=delta_int2_k4_unigram_int4 task=multi_news progress=10/200
2026-03-26 22:19:40,940 INFO longbench_official_benchmark: config=delta_int2_k4_unigram_int4 task=multi_news progress=20/200
2026-03-26 22:22:38,935 INFO longbench_official_benchmark: config=delta_int2_k4_unigram_int4 task=multi_news progress=30/200
2026-03-26 22:25:14,208 INFO longbench_official_benchmark: config=delta_int2_k4_unigram_int4 task=multi_news progress=40/200
2026-03-26 22:28:16,866 INFO longbench_official_benchmark: config=delta_int2_k4_unigram_int4 task=multi_news progress=50/200
2026-03-26 22:31:36,940 INFO longbench_official_benchmark: config=delta_int2_k4_unigram_int4 task=multi_news progress=60/200
2026-03-26 22:34:17,324 INFO longbench_official_benchmark: config=delta_int2_k4_unigram_int4 task=multi_news progress=70/200
2026-03-26 22:37:20,650 INFO longbench_official_benchmark: config=delta_int2_k4_unigram_int4 task=multi_news progress=80/200
2026-03-26 22:40:36,428 INFO longbench_official_benchmark: config=delta_int2_k4_unigram_int4 task=multi_news progress=90/200
2026-03-26 22:43:15,228 INFO longbench_official_benchmark: config=delta_int2_k4_unigram_int4 task=multi_news progress=100/200
2026-03-26 22:46:17,457 INFO longbench_official_benchmark: config=delta_int2_k4_unigram_int4 task=multi_news progress=110/200
2026-03-26 22:49:03,791 INFO longbench_official_benchmark: config=delta_int2_k4_unigram_int4 task=multi_news progress=120/200
2026-03-26 22:51:52,731 INFO longbench_official_benchmark: config=delta_int2_k4_unigram_int4 task=multi_news progress=130/200
2026-03-26 22:54:45,908 INFO longbench_official_benchmark: config=delta_int2_k4_unigram_int4 task=multi_news progress=140/200
2026-03-26 22:57:38,174 INFO longbench_official_benchmark: config=delta_int2_k4_unigram_int4 task=multi_news progress=150/200
2026-03-26 23:00:28,957 INFO longbench_official_benchmark: config=delta_int2_k4_unigram_int4 task=multi_news progress=160/200
2026-03-26 23:03:17,100 INFO longbench_official_benchmark: config=delta_int2_k4_unigram_int4 task=multi_news progress=170/200
2026-03-26 23:05:50,623 INFO longbench_official_benchmark: config=delta_int2_k4_unigram_int4 task=multi_news progress=180/200
2026-03-26 23:08:47,015 INFO longbench_official_benchmark: config=delta_int2_k4_unigram_int4 task=multi_news progress=190/200
2026-03-26 23:11:22,670 INFO longbench_official_benchmark: config=delta_int2_k4_unigram_int4 task=multi_news progress=200/200
/usr/local/lib/python3.10/dist-packages/fuzzywuzzy/fuzz.py:11: UserWarning: Using slow pure-python SequenceMatcher. Install python-Levenshtein to remove this warning
  warnings.warn('Using slow pure-python SequenceMatcher. Install python-Levenshtein to remove this warning')
Building prefix dict from the default dictionary ...
Loading model from cache /tmp/jieba.cache
Loading model cost 0.565 seconds.
Prefix dict has been built successfully.
Evaluating on: ['qasper.jsonl', 'gov_report.jsonl', 'result.json', 'multi_news.jsonl', 'dureader.jsonl', 'qmsum.jsonl', '2wikimqa.jsonl', 'narrativeqa.jsonl', 'task_results.json', 'multifieldqa_zh.jsonl', 'multifieldqa_en.jsonl', 'musique.jsonl', 'hotpotqa.jsonl']
2026-03-26 23:11:56,278 INFO longbench_official_benchmark: task completed config=delta_int2_k4_unigram_int4 task=multi_news score=24.55 samples=200 summary=/root/ActivationPerturbationAnalysis/official_longbench/LongBench/pred/qwen14b_cpuonly_delta_int2_k4_unigram_int4/task_results.json
2026-03-26 23:15:12,686 INFO longbench_official_benchmark: config=delta_int2_k4_unigram_int4 task=vcsum progress=10/200
2026-03-26 23:18:35,014 INFO longbench_official_benchmark: config=delta_int2_k4_unigram_int4 task=vcsum progress=20/200
2026-03-26 23:22:51,893 INFO longbench_official_benchmark: config=delta_int2_k4_unigram_int4 task=vcsum progress=30/200
2026-03-26 23:26:25,807 INFO longbench_official_benchmark: config=delta_int2_k4_unigram_int4 task=vcsum progress=40/200
2026-03-26 23:30:16,997 INFO longbench_official_benchmark: config=delta_int2_k4_unigram_int4 task=vcsum progress=50/200
2026-03-26 23:33:44,828 INFO longbench_official_benchmark: config=delta_int2_k4_unigram_int4 task=vcsum progress=60/200
2026-03-26 23:37:20,043 INFO longbench_official_benchmark: config=delta_int2_k4_unigram_int4 task=vcsum progress=70/200
2026-03-26 23:40:35,210 INFO longbench_official_benchmark: config=delta_int2_k4_unigram_int4 task=vcsum progress=80/200
2026-03-26 23:44:20,012 INFO longbench_official_benchmark: config=delta_int2_k4_unigram_int4 task=vcsum progress=90/200
2026-03-26 23:47:36,425 INFO longbench_official_benchmark: config=delta_int2_k4_unigram_int4 task=vcsum progress=100/200
2026-03-26 23:51:15,559 INFO longbench_official_benchmark: config=delta_int2_k4_unigram_int4 task=vcsum progress=110/200
2026-03-26 23:54:08,678 INFO longbench_official_benchmark: config=delta_int2_k4_unigram_int4 task=vcsum progress=120/200
2026-03-26 23:57:18,564 INFO longbench_official_benchmark: config=delta_int2_k4_unigram_int4 task=vcsum progress=130/200
2026-03-27 00:00:02,651 INFO longbench_official_benchmark: config=delta_int2_k4_unigram_int4 task=vcsum progress=140/200
2026-03-27 00:03:44,564 INFO longbench_official_benchmark: config=delta_int2_k4_unigram_int4 task=vcsum progress=150/200
2026-03-27 00:08:15,001 INFO longbench_official_benchmark: config=delta_int2_k4_unigram_int4 task=vcsum progress=160/200
2026-03-27 00:11:42,559 INFO longbench_official_benchmark: config=delta_int2_k4_unigram_int4 task=vcsum progress=170/200
2026-03-27 00:14:48,827 INFO longbench_official_benchmark: config=delta_int2_k4_unigram_int4 task=vcsum progress=180/200
2026-03-27 00:18:43,932 INFO longbench_official_benchmark: config=delta_int2_k4_unigram_int4 task=vcsum progress=190/200
2026-03-27 00:22:01,500 INFO longbench_official_benchmark: config=delta_int2_k4_unigram_int4 task=vcsum progress=200/200
/usr/local/lib/python3.10/dist-packages/fuzzywuzzy/fuzz.py:11: UserWarning: Using slow pure-python SequenceMatcher. Install python-Levenshtein to remove this warning
  warnings.warn('Using slow pure-python SequenceMatcher. Install python-Levenshtein to remove this warning')
Building prefix dict from the default dictionary ...
Loading model from cache /tmp/jieba.cache
Loading model cost 0.579 seconds.
Prefix dict has been built successfully.
Evaluating on: ['qasper.jsonl', 'gov_report.jsonl', 'result.json', 'vcsum.jsonl', 'multi_news.jsonl', 'dureader.jsonl', 'qmsum.jsonl', '2wikimqa.jsonl', 'narrativeqa.jsonl', 'task_results.json', 'multifieldqa_zh.jsonl', 'multifieldqa_en.jsonl', 'musique.jsonl', 'hotpotqa.jsonl']
2026-03-27 00:22:40,548 INFO longbench_official_benchmark: task completed config=delta_int2_k4_unigram_int4 task=vcsum score=15.87 samples=200 summary=/root/ActivationPerturbationAnalysis/official_longbench/LongBench/pred/qwen14b_cpuonly_delta_int2_k4_unigram_int4/task_results.json
2026-03-27 00:23:37,621 INFO longbench_official_benchmark: config=delta_int2_k4_unigram_int4 task=trec progress=10/200
2026-03-27 00:24:33,357 INFO longbench_official_benchmark: config=delta_int2_k4_unigram_int4 task=trec progress=20/200
2026-03-27 00:25:29,470 INFO longbench_official_benchmark: config=delta_int2_k4_unigram_int4 task=trec progress=30/200
2026-03-27 00:26:18,325 INFO longbench_official_benchmark: config=delta_int2_k4_unigram_int4 task=trec progress=40/200
2026-03-27 00:27:16,885 INFO longbench_official_benchmark: config=delta_int2_k4_unigram_int4 task=trec progress=50/200
2026-03-27 00:28:09,371 INFO longbench_official_benchmark: config=delta_int2_k4_unigram_int4 task=trec progress=60/200
2026-03-27 00:29:00,728 INFO longbench_official_benchmark: config=delta_int2_k4_unigram_int4 task=trec progress=70/200
2026-03-27 00:30:03,470 INFO longbench_official_benchmark: config=delta_int2_k4_unigram_int4 task=trec progress=80/200
2026-03-27 00:31:06,793 INFO longbench_official_benchmark: config=delta_int2_k4_unigram_int4 task=trec progress=90/200
2026-03-27 00:32:18,377 INFO longbench_official_benchmark: config=delta_int2_k4_unigram_int4 task=trec progress=100/200
2026-03-27 00:33:12,902 INFO longbench_official_benchmark: config=delta_int2_k4_unigram_int4 task=trec progress=110/200
2026-03-27 00:34:14,562 INFO longbench_official_benchmark: config=delta_int2_k4_unigram_int4 task=trec progress=120/200
2026-03-27 00:35:11,293 INFO longbench_official_benchmark: config=delta_int2_k4_unigram_int4 task=trec progress=130/200
2026-03-27 00:36:12,733 INFO longbench_official_benchmark: config=delta_int2_k4_unigram_int4 task=trec progress=140/200
2026-03-27 00:37:16,131 INFO longbench_official_benchmark: config=delta_int2_k4_unigram_int4 task=trec progress=150/200
2026-03-27 00:38:14,345 INFO longbench_official_benchmark: config=delta_int2_k4_unigram_int4 task=trec progress=160/200
2026-03-27 00:39:14,317 INFO longbench_official_benchmark: config=delta_int2_k4_unigram_int4 task=trec progress=170/200
2026-03-27 00:40:10,553 INFO longbench_official_benchmark: config=delta_int2_k4_unigram_int4 task=trec progress=180/200
2026-03-27 00:41:07,163 INFO longbench_official_benchmark: config=delta_int2_k4_unigram_int4 task=trec progress=190/200
2026-03-27 00:42:06,568 INFO longbench_official_benchmark: config=delta_int2_k4_unigram_int4 task=trec progress=200/200
/usr/local/lib/python3.10/dist-packages/fuzzywuzzy/fuzz.py:11: UserWarning: Using slow pure-python SequenceMatcher. Install python-Levenshtein to remove this warning
  warnings.warn('Using slow pure-python SequenceMatcher. Install python-Levenshtein to remove this warning')
Building prefix dict from the default dictionary ...
Loading model from cache /tmp/jieba.cache
Loading model cost 0.585 seconds.
Prefix dict has been built successfully.
Evaluating on: ['trec.jsonl', 'qasper.jsonl', 'gov_report.jsonl', 'result.json', 'vcsum.jsonl', 'multi_news.jsonl', 'dureader.jsonl', 'qmsum.jsonl', '2wikimqa.jsonl', 'narrativeqa.jsonl', 'task_results.json', 'multifieldqa_zh.jsonl', 'multifieldqa_en.jsonl', 'musique.jsonl', 'hotpotqa.jsonl']
2026-03-27 00:42:45,892 INFO longbench_official_benchmark: task completed config=delta_int2_k4_unigram_int4 task=trec score=77.0 samples=200 summary=/root/ActivationPerturbationAnalysis/official_longbench/LongBench/pred/qwen14b_cpuonly_delta_int2_k4_unigram_int4/task_results.json
2026-03-27 00:43:49,482 INFO longbench_official_benchmark: config=delta_int2_k4_unigram_int4 task=triviaqa progress=10/200
2026-03-27 00:44:55,812 INFO longbench_official_benchmark: config=delta_int2_k4_unigram_int4 task=triviaqa progress=20/200
2026-03-27 00:46:05,490 INFO longbench_official_benchmark: config=delta_int2_k4_unigram_int4 task=triviaqa progress=30/200
2026-03-27 00:47:26,563 INFO longbench_official_benchmark: config=delta_int2_k4_unigram_int4 task=triviaqa progress=40/200
2026-03-27 00:48:30,986 INFO longbench_official_benchmark: config=delta_int2_k4_unigram_int4 task=triviaqa progress=50/200
2026-03-27 00:49:46,455 INFO longbench_official_benchmark: config=delta_int2_k4_unigram_int4 task=triviaqa progress=60/200
2026-03-27 00:50:53,827 INFO longbench_official_benchmark: config=delta_int2_k4_unigram_int4 task=triviaqa progress=70/200
2026-03-27 00:52:06,016 INFO longbench_official_benchmark: config=delta_int2_k4_unigram_int4 task=triviaqa progress=80/200
2026-03-27 00:53:07,938 INFO longbench_official_benchmark: config=delta_int2_k4_unigram_int4 task=triviaqa progress=90/200
2026-03-27 00:54:26,027 INFO longbench_official_benchmark: config=delta_int2_k4_unigram_int4 task=triviaqa progress=100/200
2026-03-27 00:56:06,521 INFO longbench_official_benchmark: config=delta_int2_k4_unigram_int4 task=triviaqa progress=110/200
2026-03-27 00:57:11,362 INFO longbench_official_benchmark: config=delta_int2_k4_unigram_int4 task=triviaqa progress=120/200
2026-03-27 00:58:31,828 INFO longbench_official_benchmark: config=delta_int2_k4_unigram_int4 task=triviaqa progress=130/200
2026-03-27 00:59:39,131 INFO longbench_official_benchmark: config=delta_int2_k4_unigram_int4 task=triviaqa progress=140/200
2026-03-27 01:00:55,459 INFO longbench_official_benchmark: config=delta_int2_k4_unigram_int4 task=triviaqa progress=150/200
2026-03-27 01:02:14,491 INFO longbench_official_benchmark: config=delta_int2_k4_unigram_int4 task=triviaqa progress=160/200
2026-03-27 01:03:17,123 INFO longbench_official_benchmark: config=delta_int2_k4_unigram_int4 task=triviaqa progress=170/200
2026-03-27 01:04:32,103 INFO longbench_official_benchmark: config=delta_int2_k4_unigram_int4 task=triviaqa progress=180/200
2026-03-27 01:05:38,162 INFO longbench_official_benchmark: config=delta_int2_k4_unigram_int4 task=triviaqa progress=190/200
2026-03-27 01:06:47,928 INFO longbench_official_benchmark: config=delta_int2_k4_unigram_int4 task=triviaqa progress=200/200
/usr/local/lib/python3.10/dist-packages/fuzzywuzzy/fuzz.py:11: UserWarning: Using slow pure-python SequenceMatcher. Install python-Levenshtein to remove this warning
  warnings.warn('Using slow pure-python SequenceMatcher. Install python-Levenshtein to remove this warning')
Building prefix dict from the default dictionary ...
Loading model from cache /tmp/jieba.cache
Loading model cost 0.567 seconds.
Prefix dict has been built successfully.
Evaluating on: ['trec.jsonl', 'qasper.jsonl', 'gov_report.jsonl', 'result.json', 'vcsum.jsonl', 'multi_news.jsonl', 'dureader.jsonl', 'qmsum.jsonl', '2wikimqa.jsonl', 'narrativeqa.jsonl', 'task_results.json', 'multifieldqa_zh.jsonl', 'multifieldqa_en.jsonl', 'musique.jsonl', 'hotpotqa.jsonl', 'triviaqa.jsonl']
2026-03-27 01:07:27,048 INFO longbench_official_benchmark: task completed config=delta_int2_k4_unigram_int4 task=triviaqa score=89.6 samples=200 summary=/root/ActivationPerturbationAnalysis/official_longbench/LongBench/pred/qwen14b_cpuonly_delta_int2_k4_unigram_int4/task_results.json
2026-03-27 01:09:22,891 INFO longbench_official_benchmark: config=delta_int2_k4_unigram_int4 task=samsum progress=10/200
2026-03-27 01:10:58,758 INFO longbench_official_benchmark: config=delta_int2_k4_unigram_int4 task=samsum progress=20/200
2026-03-27 01:12:59,720 INFO longbench_official_benchmark: config=delta_int2_k4_unigram_int4 task=samsum progress=30/200
2026-03-27 01:14:45,356 INFO longbench_official_benchmark: config=delta_int2_k4_unigram_int4 task=samsum progress=40/200
2026-03-27 01:16:21,282 INFO longbench_official_benchmark: config=delta_int2_k4_unigram_int4 task=samsum progress=50/200
2026-03-27 01:18:02,912 INFO longbench_official_benchmark: config=delta_int2_k4_unigram_int4 task=samsum progress=60/200
2026-03-27 01:19:38,888 INFO longbench_official_benchmark: config=delta_int2_k4_unigram_int4 task=samsum progress=70/200
2026-03-27 01:21:29,812 INFO longbench_official_benchmark: config=delta_int2_k4_unigram_int4 task=samsum progress=80/200
2026-03-27 01:23:09,380 INFO longbench_official_benchmark: config=delta_int2_k4_unigram_int4 task=samsum progress=90/200
2026-03-27 01:25:01,744 INFO longbench_official_benchmark: config=delta_int2_k4_unigram_int4 task=samsum progress=100/200
2026-03-27 01:26:38,172 INFO longbench_official_benchmark: config=delta_int2_k4_unigram_int4 task=samsum progress=110/200
2026-03-27 01:28:12,795 INFO longbench_official_benchmark: config=delta_int2_k4_unigram_int4 task=samsum progress=120/200
2026-03-27 01:29:52,482 INFO longbench_official_benchmark: config=delta_int2_k4_unigram_int4 task=samsum progress=130/200
2026-03-27 01:31:28,765 INFO longbench_official_benchmark: config=delta_int2_k4_unigram_int4 task=samsum progress=140/200
2026-03-27 01:33:27,262 INFO longbench_official_benchmark: config=delta_int2_k4_unigram_int4 task=samsum progress=150/200
2026-03-27 01:35:10,586 INFO longbench_official_benchmark: config=delta_int2_k4_unigram_int4 task=samsum progress=160/200
2026-03-27 01:37:02,429 INFO longbench_official_benchmark: config=delta_int2_k4_unigram_int4 task=samsum progress=170/200
2026-03-27 01:38:50,725 INFO longbench_official_benchmark: config=delta_int2_k4_unigram_int4 task=samsum progress=180/200
2026-03-27 01:40:38,210 INFO longbench_official_benchmark: config=delta_int2_k4_unigram_int4 task=samsum progress=190/200
2026-03-27 01:42:25,028 INFO longbench_official_benchmark: config=delta_int2_k4_unigram_int4 task=samsum progress=200/200
/usr/local/lib/python3.10/dist-packages/fuzzywuzzy/fuzz.py:11: UserWarning: Using slow pure-python SequenceMatcher. Install python-Levenshtein to remove this warning
  warnings.warn('Using slow pure-python SequenceMatcher. Install python-Levenshtein to remove this warning')
Building prefix dict from the default dictionary ...
Loading model from cache /tmp/jieba.cache
Loading model cost 0.562 seconds.
Prefix dict has been built successfully.
Evaluating on: ['trec.jsonl', 'qasper.jsonl', 'gov_report.jsonl', 'result.json', 'vcsum.jsonl', 'multi_news.jsonl', 'dureader.jsonl', 'qmsum.jsonl', '2wikimqa.jsonl', 'narrativeqa.jsonl', 'task_results.json', 'samsum.jsonl', 'multifieldqa_zh.jsonl', 'multifieldqa_en.jsonl', 'musique.jsonl', 'hotpotqa.jsonl', 'triviaqa.jsonl']
2026-03-27 01:43:04,582 INFO longbench_official_benchmark: task completed config=delta_int2_k4_unigram_int4 task=samsum score=47.85 samples=200 summary=/root/ActivationPerturbationAnalysis/official_longbench/LongBench/pred/qwen14b_cpuonly_delta_int2_k4_unigram_int4/task_results.json
2026-03-27 01:44:25,245 INFO longbench_official_benchmark: config=delta_int2_k4_unigram_int4 task=lsht progress=10/200
2026-03-27 01:46:24,320 INFO longbench_official_benchmark: config=delta_int2_k4_unigram_int4 task=lsht progress=20/200
2026-03-27 01:47:55,540 INFO longbench_official_benchmark: config=delta_int2_k4_unigram_int4 task=lsht progress=30/200
2026-03-27 01:49:24,708 INFO longbench_official_benchmark: config=delta_int2_k4_unigram_int4 task=lsht progress=40/200
2026-03-27 01:50:49,953 INFO longbench_official_benchmark: config=delta_int2_k4_unigram_int4 task=lsht progress=50/200
2026-03-27 01:52:40,977 INFO longbench_official_benchmark: config=delta_int2_k4_unigram_int4 task=lsht progress=60/200
2026-03-27 01:54:18,989 INFO longbench_official_benchmark: config=delta_int2_k4_unigram_int4 task=lsht progress=70/200
2026-03-27 01:56:15,904 INFO longbench_official_benchmark: config=delta_int2_k4_unigram_int4 task=lsht progress=80/200
2026-03-27 01:58:10,797 INFO longbench_official_benchmark: config=delta_int2_k4_unigram_int4 task=lsht progress=90/200
2026-03-27 02:00:24,064 INFO longbench_official_benchmark: config=delta_int2_k4_unigram_int4 task=lsht progress=100/200
2026-03-27 02:02:20,846 INFO longbench_official_benchmark: config=delta_int2_k4_unigram_int4 task=lsht progress=110/200
2026-03-27 02:04:02,036 INFO longbench_official_benchmark: config=delta_int2_k4_unigram_int4 task=lsht progress=120/200
2026-03-27 02:05:46,618 INFO longbench_official_benchmark: config=delta_int2_k4_unigram_int4 task=lsht progress=130/200
2026-03-27 02:07:46,173 INFO longbench_official_benchmark: config=delta_int2_k4_unigram_int4 task=lsht progress=140/200
2026-03-27 02:09:14,532 INFO longbench_official_benchmark: config=delta_int2_k4_unigram_int4 task=lsht progress=150/200
2026-03-27 02:11:04,424 INFO longbench_official_benchmark: config=delta_int2_k4_unigram_int4 task=lsht progress=160/200
2026-03-27 02:12:56,581 INFO longbench_official_benchmark: config=delta_int2_k4_unigram_int4 task=lsht progress=170/200
2026-03-27 02:14:35,491 INFO longbench_official_benchmark: config=delta_int2_k4_unigram_int4 task=lsht progress=180/200
2026-03-27 02:16:05,295 INFO longbench_official_benchmark: config=delta_int2_k4_unigram_int4 task=lsht progress=190/200
2026-03-27 02:17:45,038 INFO longbench_official_benchmark: config=delta_int2_k4_unigram_int4 task=lsht progress=200/200
/usr/local/lib/python3.10/dist-packages/fuzzywuzzy/fuzz.py:11: UserWarning: Using slow pure-python SequenceMatcher. Install python-Levenshtein to remove this warning
  warnings.warn('Using slow pure-python SequenceMatcher. Install python-Levenshtein to remove this warning')
Building prefix dict from the default dictionary ...
Loading model from cache /tmp/jieba.cache
Loading model cost 0.591 seconds.
Prefix dict has been built successfully.
Evaluating on: ['trec.jsonl', 'qasper.jsonl', 'gov_report.jsonl', 'result.json', 'vcsum.jsonl', 'multi_news.jsonl', 'dureader.jsonl', 'qmsum.jsonl', '2wikimqa.jsonl', 'narrativeqa.jsonl', 'task_results.json', 'samsum.jsonl', 'multifieldqa_zh.jsonl', 'lsht.jsonl', 'multifieldqa_en.jsonl', 'musique.jsonl', 'hotpotqa.jsonl', 'triviaqa.jsonl']
2026-03-27 02:18:24,285 INFO longbench_official_benchmark: task completed config=delta_int2_k4_unigram_int4 task=lsht score=49.25 samples=200 summary=/root/ActivationPerturbationAnalysis/official_longbench/LongBench/pred/qwen14b_cpuonly_delta_int2_k4_unigram_int4/task_results.json
2026-03-27 02:19:42,296 INFO longbench_official_benchmark: config=delta_int2_k4_unigram_int4 task=passage_count progress=10/200
2026-03-27 02:20:59,138 INFO longbench_official_benchmark: config=delta_int2_k4_unigram_int4 task=passage_count progress=20/200
2026-03-27 02:22:10,942 INFO longbench_official_benchmark: config=delta_int2_k4_unigram_int4 task=passage_count progress=30/200
2026-03-27 02:23:37,463 INFO longbench_official_benchmark: config=delta_int2_k4_unigram_int4 task=passage_count progress=40/200
2026-03-27 02:25:01,131 INFO longbench_official_benchmark: config=delta_int2_k4_unigram_int4 task=passage_count progress=50/200
2026-03-27 02:26:15,450 INFO longbench_official_benchmark: config=delta_int2_k4_unigram_int4 task=passage_count progress=60/200
2026-03-27 02:27:29,974 INFO longbench_official_benchmark: config=delta_int2_k4_unigram_int4 task=passage_count progress=70/200
2026-03-27 02:28:38,530 INFO longbench_official_benchmark: config=delta_int2_k4_unigram_int4 task=passage_count progress=80/200
2026-03-27 02:29:42,829 INFO longbench_official_benchmark: config=delta_int2_k4_unigram_int4 task=passage_count progress=90/200
2026-03-27 02:30:51,020 INFO longbench_official_benchmark: config=delta_int2_k4_unigram_int4 task=passage_count progress=100/200
2026-03-27 02:32:11,891 INFO longbench_official_benchmark: config=delta_int2_k4_unigram_int4 task=passage_count progress=110/200
2026-03-27 02:33:23,081 INFO longbench_official_benchmark: config=delta_int2_k4_unigram_int4 task=passage_count progress=120/200
2026-03-27 02:34:43,484 INFO longbench_official_benchmark: config=delta_int2_k4_unigram_int4 task=passage_count progress=130/200
2026-03-27 02:35:56,786 INFO longbench_official_benchmark: config=delta_int2_k4_unigram_int4 task=passage_count progress=140/200
2026-03-27 02:37:28,911 INFO longbench_official_benchmark: config=delta_int2_k4_unigram_int4 task=passage_count progress=150/200
2026-03-27 02:38:39,252 INFO longbench_official_benchmark: config=delta_int2_k4_unigram_int4 task=passage_count progress=160/200
2026-03-27 02:40:00,986 INFO longbench_official_benchmark: config=delta_int2_k4_unigram_int4 task=passage_count progress=170/200
2026-03-27 02:41:14,678 INFO longbench_official_benchmark: config=delta_int2_k4_unigram_int4 task=passage_count progress=180/200
2026-03-27 02:42:33,712 INFO longbench_official_benchmark: config=delta_int2_k4_unigram_int4 task=passage_count progress=190/200
2026-03-27 02:43:55,738 INFO longbench_official_benchmark: config=delta_int2_k4_unigram_int4 task=passage_count progress=200/200
/usr/local/lib/python3.10/dist-packages/fuzzywuzzy/fuzz.py:11: UserWarning: Using slow pure-python SequenceMatcher. Install python-Levenshtein to remove this warning
  warnings.warn('Using slow pure-python SequenceMatcher. Install python-Levenshtein to remove this warning')
Building prefix dict from the default dictionary ...
Loading model from cache /tmp/jieba.cache
Loading model cost 0.563 seconds.
Prefix dict has been built successfully.
Evaluating on: ['trec.jsonl', 'qasper.jsonl', 'gov_report.jsonl', 'result.json', 'vcsum.jsonl', 'multi_news.jsonl', 'dureader.jsonl', 'qmsum.jsonl', '2wikimqa.jsonl', 'narrativeqa.jsonl', 'task_results.json', 'samsum.jsonl', 'multifieldqa_zh.jsonl', 'lsht.jsonl', 'multifieldqa_en.jsonl', 'passage_count.jsonl', 'musique.jsonl', 'hotpotqa.jsonl', 'triviaqa.jsonl']
2026-03-27 02:44:35,000 INFO longbench_official_benchmark: task completed config=delta_int2_k4_unigram_int4 task=passage_count score=12.58 samples=200 summary=/root/ActivationPerturbationAnalysis/official_longbench/LongBench/pred/qwen14b_cpuonly_delta_int2_k4_unigram_int4/task_results.json
2026-03-27 02:45:29,119 INFO longbench_official_benchmark: config=delta_int2_k4_unigram_int4 task=passage_retrieval_en progress=10/200
2026-03-27 02:46:33,707 INFO longbench_official_benchmark: config=delta_int2_k4_unigram_int4 task=passage_retrieval_en progress=20/200
2026-03-27 02:47:35,006 INFO longbench_official_benchmark: config=delta_int2_k4_unigram_int4 task=passage_retrieval_en progress=30/200
2026-03-27 02:48:35,790 INFO longbench_official_benchmark: config=delta_int2_k4_unigram_int4 task=passage_retrieval_en progress=40/200
2026-03-27 02:49:39,984 INFO longbench_official_benchmark: config=delta_int2_k4_unigram_int4 task=passage_retrieval_en progress=50/200
2026-03-27 02:50:42,368 INFO longbench_official_benchmark: config=delta_int2_k4_unigram_int4 task=passage_retrieval_en progress=60/200
2026-03-27 02:51:44,210 INFO longbench_official_benchmark: config=delta_int2_k4_unigram_int4 task=passage_retrieval_en progress=70/200
2026-03-27 02:52:44,270 INFO longbench_official_benchmark: config=delta_int2_k4_unigram_int4 task=passage_retrieval_en progress=80/200
2026-03-27 02:53:43,399 INFO longbench_official_benchmark: config=delta_int2_k4_unigram_int4 task=passage_retrieval_en progress=90/200
2026-03-27 02:54:44,346 INFO longbench_official_benchmark: config=delta_int2_k4_unigram_int4 task=passage_retrieval_en progress=100/200
2026-03-27 02:55:49,835 INFO longbench_official_benchmark: config=delta_int2_k4_unigram_int4 task=passage_retrieval_en progress=110/200
2026-03-27 02:56:51,322 INFO longbench_official_benchmark: config=delta_int2_k4_unigram_int4 task=passage_retrieval_en progress=120/200
2026-03-27 02:57:50,090 INFO longbench_official_benchmark: config=delta_int2_k4_unigram_int4 task=passage_retrieval_en progress=130/200
2026-03-27 02:58:49,827 INFO longbench_official_benchmark: config=delta_int2_k4_unigram_int4 task=passage_retrieval_en progress=140/200
2026-03-27 02:59:49,519 INFO longbench_official_benchmark: config=delta_int2_k4_unigram_int4 task=passage_retrieval_en progress=150/200
2026-03-27 03:00:48,542 INFO longbench_official_benchmark: config=delta_int2_k4_unigram_int4 task=passage_retrieval_en progress=160/200
2026-03-27 03:01:44,205 INFO longbench_official_benchmark: config=delta_int2_k4_unigram_int4 task=passage_retrieval_en progress=170/200
2026-03-27 03:02:42,182 INFO longbench_official_benchmark: config=delta_int2_k4_unigram_int4 task=passage_retrieval_en progress=180/200
2026-03-27 03:03:43,243 INFO longbench_official_benchmark: config=delta_int2_k4_unigram_int4 task=passage_retrieval_en progress=190/200
2026-03-27 03:04:43,986 INFO longbench_official_benchmark: config=delta_int2_k4_unigram_int4 task=passage_retrieval_en progress=200/200
/usr/local/lib/python3.10/dist-packages/fuzzywuzzy/fuzz.py:11: UserWarning: Using slow pure-python SequenceMatcher. Install python-Levenshtein to remove this warning
  warnings.warn('Using slow pure-python SequenceMatcher. Install python-Levenshtein to remove this warning')
Building prefix dict from the default dictionary ...
Loading model from cache /tmp/jieba.cache
Loading model cost 0.576 seconds.
Prefix dict has been built successfully.
Evaluating on: ['trec.jsonl', 'qasper.jsonl', 'gov_report.jsonl', 'result.json', 'vcsum.jsonl', 'multi_news.jsonl', 'dureader.jsonl', 'qmsum.jsonl', '2wikimqa.jsonl', 'passage_retrieval_en.jsonl', 'narrativeqa.jsonl', 'task_results.json', 'samsum.jsonl', 'multifieldqa_zh.jsonl', 'lsht.jsonl', 'multifieldqa_en.jsonl', 'passage_count.jsonl', 'musique.jsonl', 'hotpotqa.jsonl', 'triviaqa.jsonl']
2026-03-27 03:05:23,267 INFO longbench_official_benchmark: task completed config=delta_int2_k4_unigram_int4 task=passage_retrieval_en score=98.75 samples=200 summary=/root/ActivationPerturbationAnalysis/official_longbench/LongBench/pred/qwen14b_cpuonly_delta_int2_k4_unigram_int4/task_results.json
2026-03-27 03:05:44,972 INFO longbench_official_benchmark: config=delta_int2_k4_unigram_int4 task=passage_retrieval_zh progress=10/200
2026-03-27 03:06:07,002 INFO longbench_official_benchmark: config=delta_int2_k4_unigram_int4 task=passage_retrieval_zh progress=20/200
2026-03-27 03:06:29,925 INFO longbench_official_benchmark: config=delta_int2_k4_unigram_int4 task=passage_retrieval_zh progress=30/200
2026-03-27 03:06:54,113 INFO longbench_official_benchmark: config=delta_int2_k4_unigram_int4 task=passage_retrieval_zh progress=40/200
2026-03-27 03:07:17,124 INFO longbench_official_benchmark: config=delta_int2_k4_unigram_int4 task=passage_retrieval_zh progress=50/200
2026-03-27 03:07:39,363 INFO longbench_official_benchmark: config=delta_int2_k4_unigram_int4 task=passage_retrieval_zh progress=60/200
2026-03-27 03:08:01,805 INFO longbench_official_benchmark: config=delta_int2_k4_unigram_int4 task=passage_retrieval_zh progress=70/200
2026-03-27 03:08:24,833 INFO longbench_official_benchmark: config=delta_int2_k4_unigram_int4 task=passage_retrieval_zh progress=80/200
2026-03-27 03:08:46,092 INFO longbench_official_benchmark: config=delta_int2_k4_unigram_int4 task=passage_retrieval_zh progress=90/200
2026-03-27 03:09:09,828 INFO longbench_official_benchmark: config=delta_int2_k4_unigram_int4 task=passage_retrieval_zh progress=100/200
2026-03-27 03:09:32,484 INFO longbench_official_benchmark: config=delta_int2_k4_unigram_int4 task=passage_retrieval_zh progress=110/200
2026-03-27 03:09:57,447 INFO longbench_official_benchmark: config=delta_int2_k4_unigram_int4 task=passage_retrieval_zh progress=120/200
2026-03-27 03:10:19,927 INFO longbench_official_benchmark: config=delta_int2_k4_unigram_int4 task=passage_retrieval_zh progress=130/200
2026-03-27 03:10:42,520 INFO longbench_official_benchmark: config=delta_int2_k4_unigram_int4 task=passage_retrieval_zh progress=140/200
2026-03-27 03:11:06,505 INFO longbench_official_benchmark: config=delta_int2_k4_unigram_int4 task=passage_retrieval_zh progress=150/200
2026-03-27 03:11:27,597 INFO longbench_official_benchmark: config=delta_int2_k4_unigram_int4 task=passage_retrieval_zh progress=160/200
2026-03-27 03:11:49,857 INFO longbench_official_benchmark: config=delta_int2_k4_unigram_int4 task=passage_retrieval_zh progress=170/200
2026-03-27 03:12:12,028 INFO longbench_official_benchmark: config=delta_int2_k4_unigram_int4 task=passage_retrieval_zh progress=180/200
2026-03-27 03:12:34,254 INFO longbench_official_benchmark: config=delta_int2_k4_unigram_int4 task=passage_retrieval_zh progress=190/200
2026-03-27 03:12:57,222 INFO longbench_official_benchmark: config=delta_int2_k4_unigram_int4 task=passage_retrieval_zh progress=200/200
/usr/local/lib/python3.10/dist-packages/fuzzywuzzy/fuzz.py:11: UserWarning: Using slow pure-python SequenceMatcher. Install python-Levenshtein to remove this warning
  warnings.warn('Using slow pure-python SequenceMatcher. Install python-Levenshtein to remove this warning')
Building prefix dict from the default dictionary ...
Loading model from cache /tmp/jieba.cache
Loading model cost 0.563 seconds.
Prefix dict has been built successfully.
Evaluating on: ['trec.jsonl', 'qasper.jsonl', 'gov_report.jsonl', 'result.json', 'vcsum.jsonl', 'multi_news.jsonl', 'dureader.jsonl', 'qmsum.jsonl', 'passage_retrieval_zh.jsonl', '2wikimqa.jsonl', 'passage_retrieval_en.jsonl', 'narrativeqa.jsonl', 'task_results.json', 'samsum.jsonl', 'multifieldqa_zh.jsonl', 'lsht.jsonl', 'multifieldqa_en.jsonl', 'passage_count.jsonl', 'musique.jsonl', 'hotpotqa.jsonl', 'triviaqa.jsonl']
2026-03-27 03:13:36,395 INFO longbench_official_benchmark: task completed config=delta_int2_k4_unigram_int4 task=passage_retrieval_zh score=99.58 samples=200 summary=/root/ActivationPerturbationAnalysis/official_longbench/LongBench/pred/qwen14b_cpuonly_delta_int2_k4_unigram_int4/task_results.json
2026-03-27 03:14:16,152 INFO longbench_official_benchmark: config=delta_int2_k4_unigram_int4 task=lcc progress=10/500
2026-03-27 03:14:51,188 INFO longbench_official_benchmark: config=delta_int2_k4_unigram_int4 task=lcc progress=20/500
2026-03-27 03:15:38,061 INFO longbench_official_benchmark: config=delta_int2_k4_unigram_int4 task=lcc progress=30/500
2026-03-27 03:16:13,241 INFO longbench_official_benchmark: config=delta_int2_k4_unigram_int4 task=lcc progress=40/500
2026-03-27 03:16:48,120 INFO longbench_official_benchmark: config=delta_int2_k4_unigram_int4 task=lcc progress=50/500
2026-03-27 03:17:30,204 INFO longbench_official_benchmark: config=delta_int2_k4_unigram_int4 task=lcc progress=60/500
2026-03-27 03:18:03,376 INFO longbench_official_benchmark: config=delta_int2_k4_unigram_int4 task=lcc progress=70/500
2026-03-27 03:18:38,395 INFO longbench_official_benchmark: config=delta_int2_k4_unigram_int4 task=lcc progress=80/500
2026-03-27 03:19:16,713 INFO longbench_official_benchmark: config=delta_int2_k4_unigram_int4 task=lcc progress=90/500
2026-03-27 03:19:54,635 INFO longbench_official_benchmark: config=delta_int2_k4_unigram_int4 task=lcc progress=100/500
2026-03-27 03:20:35,098 INFO longbench_official_benchmark: config=delta_int2_k4_unigram_int4 task=lcc progress=110/500
2026-03-27 03:21:13,163 INFO longbench_official_benchmark: config=delta_int2_k4_unigram_int4 task=lcc progress=120/500
2026-03-27 03:21:49,496 INFO longbench_official_benchmark: config=delta_int2_k4_unigram_int4 task=lcc progress=130/500
2026-03-27 03:22:23,479 INFO longbench_official_benchmark: config=delta_int2_k4_unigram_int4 task=lcc progress=140/500
2026-03-27 03:22:59,108 INFO longbench_official_benchmark: config=delta_int2_k4_unigram_int4 task=lcc progress=150/500
2026-03-27 03:23:35,909 INFO longbench_official_benchmark: config=delta_int2_k4_unigram_int4 task=lcc progress=160/500
2026-03-27 03:24:13,939 INFO longbench_official_benchmark: config=delta_int2_k4_unigram_int4 task=lcc progress=170/500
2026-03-27 03:24:53,840 INFO longbench_official_benchmark: config=delta_int2_k4_unigram_int4 task=lcc progress=180/500
2026-03-27 03:25:29,250 INFO longbench_official_benchmark: config=delta_int2_k4_unigram_int4 task=lcc progress=190/500
2026-03-27 03:26:03,914 INFO longbench_official_benchmark: config=delta_int2_k4_unigram_int4 task=lcc progress=200/500
2026-03-27 03:26:44,632 INFO longbench_official_benchmark: config=delta_int2_k4_unigram_int4 task=lcc progress=210/500
2026-03-27 03:27:18,918 INFO longbench_official_benchmark: config=delta_int2_k4_unigram_int4 task=lcc progress=220/500
2026-03-27 03:27:54,993 INFO longbench_official_benchmark: config=delta_int2_k4_unigram_int4 task=lcc progress=230/500
2026-03-27 03:28:28,756 INFO longbench_official_benchmark: config=delta_int2_k4_unigram_int4 task=lcc progress=240/500
2026-03-27 03:29:19,880 INFO longbench_official_benchmark: config=delta_int2_k4_unigram_int4 task=lcc progress=250/500
2026-03-27 03:30:04,215 INFO longbench_official_benchmark: config=delta_int2_k4_unigram_int4 task=lcc progress=260/500
2026-03-27 03:31:08,780 INFO longbench_official_benchmark: config=delta_int2_k4_unigram_int4 task=lcc progress=270/500
2026-03-27 03:31:51,955 INFO longbench_official_benchmark: config=delta_int2_k4_unigram_int4 task=lcc progress=280/500
2026-03-27 03:32:25,103 INFO longbench_official_benchmark: config=delta_int2_k4_unigram_int4 task=lcc progress=290/500
2026-03-27 03:33:07,235 INFO longbench_official_benchmark: config=delta_int2_k4_unigram_int4 task=lcc progress=300/500
2026-03-27 03:33:46,259 INFO longbench_official_benchmark: config=delta_int2_k4_unigram_int4 task=lcc progress=310/500
2026-03-27 03:34:21,485 INFO longbench_official_benchmark: config=delta_int2_k4_unigram_int4 task=lcc progress=320/500
2026-03-27 03:35:06,169 INFO longbench_official_benchmark: config=delta_int2_k4_unigram_int4 task=lcc progress=330/500
2026-03-27 03:35:46,462 INFO longbench_official_benchmark: config=delta_int2_k4_unigram_int4 task=lcc progress=340/500
2026-03-27 03:36:22,897 INFO longbench_official_benchmark: config=delta_int2_k4_unigram_int4 task=lcc progress=350/500
2026-03-27 03:36:59,000 INFO longbench_official_benchmark: config=delta_int2_k4_unigram_int4 task=lcc progress=360/500
2026-03-27 03:37:37,382 INFO longbench_official_benchmark: config=delta_int2_k4_unigram_int4 task=lcc progress=370/500
2026-03-27 03:38:14,906 INFO longbench_official_benchmark: config=delta_int2_k4_unigram_int4 task=lcc progress=380/500
2026-03-27 03:38:49,929 INFO longbench_official_benchmark: config=delta_int2_k4_unigram_int4 task=lcc progress=390/500
2026-03-27 03:39:27,875 INFO longbench_official_benchmark: config=delta_int2_k4_unigram_int4 task=lcc progress=400/500
2026-03-27 03:40:04,271 INFO longbench_official_benchmark: config=delta_int2_k4_unigram_int4 task=lcc progress=410/500
2026-03-27 03:40:41,337 INFO longbench_official_benchmark: config=delta_int2_k4_unigram_int4 task=lcc progress=420/500
2026-03-27 03:41:17,593 INFO longbench_official_benchmark: config=delta_int2_k4_unigram_int4 task=lcc progress=430/500
2026-03-27 03:41:53,730 INFO longbench_official_benchmark: config=delta_int2_k4_unigram_int4 task=lcc progress=440/500
2026-03-27 03:42:29,598 INFO longbench_official_benchmark: config=delta_int2_k4_unigram_int4 task=lcc progress=450/500
2026-03-27 03:43:09,832 INFO longbench_official_benchmark: config=delta_int2_k4_unigram_int4 task=lcc progress=460/500
2026-03-27 03:43:50,741 INFO longbench_official_benchmark: config=delta_int2_k4_unigram_int4 task=lcc progress=470/500
2026-03-27 03:44:26,179 INFO longbench_official_benchmark: config=delta_int2_k4_unigram_int4 task=lcc progress=480/500
2026-03-27 03:45:02,482 INFO longbench_official_benchmark: config=delta_int2_k4_unigram_int4 task=lcc progress=490/500
2026-03-27 03:45:39,643 INFO longbench_official_benchmark: config=delta_int2_k4_unigram_int4 task=lcc progress=500/500
/usr/local/lib/python3.10/dist-packages/fuzzywuzzy/fuzz.py:11: UserWarning: Using slow pure-python SequenceMatcher. Install python-Levenshtein to remove this warning
  warnings.warn('Using slow pure-python SequenceMatcher. Install python-Levenshtein to remove this warning')
Building prefix dict from the default dictionary ...
Loading model from cache /tmp/jieba.cache
Loading model cost 0.565 seconds.
Prefix dict has been built successfully.
Evaluating on: ['trec.jsonl', 'qasper.jsonl', 'gov_report.jsonl', 'result.json', 'vcsum.jsonl', 'lcc.jsonl', 'multi_news.jsonl', 'dureader.jsonl', 'qmsum.jsonl', 'passage_retrieval_zh.jsonl', '2wikimqa.jsonl', 'passage_retrieval_en.jsonl', 'narrativeqa.jsonl', 'task_results.json', 'samsum.jsonl', 'multifieldqa_zh.jsonl', 'lsht.jsonl', 'multifieldqa_en.jsonl', 'passage_count.jsonl', 'musique.jsonl', 'hotpotqa.jsonl', 'triviaqa.jsonl']
2026-03-27 03:46:18,874 INFO longbench_official_benchmark: task completed config=delta_int2_k4_unigram_int4 task=lcc score=65.25 samples=500 summary=/root/ActivationPerturbationAnalysis/official_longbench/LongBench/pred/qwen14b_cpuonly_delta_int2_k4_unigram_int4/task_results.json
2026-03-27 03:48:08,226 INFO longbench_official_benchmark: config=delta_int2_k4_unigram_int4 task=repobench-p progress=10/500
2026-03-27 03:49:19,708 INFO longbench_official_benchmark: config=delta_int2_k4_unigram_int4 task=repobench-p progress=20/500
2026-03-27 03:50:45,565 INFO longbench_official_benchmark: config=delta_int2_k4_unigram_int4 task=repobench-p progress=30/500
2026-03-27 03:52:11,671 INFO longbench_official_benchmark: config=delta_int2_k4_unigram_int4 task=repobench-p progress=40/500
2026-03-27 03:53:41,859 INFO longbench_official_benchmark: config=delta_int2_k4_unigram_int4 task=repobench-p progress=50/500
2026-03-27 03:55:13,106 INFO longbench_official_benchmark: config=delta_int2_k4_unigram_int4 task=repobench-p progress=60/500
2026-03-27 03:56:30,856 INFO longbench_official_benchmark: config=delta_int2_k4_unigram_int4 task=repobench-p progress=70/500
2026-03-27 03:58:08,758 INFO longbench_official_benchmark: config=delta_int2_k4_unigram_int4 task=repobench-p progress=80/500
2026-03-27 03:59:20,063 INFO longbench_official_benchmark: config=delta_int2_k4_unigram_int4 task=repobench-p progress=90/500
2026-03-27 04:00:48,623 INFO longbench_official_benchmark: config=delta_int2_k4_unigram_int4 task=repobench-p progress=100/500
2026-03-27 04:01:52,167 INFO longbench_official_benchmark: config=delta_int2_k4_unigram_int4 task=repobench-p progress=110/500
2026-03-27 04:03:02,612 INFO longbench_official_benchmark: config=delta_int2_k4_unigram_int4 task=repobench-p progress=120/500
2026-03-27 04:04:33,130 INFO longbench_official_benchmark: config=delta_int2_k4_unigram_int4 task=repobench-p progress=130/500
2026-03-27 04:05:54,532 INFO longbench_official_benchmark: config=delta_int2_k4_unigram_int4 task=repobench-p progress=140/500
2026-03-27 04:07:06,634 INFO longbench_official_benchmark: config=delta_int2_k4_unigram_int4 task=repobench-p progress=150/500
2026-03-27 04:08:28,246 INFO longbench_official_benchmark: config=delta_int2_k4_unigram_int4 task=repobench-p progress=160/500
2026-03-27 04:09:55,813 INFO longbench_official_benchmark: config=delta_int2_k4_unigram_int4 task=repobench-p progress=170/500
2026-03-27 04:11:14,772 INFO longbench_official_benchmark: config=delta_int2_k4_unigram_int4 task=repobench-p progress=180/500
2026-03-27 04:12:43,503 INFO longbench_official_benchmark: config=delta_int2_k4_unigram_int4 task=repobench-p progress=190/500
2026-03-27 04:14:01,392 INFO longbench_official_benchmark: config=delta_int2_k4_unigram_int4 task=repobench-p progress=200/500
2026-03-27 04:14:55,898 INFO longbench_official_benchmark: config=delta_int2_k4_unigram_int4 task=repobench-p progress=210/500
2026-03-27 04:16:10,804 INFO longbench_official_benchmark: config=delta_int2_k4_unigram_int4 task=repobench-p progress=220/500
2026-03-27 04:17:35,902 INFO longbench_official_benchmark: config=delta_int2_k4_unigram_int4 task=repobench-p progress=230/500
2026-03-27 04:19:08,333 INFO longbench_official_benchmark: config=delta_int2_k4_unigram_int4 task=repobench-p progress=240/500
2026-03-27 04:20:27,380 INFO longbench_official_benchmark: config=delta_int2_k4_unigram_int4 task=repobench-p progress=250/500
2026-03-27 04:22:04,960 INFO longbench_official_benchmark: config=delta_int2_k4_unigram_int4 task=repobench-p progress=260/500
2026-03-27 04:23:46,884 INFO longbench_official_benchmark: config=delta_int2_k4_unigram_int4 task=repobench-p progress=270/500
2026-03-27 04:25:09,191 INFO longbench_official_benchmark: config=delta_int2_k4_unigram_int4 task=repobench-p progress=280/500
2026-03-27 04:26:29,086 INFO longbench_official_benchmark: config=delta_int2_k4_unigram_int4 task=repobench-p progress=290/500
2026-03-27 04:27:40,467 INFO longbench_official_benchmark: config=delta_int2_k4_unigram_int4 task=repobench-p progress=300/500
2026-03-27 04:29:27,314 INFO longbench_official_benchmark: config=delta_int2_k4_unigram_int4 task=repobench-p progress=310/500
2026-03-27 04:31:09,925 INFO longbench_official_benchmark: config=delta_int2_k4_unigram_int4 task=repobench-p progress=320/500
2026-03-27 04:32:30,793 INFO longbench_official_benchmark: config=delta_int2_k4_unigram_int4 task=repobench-p progress=330/500
2026-03-27 04:33:41,400 INFO longbench_official_benchmark: config=delta_int2_k4_unigram_int4 task=repobench-p progress=340/500
2026-03-27 04:35:07,590 INFO longbench_official_benchmark: config=delta_int2_k4_unigram_int4 task=repobench-p progress=350/500
2026-03-27 04:36:53,270 INFO longbench_official_benchmark: config=delta_int2_k4_unigram_int4 task=repobench-p progress=360/500
2026-03-27 04:38:10,660 INFO longbench_official_benchmark: config=delta_int2_k4_unigram_int4 task=repobench-p progress=370/500
2026-03-27 04:39:51,355 INFO longbench_official_benchmark: config=delta_int2_k4_unigram_int4 task=repobench-p progress=380/500
2026-03-27 04:41:19,590 INFO longbench_official_benchmark: config=delta_int2_k4_unigram_int4 task=repobench-p progress=390/500
2026-03-27 04:42:28,327 INFO longbench_official_benchmark: config=delta_int2_k4_unigram_int4 task=repobench-p progress=400/500
2026-03-27 04:43:43,799 INFO longbench_official_benchmark: config=delta_int2_k4_unigram_int4 task=repobench-p progress=410/500
2026-03-27 04:45:10,627 INFO longbench_official_benchmark: config=delta_int2_k4_unigram_int4 task=repobench-p progress=420/500
2026-03-27 04:46:20,538 INFO longbench_official_benchmark: config=delta_int2_k4_unigram_int4 task=repobench-p progress=430/500
2026-03-27 04:47:43,778 INFO longbench_official_benchmark: config=delta_int2_k4_unigram_int4 task=repobench-p progress=440/500
2026-03-27 04:48:52,393 INFO longbench_official_benchmark: config=delta_int2_k4_unigram_int4 task=repobench-p progress=450/500
2026-03-27 04:50:20,886 INFO longbench_official_benchmark: config=delta_int2_k4_unigram_int4 task=repobench-p progress=460/500
2026-03-27 04:51:40,311 INFO longbench_official_benchmark: config=delta_int2_k4_unigram_int4 task=repobench-p progress=470/500
2026-03-27 04:52:58,710 INFO longbench_official_benchmark: config=delta_int2_k4_unigram_int4 task=repobench-p progress=480/500
2026-03-27 04:54:29,897 INFO longbench_official_benchmark: config=delta_int2_k4_unigram_int4 task=repobench-p progress=490/500
2026-03-27 04:55:49,097 INFO longbench_official_benchmark: config=delta_int2_k4_unigram_int4 task=repobench-p progress=500/500
/usr/local/lib/python3.10/dist-packages/fuzzywuzzy/fuzz.py:11: UserWarning: Using slow pure-python SequenceMatcher. Install python-Levenshtein to remove this warning
  warnings.warn('Using slow pure-python SequenceMatcher. Install python-Levenshtein to remove this warning')
Building prefix dict from the default dictionary ...
Loading model from cache /tmp/jieba.cache
Loading model cost 0.570 seconds.
Prefix dict has been built successfully.
Evaluating on: ['trec.jsonl', 'qasper.jsonl', 'gov_report.jsonl', 'result.json', 'vcsum.jsonl', 'lcc.jsonl', 'multi_news.jsonl', 'dureader.jsonl', 'qmsum.jsonl', 'passage_retrieval_zh.jsonl', '2wikimqa.jsonl', 'passage_retrieval_en.jsonl', 'narrativeqa.jsonl', 'task_results.json', 'samsum.jsonl', 'multifieldqa_zh.jsonl', 'lsht.jsonl', 'multifieldqa_en.jsonl', 'passage_count.jsonl', 'repobench-p.jsonl', 'musique.jsonl', 'hotpotqa.jsonl', 'triviaqa.jsonl']
2026-03-27 04:56:28,313 INFO longbench_official_benchmark: task completed config=delta_int2_k4_unigram_int4 task=repobench-p score=53.6 samples=500 summary=/root/ActivationPerturbationAnalysis/official_longbench/LongBench/pred/qwen14b_cpuonly_delta_int2_k4_unigram_int4/task_results.json
2026-03-27 04:56:28,313 INFO longbench_official_benchmark: Official eval completed for qwen14b_cpuonly_delta_int2_k4_unigram_int4
