/usr/local/lib/python3.10/dist-packages/torch/cuda/__init__.py:61: FutureWarning: The pynvml package is deprecated. Please install nvidia-ml-py instead. If you did not install pynvml directly, please report this to the maintainers of the package that installed pynvml for you.
  import pynvml  # type: ignore[import]
Sliding Window Attention is enabled but not implemented for `sdpa`; unexpected results may be encountered.
Loading checkpoint shards:   0%|          | 0/8 [00:00<?, ?it/s]Loading checkpoint shards:  12%|█▎        | 1/8 [00:01<00:08,  1.22s/it]Loading checkpoint shards:  25%|██▌       | 2/8 [00:01<00:05,  1.07it/s]Loading checkpoint shards:  38%|███▊      | 3/8 [00:02<00:04,  1.16it/s]Loading checkpoint shards:  50%|█████     | 4/8 [00:03<00:03,  1.16it/s]Loading checkpoint shards:  62%|██████▎   | 5/8 [00:04<00:02,  1.19it/s]Loading checkpoint shards:  75%|███████▌  | 6/8 [00:05<00:01,  1.24it/s]Loading checkpoint shards:  88%|████████▊ | 7/8 [00:05<00:00,  1.28it/s]Loading checkpoint shards: 100%|██████████| 8/8 [00:06<00:00,  1.45it/s]Loading checkpoint shards: 100%|██████████| 8/8 [00:06<00:00,  1.26it/s]
2026-03-26 16:22:38,698 INFO longbench_official_benchmark: config=delta_noaffine_int2_k4_unigram_int4 task=narrativeqa progress=10/200
Traceback (most recent call last):
  File "/root/ActivationPerturbationAnalysis/delta_coding_system/benchmarks/run_longbench_official_benchmark.py", line 338, in <module>
    main()
  File "/root/ActivationPerturbationAnalysis/delta_coding_system/benchmarks/run_longbench_official_benchmark.py", line 317, in main
    prediction = _compressed_generate(pipeline, tokenizer, final_prompt, task_name, config_name, row_id)
  File "/root/ActivationPerturbationAnalysis/delta_coding_system/benchmarks/run_longbench_official_benchmark.py", line 210, in _compressed_generate
    _prefill, decode_res, _stats = _run_request_with_retry(
  File "/root/ActivationPerturbationAnalysis/delta_coding_system/benchmarks/run_longbench_benchmark.py", line 350, in _run_request_with_retry
    result = pipeline.process_request(prompt, phase=phase)
  File "/usr/local/lib/python3.10/dist-packages/torch/utils/_contextlib.py", line 116, in decorate_context
    return func(*args, **kwargs)
  File "/root/ActivationPerturbationAnalysis/delta_coding_system/pipeline.py", line 1374, in process_request
    prefill_outputs = self.process_prefill(
  File "/usr/local/lib/python3.10/dist-packages/torch/utils/_contextlib.py", line 116, in decorate_context
    return func(*args, **kwargs)
  File "/root/ActivationPerturbationAnalysis/delta_coding_system/pipeline.py", line 877, in process_prefill
    tiers, ref_acts, self_ref_sources, first_occ_map = classify_future.result()
  File "/usr/lib/python3.10/concurrent/futures/_base.py", line 451, in result
    return self.__get_result()
  File "/usr/lib/python3.10/concurrent/futures/_base.py", line 403, in __get_result
    raise self._exception
  File "/usr/lib/python3.10/concurrent/futures/thread.py", line 58, in run
    result = self.fn(*self.args, **self.kwargs)
  File "/root/ActivationPerturbationAnalysis/delta_coding_system/table.py", line 486, in classify_and_build_refs
    converted = self._decode_stored_batch(ref_tensors, output_device)
  File "/root/ActivationPerturbationAnalysis/delta_coding_system/table.py", line 217, in _decode_stored_batch
    packet = self._merge_int8_packets(packet_batch)
  File "/root/ActivationPerturbationAnalysis/delta_coding_system/table.py", line 175, in _merge_int8_packets
    quantized=torch.cat([item.quantized for item in stored_batch], dim=0),
RuntimeError: Expected all tensors to be on the same device, but found at least two devices, cpu and cuda:6! (when checking argument for argument tensors in method wrapper_CUDA_cat)
