/usr/local/lib/python3.10/dist-packages/torch/cuda/__init__.py:61: FutureWarning: The pynvml package is deprecated. Please install nvidia-ml-py instead. If you did not install pynvml directly, please report this to the maintainers of the package that installed pynvml for you.
  import pynvml  # type: ignore[import]
Sliding Window Attention is enabled but not implemented for `sdpa`; unexpected results may be encountered.
Loading checkpoint shards:   0%|          | 0/8 [00:00<?, ?it/s]Loading checkpoint shards:  12%|█▎        | 1/8 [00:00<00:06,  1.06it/s]Loading checkpoint shards:  25%|██▌       | 2/8 [00:01<00:05,  1.19it/s]Loading checkpoint shards:  38%|███▊      | 3/8 [00:02<00:04,  1.22it/s]Loading checkpoint shards:  50%|█████     | 4/8 [00:03<00:03,  1.19it/s]Loading checkpoint shards:  62%|██████▎   | 5/8 [00:04<00:02,  1.21it/s]Loading checkpoint shards:  75%|███████▌  | 6/8 [00:04<00:01,  1.24it/s]Loading checkpoint shards:  88%|████████▊ | 7/8 [00:05<00:00,  1.27it/s]Loading checkpoint shards: 100%|██████████| 8/8 [00:06<00:00,  1.57it/s]Loading checkpoint shards: 100%|██████████| 8/8 [00:06<00:00,  1.33it/s]
2026-03-27 05:26:00,673 INFO longbench_official_benchmark: config=delta_int2_k4_unigram_int4 task=narrativeqa progress=10/200
2026-03-27 05:27:56,671 INFO longbench_official_benchmark: config=delta_int2_k4_unigram_int4 task=narrativeqa progress=20/200
2026-03-27 05:30:46,826 INFO longbench_official_benchmark: config=delta_int2_k4_unigram_int4 task=narrativeqa progress=30/200
2026-03-27 05:33:06,717 INFO longbench_official_benchmark: config=delta_int2_k4_unigram_int4 task=narrativeqa progress=40/200
2026-03-27 05:35:45,214 INFO longbench_official_benchmark: config=delta_int2_k4_unigram_int4 task=narrativeqa progress=50/200
2026-03-27 05:38:52,831 INFO longbench_official_benchmark: config=delta_int2_k4_unigram_int4 task=narrativeqa progress=60/200
2026-03-27 05:40:51,648 INFO longbench_official_benchmark: config=delta_int2_k4_unigram_int4 task=narrativeqa progress=70/200
2026-03-27 05:43:13,775 INFO longbench_official_benchmark: config=delta_int2_k4_unigram_int4 task=narrativeqa progress=80/200
2026-03-27 05:45:44,609 INFO longbench_official_benchmark: config=delta_int2_k4_unigram_int4 task=narrativeqa progress=90/200
2026-03-27 05:47:53,930 INFO longbench_official_benchmark: config=delta_int2_k4_unigram_int4 task=narrativeqa progress=100/200
2026-03-27 05:50:40,381 INFO longbench_official_benchmark: config=delta_int2_k4_unigram_int4 task=narrativeqa progress=110/200
2026-03-27 05:53:37,099 INFO longbench_official_benchmark: config=delta_int2_k4_unigram_int4 task=narrativeqa progress=120/200
2026-03-27 05:56:19,946 INFO longbench_official_benchmark: config=delta_int2_k4_unigram_int4 task=narrativeqa progress=130/200
2026-03-27 05:58:22,673 INFO longbench_official_benchmark: config=delta_int2_k4_unigram_int4 task=narrativeqa progress=140/200
2026-03-27 06:00:32,243 INFO longbench_official_benchmark: config=delta_int2_k4_unigram_int4 task=narrativeqa progress=150/200
2026-03-27 06:02:58,414 INFO longbench_official_benchmark: config=delta_int2_k4_unigram_int4 task=narrativeqa progress=160/200
2026-03-27 06:05:06,592 INFO longbench_official_benchmark: config=delta_int2_k4_unigram_int4 task=narrativeqa progress=170/200
2026-03-27 06:07:24,781 INFO longbench_official_benchmark: config=delta_int2_k4_unigram_int4 task=narrativeqa progress=180/200
2026-03-27 06:09:30,763 INFO longbench_official_benchmark: config=delta_int2_k4_unigram_int4 task=narrativeqa progress=190/200
2026-03-27 06:12:11,474 INFO longbench_official_benchmark: config=delta_int2_k4_unigram_int4 task=narrativeqa progress=200/200
/usr/local/lib/python3.10/dist-packages/fuzzywuzzy/fuzz.py:11: UserWarning: Using slow pure-python SequenceMatcher. Install python-Levenshtein to remove this warning
  warnings.warn('Using slow pure-python SequenceMatcher. Install python-Levenshtein to remove this warning')
Evaluating on: ['narrativeqa.jsonl']
2026-03-27 06:12:11,704 INFO longbench_official_benchmark: task completed config=delta_int2_k4_unigram_int4 task=narrativeqa score=16.25 samples=200 summary=/root/ActivationPerturbationAnalysis/official_longbench/LongBench/pred/qwen14b_cpuonly_narrativeqa_rerun_20260327_delta_int2_k4_unigram_int4/task_results.json
2026-03-27 06:12:11,704 INFO longbench_official_benchmark: Official eval completed for qwen14b_cpuonly_narrativeqa_rerun_20260327_delta_int2_k4_unigram_int4
