/usr/local/lib/python3.10/dist-packages/torch/cuda/__init__.py:61: FutureWarning: The pynvml package is deprecated. Please install nvidia-ml-py instead. If you did not install pynvml directly, please report this to the maintainers of the package that installed pynvml for you.
  import pynvml  # type: ignore[import]
Sliding Window Attention is enabled but not implemented for `sdpa`; unexpected results may be encountered.
Loading checkpoint shards:   0%|          | 0/8 [00:00<?, ?it/s]Loading checkpoint shards:  12%|█▎        | 1/8 [00:01<00:09,  1.42s/it]Loading checkpoint shards:  25%|██▌       | 2/8 [00:02<00:06,  1.10s/it]Loading checkpoint shards:  38%|███▊      | 3/8 [00:03<00:04,  1.00it/s]Loading checkpoint shards:  50%|█████     | 4/8 [00:04<00:03,  1.06it/s]Loading checkpoint shards:  62%|██████▎   | 5/8 [00:04<00:02,  1.06it/s]Loading checkpoint shards:  75%|███████▌  | 6/8 [00:05<00:01,  1.09it/s]Loading checkpoint shards:  88%|████████▊ | 7/8 [00:06<00:00,  1.11it/s]Loading checkpoint shards: 100%|██████████| 8/8 [00:07<00:00,  1.14it/s]Loading checkpoint shards: 100%|██████████| 8/8 [00:07<00:00,  1.06it/s]
2026-03-27 06:15:53,598 INFO longbench_official_benchmark: config=delta_int2_k4_entropy_unigram_int4 task=narrativeqa progress=10/200
2026-03-27 06:17:46,738 INFO longbench_official_benchmark: config=delta_int2_k4_entropy_unigram_int4 task=narrativeqa progress=20/200
2026-03-27 06:20:34,795 INFO longbench_official_benchmark: config=delta_int2_k4_entropy_unigram_int4 task=narrativeqa progress=30/200
2026-03-27 06:22:54,518 INFO longbench_official_benchmark: config=delta_int2_k4_entropy_unigram_int4 task=narrativeqa progress=40/200
2026-03-27 06:25:32,936 INFO longbench_official_benchmark: config=delta_int2_k4_entropy_unigram_int4 task=narrativeqa progress=50/200
2026-03-27 06:28:42,185 INFO longbench_official_benchmark: config=delta_int2_k4_entropy_unigram_int4 task=narrativeqa progress=60/200
2026-03-27 06:30:39,725 INFO longbench_official_benchmark: config=delta_int2_k4_entropy_unigram_int4 task=narrativeqa progress=70/200
2026-03-27 06:33:00,777 INFO longbench_official_benchmark: config=delta_int2_k4_entropy_unigram_int4 task=narrativeqa progress=80/200
2026-03-27 06:35:30,889 INFO longbench_official_benchmark: config=delta_int2_k4_entropy_unigram_int4 task=narrativeqa progress=90/200
2026-03-27 06:37:39,390 INFO longbench_official_benchmark: config=delta_int2_k4_entropy_unigram_int4 task=narrativeqa progress=100/200
2026-03-27 06:40:34,096 INFO longbench_official_benchmark: config=delta_int2_k4_entropy_unigram_int4 task=narrativeqa progress=110/200
2026-03-27 06:43:30,749 INFO longbench_official_benchmark: config=delta_int2_k4_entropy_unigram_int4 task=narrativeqa progress=120/200
2026-03-27 06:46:13,225 INFO longbench_official_benchmark: config=delta_int2_k4_entropy_unigram_int4 task=narrativeqa progress=130/200
2026-03-27 06:48:14,091 INFO longbench_official_benchmark: config=delta_int2_k4_entropy_unigram_int4 task=narrativeqa progress=140/200
2026-03-27 06:50:23,192 INFO longbench_official_benchmark: config=delta_int2_k4_entropy_unigram_int4 task=narrativeqa progress=150/200
2026-03-27 06:52:47,470 INFO longbench_official_benchmark: config=delta_int2_k4_entropy_unigram_int4 task=narrativeqa progress=160/200
2026-03-27 06:54:55,963 INFO longbench_official_benchmark: config=delta_int2_k4_entropy_unigram_int4 task=narrativeqa progress=170/200
2026-03-27 06:57:10,430 INFO longbench_official_benchmark: config=delta_int2_k4_entropy_unigram_int4 task=narrativeqa progress=180/200
2026-03-27 06:59:12,228 INFO longbench_official_benchmark: config=delta_int2_k4_entropy_unigram_int4 task=narrativeqa progress=190/200
2026-03-27 07:01:52,523 INFO longbench_official_benchmark: config=delta_int2_k4_entropy_unigram_int4 task=narrativeqa progress=200/200
/usr/local/lib/python3.10/dist-packages/fuzzywuzzy/fuzz.py:11: UserWarning: Using slow pure-python SequenceMatcher. Install python-Levenshtein to remove this warning
  warnings.warn('Using slow pure-python SequenceMatcher. Install python-Levenshtein to remove this warning')
Evaluating on: ['narrativeqa.jsonl']
2026-03-27 07:01:52,757 INFO longbench_official_benchmark: task completed config=delta_int2_k4_entropy_unigram_int4 task=narrativeqa score=16.31 samples=200 summary=/root/ActivationPerturbationAnalysis/official_longbench/LongBench/pred/qwen14b_cpuonly_narrativeqa_rerun_20260327_delta_int2_k4_entropy_unigram_int4/task_results.json
2026-03-27 07:01:52,757 INFO longbench_official_benchmark: Official eval completed for qwen14b_cpuonly_narrativeqa_rerun_20260327_delta_int2_k4_entropy_unigram_int4
